2026-07-03 13:45:33,128 - INFO - Starting API job scraper
2026-07-03 13:45:33,129 - INFO - Loaded 853 master facilities
2026-07-03 13:45:33,129 - INFO - Fetching jobs from API...
2026-07-03 13:45:41,957 - INFO - Total jobs found: 500
2026-07-03 13:45:41,998 - INFO - New job: Corrections Oversight Worker - Caroline County Jail - 660304 [UNVERIFIED: Caroline County Jail]
2026-07-03 13:45:42,022 - INFO - New job: Maintenance Worker - Oriana House - 662502 [UNVERIFIED: Oriana House]
2026-07-03 13:45:42,023 - INFO - New job: Customer Service Lead Coordinator - 662532 [No facility found]
2026-07-03 13:45:42,060 - INFO - New job: Food Service Worker Lead - Trumbull Correctional Institution - 662690 [VERIFIED: Trumbull Correctional Institution]
2026-07-03 13:45:42,093 - INFO - New job: Retail Sales Worker - Kenosha County Commissary - 663240 [UNVERIFIED: Kenosha County Commissary]
2026-07-03 13:45:42,145 - INFO - New job: Corrections Oversight Worker - Pulaski County Regional Detention Facility - 663275 [VERIFIED: South Florida Detention Facility]
2026-07-03 13:45:42,187 - INFO - New job: Food Service Worker Lead - Clinton County Correctional Facility - PA - 663282 [VERIFIED: Bent County Correctional Facility]
2026-07-03 13:45:42,229 - INFO - New job: Corrections Oversight Worker - Barren County Detention Center - 663349 [VERIFIED: Detroit Detention Center]
2026-07-03 13:45:42,260 - INFO - New job: Corrections Oversight Worker - Dauphin County Prison - 663460 [UNVERIFIED: Dauphin County Prison]
2026-07-03 13:45:52,998 - INFO - Added 9 new jobs
2026-07-03 13:45:52,999 - INFO - Fetching descriptions for 9 new jobs...
2026-07-03 13:45:54,220 - INFO - Updated description for 660304
2026-07-03 13:45:56,047 - INFO - Updated description for 662502
2026-07-03 13:45:57,804 - INFO - Updated description for 662532
2026-07-03 13:45:59,592 - INFO - Updated description for 662690
2026-07-03 13:46:01,306 - INFO - Updated description for 663240
2026-07-03 13:46:03,152 - INFO - Updated description for 663275
2026-07-03 13:46:04,893 - INFO - Updated description for 663282
2026-07-03 13:46:06,717 - INFO - Updated description for 663349
2026-07-03 13:46:08,535 - INFO - Updated description for 663460
2026-07-03 13:46:09,046 - INFO - 
=== SUMMARY ===
2026-07-03 13:46:09,046 - INFO - Total jobs in database: 2632
2026-07-03 13:46:09,046 - INFO - New jobs added: 9
2026-07-03 13:46:09,046 - INFO - Descriptions updated: 9
2026-07-03 13:46:09,046 - INFO - Verified facilities: 139
2026-07-03 13:46:09,046 - INFO - Unverified facilities: 410
2026-07-03 13:46:09,046 - INFO - Log saved to: logs/api_scraper_20260703_134533.log
2026-07-03 13:46:09,268 - INFO - Exported 2632 jobs to jobs.csv
