2026-03-19 12:43:16,702 - INFO - Starting API job scraper
2026-03-19 12:43:16,702 - INFO - Loaded 853 master facilities
2026-03-19 12:43:16,702 - INFO - Fetching jobs from API...
2026-03-19 12:43:21,444 - INFO - Total jobs found: 500
2026-03-19 12:43:21,498 - INFO - New job: Corrections Oversight Worker - St. Lucie County Jail - 642226 [UNVERIFIED: St. Lucie County Jail]
2026-03-19 12:43:21,499 - INFO - New job: Food Service Manager - 642497 [No facility found]
2026-03-19 12:43:21,535 - INFO - New job: Food Service Worker Lead - Winnebago County Jail WI - 642521 [UNVERIFIED: Winnebago County Jail WI]
2026-03-19 12:43:21,566 - INFO - New job: Food Service Worker - Pottawattamie County - 642526 [UNVERIFIED: Pottawattamie County]
2026-03-19 12:43:21,597 - INFO - New job: Cook - Pottawattamie County - 642528 [UNVERIFIED: Pottawattamie County]
2026-03-19 12:43:21,627 - INFO - New job: Cook - Pottawattamie County - 642531 [UNVERIFIED: Pottawattamie County]
2026-03-19 12:43:21,663 - INFO - New job: Food Service Worker - Richmond City Justice Ctr - 642536 [UNVERIFIED: Richmond City Justice Ctr]
2026-03-19 12:43:21,694 - INFO - New job: Food Service Worker - Santa Ana City Jail - 642658 [UNVERIFIED: Santa Ana City Jail]
2026-03-19 12:43:21,694 - INFO - New job: Food Service Manager - 642666 [No facility found]
2026-03-19 12:43:21,737 - INFO - New job: Warehouse Worker - Mecklenburg County Commissary - 642692 [UNVERIFIED: Mecklenburg County Commissary]
2026-03-19 12:43:21,769 - INFO - New job: Corrections Oversight Worker - Cumberland County Jail - 642699 [UNVERIFIED: Cumberland County Jail]
2026-03-19 12:43:21,769 - INFO - New job: Corrections Oversight Worker - 642747 [No facility found]
2026-03-19 12:43:21,806 - INFO - New job: Food Service Worker - Chillicothe Correctional Center - 642748 [VERIFIED: Chillicothe Correctional Center]
2026-03-19 12:43:21,843 - INFO - New job: Food Service Worker Lead - Chillicothe Correctional Center - 642751 [VERIFIED: Chillicothe Correctional Center]
2026-03-19 12:43:21,871 - INFO - New job: Food Service Worker Lead - Multnomah/Inverness - 642784 [UNVERIFIED: Multnomah/Inverness]
2026-03-19 12:43:21,903 - INFO - New job: Cook - Westchester County D.O.C. - 642797 [UNVERIFIED: Westchester County D.O.C.]
2026-03-19 12:43:21,924 - INFO - New job: Cook Supervisor - Putnam - CI - (214) - 642801 [UNVERIFIED: Putnam - CI]
2026-03-19 12:43:32,366 - INFO - Added 17 new jobs
2026-03-19 12:43:32,366 - INFO - Fetching descriptions for 17 new jobs...
2026-03-19 12:43:33,612 - INFO - Updated description for 642226
2026-03-19 12:43:35,355 - INFO - Updated description for 642497
2026-03-19 12:43:37,084 - INFO - Updated description for 642521
2026-03-19 12:43:38,843 - INFO - Updated description for 642526
2026-03-19 12:43:40,623 - INFO - Updated description for 642528
2026-03-19 12:43:42,523 - INFO - Updated description for 642531
2026-03-19 12:43:44,360 - INFO - Updated description for 642536
2026-03-19 12:43:46,175 - INFO - Updated description for 642658
2026-03-19 12:43:47,816 - INFO - Updated description for 642666
2026-03-19 12:43:49,513 - INFO - Updated description for 642692
2026-03-19 12:43:51,315 - INFO - Updated description for 642699
2026-03-19 12:43:53,187 - INFO - Updated description for 642747
2026-03-19 12:43:54,923 - INFO - Updated description for 642748
2026-03-19 12:43:56,682 - INFO - Updated description for 642751
2026-03-19 12:43:58,432 - INFO - Updated description for 642784
2026-03-19 12:44:00,100 - INFO - Updated description for 642797
2026-03-19 12:44:02,015 - INFO - Updated description for 642801
2026-03-19 12:44:02,523 - INFO - 
=== SUMMARY ===
2026-03-19 12:44:02,523 - INFO - Total jobs in database: 1688
2026-03-19 12:44:02,523 - INFO - New jobs added: 17
2026-03-19 12:44:02,523 - INFO - Descriptions updated: 17
2026-03-19 12:44:02,523 - INFO - Verified facilities: 128
2026-03-19 12:44:02,523 - INFO - Unverified facilities: 351
2026-03-19 12:44:02,524 - INFO - Log saved to: logs/api_scraper_20260319_124316.log
2026-03-19 12:44:02,666 - INFO - Exported 1688 jobs to jobs.csv
