2026-06-25 14:07:48,489 - INFO - Starting API job scraper
2026-06-25 14:07:48,489 - INFO - Loaded 853 master facilities
2026-06-25 14:07:48,489 - INFO - Fetching jobs from API...
2026-06-25 14:07:53,704 - INFO - Total jobs found: 500
2026-06-25 14:07:53,706 - INFO - New job: Food Service Director - 659712 [No facility found]
2026-06-25 14:07:53,706 - INFO - New job: Commissary Director - 659981 [No facility found]
2026-06-25 14:07:53,814 - INFO - New job: Corrections Oversight Worker - Washington County Detention Center - 660805 [VERIFIED: Washington Corrections Center]
2026-06-25 14:07:53,814 - INFO - New job: Food Service Manager - 660910 [No facility found]
2026-06-25 14:07:53,842 - INFO - New job: Food Service Supervisor - ALDOC - Childersburg - 661206 [UNVERIFIED: ALDOC - Childersburg]
2026-06-25 14:07:53,842 - INFO - New job: Food Service Worker - 661249 [No facility found]
2026-06-25 14:07:53,884 - INFO - New job: Corrections Oversight Worker - Transition Center of St. Louis - 661305 [VERIFIED: Transition Center of Saint Louis]
2026-06-25 14:07:53,909 - INFO - New job: Corrections Oversight Worker - Avon Park - CI - (503) - 661374 [UNVERIFIED: Avon Park - CI]
2026-06-25 14:07:53,932 - INFO - New job: Corrections Oversight Worker - Avon Park - WC - (504) - 661377 [UNVERIFIED: Avon Park - WC]
2026-06-25 14:07:53,961 - INFO - New job: Food Service Worker - Warren County, OH - 661425 [UNVERIFIED: Warren County, OH]
2026-06-25 14:07:53,995 - INFO - New job: Corrections Oversight Worker - Lowell - CI/Annex/WC - (314/367/316) - 661526 [VERIFIED: Lowell Annex]
2026-06-25 14:08:05,407 - INFO - Added 11 new jobs
2026-06-25 14:08:05,407 - INFO - Fetching descriptions for 11 new jobs...
2026-06-25 14:08:06,590 - INFO - Updated description for 659712
2026-06-25 14:08:08,378 - INFO - Updated description for 659981
2026-06-25 14:08:09,995 - INFO - Updated description for 660805
2026-06-25 14:08:11,726 - INFO - Updated description for 660910
2026-06-25 14:08:13,610 - INFO - Updated description for 661206
2026-06-25 14:08:15,292 - INFO - Updated description for 661249
2026-06-25 14:08:17,170 - INFO - Updated description for 661305
2026-06-25 14:08:18,916 - INFO - Updated description for 661374
2026-06-25 14:08:20,647 - INFO - Updated description for 661377
2026-06-25 14:08:22,432 - INFO - Updated description for 661425
2026-06-25 14:08:24,096 - INFO - Updated description for 661526
2026-06-25 14:08:24,606 - INFO - 
=== SUMMARY ===
2026-06-25 14:08:24,606 - INFO - Total jobs in database: 2571
2026-06-25 14:08:24,606 - INFO - New jobs added: 11
2026-06-25 14:08:24,606 - INFO - Descriptions updated: 11
2026-06-25 14:08:24,606 - INFO - Verified facilities: 139
2026-06-25 14:08:24,606 - INFO - Unverified facilities: 409
2026-06-25 14:08:24,606 - INFO - Log saved to: logs/api_scraper_20260625_140748.log
2026-06-25 14:08:24,821 - INFO - Exported 2571 jobs to jobs.csv
