2026-05-29 14:44:10,549 - INFO - Starting API job scraper
2026-05-29 14:44:10,549 - INFO - Loaded 853 master facilities
2026-05-29 14:44:10,549 - INFO - Fetching jobs from API...
2026-05-29 14:44:12,967 - INFO - Total jobs found: 500
2026-05-29 14:44:13,032 - INFO - New job: Cook - Harris Center for Mental Health - 419 - 655359 [UNVERIFIED: Harris Center for Mental Health - 419]
2026-05-29 14:44:13,073 - INFO - New job: Corrections Oversight Worker - Southern Ohio Correctional Facility - 655394 [VERIFIED: Southern Ohio Correctional Facility]
2026-05-29 14:44:13,103 - INFO - New job: Food Service Worker - Multnomah/Inverness - 654883 [UNVERIFIED: Multnomah/Inverness]
2026-05-29 14:44:13,139 - INFO - New job: Kitchen Supervisor - CFRC - Main/East/South - (320/321/323) - 655414 [UNVERIFIED: CFRC - Main/East/South]
2026-05-29 14:44:13,203 - INFO - New job: Corrections Oversight Worker - Women's Eastern Reception, Diagnostic and Correctional Center - 655466 [UNVERIFIED: Women's Eastern Reception, Diagnostic and Correctional Center]
2026-05-29 14:44:13,267 - INFO - New job: Food Service Worker Lead - Women's Eastern Reception, Diagnostic and Correctional Center - 655470 [UNVERIFIED: Women's Eastern Reception, Diagnostic and Correctional Center]
2026-05-29 14:44:13,268 - INFO - New job: Retail IN2WORK Manager - 655482 [No facility found]
2026-05-29 14:44:13,268 - INFO - New job: Food Service Worker Lead - 655483 [No facility found]
2026-05-29 14:44:13,303 - INFO - New job: Corrections Oversight Worker - OKDOC - Howard McLeod - 655484 [UNVERIFIED: OKDOC - Howard McLeod]
2026-05-29 14:44:13,304 - INFO - New job: Food Service Worker Lead - 655485 [No facility found]
2026-05-29 14:44:13,304 - INFO - New job: Corrections Oversight Worker - 655489 [No facility found]
2026-05-29 14:44:13,304 - INFO - New job: Food Service Worker Lead - 655494 [No facility found]
2026-05-29 14:44:13,304 - INFO - New job: Corrections Oversight Worker - 655495 [No facility found]
2026-05-29 14:44:13,332 - INFO - New job: Food Service Worker Lead - OKDOC - Red Rock - 655502 [UNVERIFIED: OKDOC - Red Rock]
2026-05-29 14:44:13,361 - INFO - New job: Corrections Oversight Worker - OKDOC - Red Rock - 655503 [UNVERIFIED: OKDOC - Red Rock]
2026-05-29 14:44:13,411 - INFO - New job: Food Service Worker Lead - OKDOC - Charles E. "Bill" Johnson - 655505 [UNVERIFIED: OKDOC - Charles E. "Bill" Johnson]
2026-05-29 14:44:13,459 - INFO - New job: Corrections Oversight Worker - OKDOC - Charles E. "Bill" Johnson - 655506 [UNVERIFIED: OKDOC - Charles E. "Bill" Johnson]
2026-05-29 14:44:13,492 - INFO - New job: Food Service Worker Lead - OKDOC - James Crabtree - 655510 [UNVERIFIED: OKDOC - James Crabtree]
2026-05-29 14:44:13,526 - INFO - New job: Corrections Oversight Worker - OKDOC - James Crabtree - 655511 [UNVERIFIED: OKDOC - James Crabtree]
2026-05-29 14:44:13,552 - INFO - New job: Food Service Worker Lead - OKDOC - Lawton - 655513 [UNVERIFIED: OKDOC - Lawton]
2026-05-29 14:44:13,577 - INFO - New job: Corrections Oversight Worker - OKDOC - Lawton - 655514 [UNVERIFIED: OKDOC - Lawton]
2026-05-29 14:44:13,603 - INFO - New job: Food Service Worker Lead - OKDOC - Enid - 655518 [UNVERIFIED: OKDOC - Enid]
2026-05-29 14:44:13,628 - INFO - New job: Corrections Oversight Worker - OKDOC - Enid - 655519 [UNVERIFIED: OKDOC - Enid]
2026-05-29 14:44:13,660 - INFO - New job: Food Service Worker Lead - OKDOC - John Lilley - 655522 [UNVERIFIED: OKDOC - John Lilley]
2026-05-29 14:44:13,692 - INFO - New job: Corrections Oversight Worker - OKDOC - John Lilley - 655523 [UNVERIFIED: OKDOC - John Lilley]
2026-05-29 14:44:13,692 - INFO - New job: Food Service Director - 654556 [No facility found]
2026-05-29 14:44:13,693 - INFO - New job: Food Service Director - 654557 [No facility found]
2026-05-29 14:44:13,720 - INFO - New job: Food Service Supervisor - St. Mary's County - 655222 [UNVERIFIED: St. Mary's County]
2026-05-29 14:44:13,720 - INFO - New job: Cook Supervisor - 652650 [No facility found]
2026-05-29 14:44:13,756 - INFO - New job: Corrections Food Service Worker - St. Mary's Correctional Center - 655295 [VERIFIED: St. Marys Correctional Center]
2026-05-29 14:44:13,788 - INFO - New job: Warehouse Worker Lead - Dona Ana (Facilities) - 655296 [UNVERIFIED: Dona Ana (Facilities)]
2026-05-29 14:44:24,834 - INFO - Added 31 new jobs
2026-05-29 14:44:24,835 - INFO - Fetching descriptions for 31 new jobs...
2026-05-29 14:44:26,055 - INFO - Updated description for 655359
2026-05-29 14:44:27,989 - INFO - Updated description for 655394
2026-05-29 14:44:29,625 - INFO - Updated description for 654883
2026-05-29 14:44:31,236 - INFO - Updated description for 655414
2026-05-29 14:44:33,026 - INFO - Updated description for 655466
2026-05-29 14:44:34,766 - INFO - Updated description for 655470
2026-05-29 14:44:36,430 - INFO - Updated description for 655482
2026-05-29 14:44:38,165 - INFO - Updated description for 655483
2026-05-29 14:44:39,898 - INFO - Updated description for 655484
2026-05-29 14:44:41,523 - INFO - Updated description for 655485
2026-05-29 14:44:43,247 - INFO - Updated description for 655489
2026-05-29 14:44:44,949 - INFO - Updated description for 655494
2026-05-29 14:44:46,572 - INFO - Updated description for 655495
2026-05-29 14:44:48,264 - INFO - Updated description for 655502
2026-05-29 14:44:49,869 - INFO - Updated description for 655503
2026-05-29 14:44:51,716 - INFO - Updated description for 655505
2026-05-29 14:44:53,315 - INFO - Updated description for 655506
2026-05-29 14:44:55,851 - INFO - Updated description for 655510
2026-05-29 14:44:57,438 - INFO - Updated description for 655511
2026-05-29 14:44:59,096 - INFO - Updated description for 655513
2026-05-29 14:45:00,742 - INFO - Updated description for 655514
2026-05-29 14:45:02,336 - INFO - Updated description for 655518
2026-05-29 14:45:03,943 - INFO - Updated description for 655519
2026-05-29 14:45:05,690 - INFO - Updated description for 655522
2026-05-29 14:45:07,303 - INFO - Updated description for 655523
2026-05-29 14:45:08,904 - INFO - Updated description for 654556
2026-05-29 14:45:10,543 - INFO - Updated description for 654557
2026-05-29 14:45:12,190 - INFO - Updated description for 655222
2026-05-29 14:45:14,119 - INFO - Updated description for 652650
2026-05-29 14:45:15,715 - INFO - Updated description for 655295
2026-05-29 14:45:17,343 - INFO - Updated description for 655296
2026-05-29 14:45:17,851 - INFO - 
=== SUMMARY ===
2026-05-29 14:45:17,851 - INFO - Total jobs in database: 2337
2026-05-29 14:45:17,851 - INFO - New jobs added: 31
2026-05-29 14:45:17,851 - INFO - Descriptions updated: 31
2026-05-29 14:45:17,852 - INFO - Verified facilities: 139
2026-05-29 14:45:17,852 - INFO - Unverified facilities: 392
2026-05-29 14:45:17,852 - INFO - Log saved to: logs/api_scraper_20260529_144410.log
2026-05-29 14:45:18,046 - INFO - Exported 2337 jobs to jobs.csv
