2026-05-05 13:19:58,098 - INFO - Starting API job scraper
2026-05-05 13:19:58,098 - INFO - Loaded 853 master facilities
2026-05-05 13:19:58,098 - INFO - Fetching jobs from API...
2026-05-05 13:20:00,638 - INFO - Total jobs found: 500
2026-05-05 13:20:00,691 - INFO - New job: Food Service Worker - Marinette County Jail - 651241 [UNVERIFIED: Marinette County Jail]
2026-05-05 13:20:00,716 - INFO - New job: Corrections Oversight Worker - Boone County Jail - 651244 [UNVERIFIED: Boone County Jail]
2026-05-05 13:20:00,754 - INFO - New job: Commissary Worker - USG - USCS - WEST VIRGINIA - 651272 [UNVERIFIED: USG - USCS - WEST VIRGINIA]
2026-05-05 13:20:00,755 - INFO - New job: Warehouse Manager Sr - 651278 [No facility found]
2026-05-05 13:20:00,781 - INFO - New job: Cook - Ulster County Jail - 651302 [UNVERIFIED: Ulster County Jail]
2026-05-05 13:20:12,123 - INFO - Added 5 new jobs
2026-05-05 13:20:12,123 - INFO - Fetching descriptions for 5 new jobs...
2026-05-05 13:20:13,355 - INFO - Updated description for 651241
2026-05-05 13:20:15,088 - INFO - Updated description for 651244
2026-05-05 13:20:17,041 - INFO - Updated description for 651272
2026-05-05 13:20:18,913 - INFO - Updated description for 651278
2026-05-05 13:20:20,912 - INFO - Updated description for 651302
2026-05-05 13:20:21,505 - INFO - 
=== SUMMARY ===
2026-05-05 13:20:21,505 - INFO - Total jobs in database: 2096
2026-05-05 13:20:21,505 - INFO - New jobs added: 5
2026-05-05 13:20:21,505 - INFO - Descriptions updated: 5
2026-05-05 13:20:21,505 - INFO - Verified facilities: 136
2026-05-05 13:20:21,505 - INFO - Unverified facilities: 373
2026-05-05 13:20:21,505 - INFO - Log saved to: logs/api_scraper_20260505_131958.log
2026-05-05 13:20:21,690 - INFO - Exported 2096 jobs to jobs.csv
