2026-06-27 13:15:09,572 - INFO - Starting API job scraper
2026-06-27 13:15:09,572 - INFO - Loaded 853 master facilities
2026-06-27 13:15:09,572 - INFO - Fetching jobs from API...
2026-06-27 13:15:11,395 - INFO - Total jobs found: 500
2026-06-27 13:15:11,449 - INFO - New job: Food Service Worker Lead - Pinal County Jail - 661058 [UNVERIFIED: Pinal County Jail]
2026-06-27 13:15:11,485 - INFO - New job: Corrections Oversight Worker - Northeast Correctional Center - 661954 [VERIFIED: Northeast Correctional Center]
2026-06-27 13:15:11,501 - INFO - New job: District Manager - Corrections - 661958 [UNVERIFIED: Corrections]
2026-06-27 13:15:11,530 - INFO - New job: Lead Cook - Iredell County Jail - 661965 [UNVERIFIED: Iredell County Jail]
2026-06-27 13:15:11,552 - INFO - New job: Corrections Oversight Worker - Lorain CBCF - 661974 [UNVERIFIED: Lorain CBCF]
2026-06-27 13:15:11,591 - INFO - New job: Corrections Oversight Worker - Mansfield Correctional Institution - 662009 [VERIFIED: Mansfield Correctional Institution]
2026-06-27 13:15:11,618 - INFO - New job: Cook Supervisor - St. Mary's County - 662114 [UNVERIFIED: St. Mary's County]
2026-06-27 13:15:22,927 - INFO - Added 7 new jobs
2026-06-27 13:15:22,927 - INFO - Fetching descriptions for 7 new jobs...
2026-06-27 13:15:24,325 - INFO - Updated description for 661058
2026-06-27 13:15:26,202 - INFO - Updated description for 661954
2026-06-27 13:15:27,996 - INFO - Updated description for 661958
2026-06-27 13:15:29,712 - INFO - Updated description for 661965
2026-06-27 13:15:31,463 - INFO - Updated description for 661974
2026-06-27 13:15:33,463 - INFO - Updated description for 662009
2026-06-27 13:15:35,196 - INFO - Updated description for 662114
2026-06-27 13:15:35,705 - INFO - 
=== SUMMARY ===
2026-06-27 13:15:35,705 - INFO - Total jobs in database: 2595
2026-06-27 13:15:35,705 - INFO - New jobs added: 7
2026-06-27 13:15:35,705 - INFO - Descriptions updated: 7
2026-06-27 13:15:35,705 - INFO - Verified facilities: 139
2026-06-27 13:15:35,705 - INFO - Unverified facilities: 410
2026-06-27 13:15:35,705 - INFO - Log saved to: logs/api_scraper_20260627_131509.log
2026-06-27 13:15:35,923 - INFO - Exported 2595 jobs to jobs.csv
