2026-07-02 13:41:12,401 - INFO - Starting API job scraper
2026-07-02 13:41:12,401 - INFO - Loaded 853 master facilities
2026-07-02 13:41:12,401 - INFO - Fetching jobs from API...
2026-07-02 13:41:17,146 - INFO - Total jobs found: 500
2026-07-02 13:41:17,180 - INFO - New job: Commissary Supervisor - USG - USCS - KANSAS - 659495 [UNVERIFIED: USG - USCS - KANSAS]
2026-07-02 13:41:17,202 - INFO - New job: Cook Supervisor - Hamilton County Jail - 663178 [UNVERIFIED: Hamilton County Jail]
2026-07-02 13:41:17,228 - INFO - New job: Commissary Worker - Iredell County Commissary - 662845 [UNVERIFIED: Iredell County Commissary]
2026-07-02 13:41:17,259 - INFO - New job: Corrections Oversight Worker - Wayne County Detention Ctr - 662870 [UNVERIFIED: Wayne County Detention Ctr]
2026-07-02 13:41:17,260 - INFO - New job: Food Service Manager - 662930 [No facility found]
2026-07-02 13:41:17,296 - INFO - New job: Food Service Supervisor - Arlington County Detention Ctr - 663077 [UNVERIFIED: Arlington County Detention Ctr]
2026-07-02 13:41:17,297 - INFO - New job: Accountant - 662302 [No facility found]
2026-07-02 13:41:26,128 - INFO - Added 7 new jobs
2026-07-02 13:41:26,128 - INFO - Fetching descriptions for 7 new jobs...
2026-07-02 13:41:27,325 - INFO - Updated description for 659495
2026-07-02 13:41:28,924 - INFO - Updated description for 663178
2026-07-02 13:41:30,665 - INFO - Updated description for 662845
2026-07-02 13:41:32,297 - INFO - Updated description for 662870
2026-07-02 13:41:33,947 - INFO - Updated description for 662930
2026-07-02 13:41:35,517 - INFO - Updated description for 663077
2026-07-02 13:41:37,192 - INFO - Updated description for 662302
2026-07-02 13:41:37,732 - INFO - 
=== SUMMARY ===
2026-07-02 13:41:37,732 - INFO - Total jobs in database: 2623
2026-07-02 13:41:37,732 - INFO - New jobs added: 7
2026-07-02 13:41:37,732 - INFO - Descriptions updated: 7
2026-07-02 13:41:37,732 - INFO - Verified facilities: 139
2026-07-02 13:41:37,733 - INFO - Unverified facilities: 410
2026-07-02 13:41:37,733 - INFO - Log saved to: logs/api_scraper_20260702_134112.log
2026-07-02 13:41:37,920 - INFO - Exported 2623 jobs to jobs.csv
