2026-02-17 12:43:17,232 - INFO - Starting API job scraper
2026-02-17 12:43:17,232 - INFO - Loaded 853 master facilities
2026-02-17 12:43:17,232 - INFO - Fetching jobs from API...
2026-02-17 12:43:19,438 - INFO - Total jobs found: 500
2026-02-17 12:43:19,513 - INFO - New job: Corrections Oversight Worker - Jacksonville City Detention Center - 636515 [VERIFIED: Jacksonville Correctional Center]
2026-02-17 12:43:19,570 - INFO - New job: Food Service Worker - South Central Regional Jail and Correctional Facility - 636521 [VERIFIED: South Central Correctional Facility]
2026-02-17 12:43:19,604 - INFO - New job: Food Service Worker - Stevens Correctional Center - 636525 [VERIFIED: Stateville Correctional Center]
2026-02-17 12:43:19,604 - INFO - New job: Food Service Director - 636557 [No facility found]
2026-02-17 12:43:19,641 - INFO - New job: Corrections Oversight Worker - Volusia County Branch Jail - 636591 [UNVERIFIED: Volusia County Branch Jail]
2026-02-17 12:43:19,668 - INFO - New job: Corrections Oversight Worker - Harrison County MS - 636602 [UNVERIFIED: Harrison County MS]
2026-02-17 12:43:19,718 - INFO - New job: Driver I - Volunteers of America - Indiana - 636611 [UNVERIFIED: Volunteers of America - Indiana]
2026-02-17 12:43:19,753 - INFO - New job: Corrections Oversight Worker - Tipton Correctional Center - 636622 [VERIFIED: Tipton Correctional Center]
2026-02-17 12:43:19,786 - INFO - New job: Food Service Manager - Racine County Juvenile - 636650 [UNVERIFIED: Racine County Juvenile]
2026-02-17 12:43:19,831 - INFO - New job: Corrections Oversight Worker - Guilford County Juvenile Det Center - 636654 [UNVERIFIED: Guilford County Juvenile Det Center]
2026-02-17 12:43:19,859 - INFO - New job: Corrections Oversight Worker - El Dorado Correctional - 636713 [VERIFIED: El Dorado Correctional Facility]
2026-02-17 12:43:19,860 - INFO - New job: Food Service Manager - 636755 [No facility found]
2026-02-17 12:43:19,896 - INFO - New job: Corrections Oversight Worker - Madison Correctional Institution - 636243 [VERIFIED: Madison Correctional Institution]
2026-02-17 12:43:29,726 - INFO - Added 13 new jobs
2026-02-17 12:43:29,726 - INFO - Fetching descriptions for 13 new jobs...
2026-02-17 12:43:30,846 - INFO - Updated description for 636515
2026-02-17 12:43:32,441 - INFO - Updated description for 636521
2026-02-17 12:43:34,042 - INFO - Updated description for 636525
2026-02-17 12:43:35,700 - INFO - Updated description for 636557
2026-02-17 12:43:37,322 - INFO - Updated description for 636591
2026-02-17 12:43:38,952 - INFO - Updated description for 636602
2026-02-17 12:43:40,538 - INFO - Updated description for 636611
2026-02-17 12:43:42,090 - INFO - Updated description for 636622
2026-02-17 12:43:43,767 - INFO - Updated description for 636650
2026-02-17 12:43:45,445 - INFO - Updated description for 636654
2026-02-17 12:43:47,021 - INFO - Updated description for 636713
2026-02-17 12:43:48,916 - INFO - Updated description for 636755
2026-02-17 12:43:50,476 - INFO - Updated description for 636243
2026-02-17 12:43:50,992 - INFO - 
=== SUMMARY ===
2026-02-17 12:43:50,992 - INFO - Total jobs in database: 1400
2026-02-17 12:43:50,992 - INFO - New jobs added: 13
2026-02-17 12:43:50,992 - INFO - Descriptions updated: 13
2026-02-17 12:43:50,992 - INFO - Verified facilities: 124
2026-02-17 12:43:50,992 - INFO - Unverified facilities: 329
2026-02-17 12:43:50,992 - INFO - Log saved to: logs/api_scraper_20260217_124317.log
2026-02-17 12:43:51,111 - INFO - Exported 1400 jobs to jobs.csv
