2026-07-14 13:13:42,187 - INFO - Starting API job scraper
2026-07-14 13:13:42,188 - INFO - Loaded 853 master facilities
2026-07-14 13:13:42,188 - INFO - Fetching jobs from API...
2026-07-14 13:13:45,109 - INFO - Total jobs found: 500
2026-07-14 13:13:45,164 - INFO - New job: Cook-Solano County Detention Center - 664691 [VERIFIED: Lea County Correctional Center]
2026-07-14 13:13:45,164 - INFO - New job: Food Service Director - 664994 [No facility found]
2026-07-14 13:13:45,164 - INFO - New job: Food Service Director - 665470 [No facility found]
2026-07-14 13:13:45,191 - INFO - New job: Food Service Worker Lead - Lucas County Juvenile Court - 665497 [UNVERIFIED: Lucas County Juvenile Court]
2026-07-14 13:13:45,214 - INFO - New job: Commissary Worker - USG - USCS - KENTUCKY - 665608 [UNVERIFIED: USG - USCS - KENTUCKY]
2026-07-14 13:13:45,260 - INFO - New job: Commissary Worker - South Correctional Entity - South Correctional Entity - Commissary - 665613 [UNVERIFIED: South Correctional Entity - South Correctional Entity - Commissary]
2026-07-14 13:13:45,260 - INFO - New job: Food Service Director - 665627 [No facility found]
2026-07-14 13:13:45,294 - INFO - New job: Commissary Supervisor - USG - USCS - WEST VIRGINIA - 665748 [UNVERIFIED: USG - USCS - WEST VIRGINIA]
2026-07-14 13:13:54,061 - INFO - Added 8 new jobs
2026-07-14 13:13:54,061 - INFO - Fetching descriptions for 8 new jobs...
2026-07-14 13:13:55,437 - INFO - Updated description for 664691
2026-07-14 13:13:57,312 - INFO - Updated description for 664994
2026-07-14 13:13:59,079 - INFO - Updated description for 665470
2026-07-14 13:14:00,810 - INFO - Updated description for 665497
2026-07-14 13:14:02,538 - INFO - Updated description for 665608
2026-07-14 13:14:04,281 - INFO - Updated description for 665613
2026-07-14 13:14:06,067 - INFO - Updated description for 665627
2026-07-14 13:14:07,751 - INFO - Updated description for 665748
2026-07-14 13:14:08,259 - INFO - 
=== SUMMARY ===
2026-07-14 13:14:08,259 - INFO - Total jobs in database: 2696
2026-07-14 13:14:08,259 - INFO - New jobs added: 8
2026-07-14 13:14:08,259 - INFO - Descriptions updated: 8
2026-07-14 13:14:08,259 - INFO - Verified facilities: 140
2026-07-14 13:14:08,259 - INFO - Unverified facilities: 414
2026-07-14 13:14:08,260 - INFO - Log saved to: logs/api_scraper_20260714_131342.log
2026-07-14 13:14:08,437 - INFO - Exported 2696 jobs to jobs.csv
