2026-04-11 12:38:49,649 - INFO - Starting API job scraper
2026-04-11 12:38:49,650 - INFO - Loaded 853 master facilities
2026-04-11 12:38:49,650 - INFO - Fetching jobs from API...
2026-04-11 12:38:53,403 - INFO - Total jobs found: 500
2026-04-11 12:38:53,404 - INFO - New job: Food Service Manager - 646217 [No facility found]
2026-04-11 12:38:53,404 - INFO - New job: Food Service Manager - 646721 [No facility found]
2026-04-11 12:38:53,404 - INFO - New job: Food Service Director - 646984 [No facility found]
2026-04-11 12:38:53,404 - INFO - New job: Regional Finance Director - 647087 [No facility found]
2026-04-11 12:38:53,449 - INFO - New job: Cook - Harris County Sheriff Food - 647117 [UNVERIFIED: Harris County Sheriff Food]
2026-04-11 12:38:53,512 - INFO - New job: Corrections Oversight Worker - Women's Eastern Reception, Diagnostic and Correctional Center - 647208 [UNVERIFIED: Women's Eastern Reception, Diagnostic and Correctional Center]
2026-04-11 12:38:53,512 - INFO - New job: Food Service Worker - 647210 [No facility found]
2026-04-11 12:38:53,512 - INFO - New job: General Manager I - 647220 [No facility found]
2026-04-11 12:38:53,592 - INFO - New job: Corrections Oversight Worker - Pasco County Jail - 647253 [UNVERIFIED: Pasco County Jail]
2026-04-11 12:38:53,624 - INFO - New job: Painter I - Dona Ana (Facilities) - 647306 [UNVERIFIED: Dona Ana (Facilities)]
2026-04-11 12:39:04,817 - INFO - Added 10 new jobs
2026-04-11 12:39:04,817 - INFO - Fetching descriptions for 10 new jobs...
2026-04-11 12:39:05,937 - INFO - Updated description for 646217
2026-04-11 12:39:07,531 - INFO - Updated description for 646721
2026-04-11 12:39:09,243 - INFO - Updated description for 646984
2026-04-11 12:39:11,144 - INFO - Updated description for 647087
2026-04-11 12:39:12,718 - INFO - Updated description for 647117
2026-04-11 12:39:14,408 - INFO - Updated description for 647208
2026-04-11 12:39:16,199 - INFO - Updated description for 647210
2026-04-11 12:39:17,879 - INFO - Updated description for 647220
2026-04-11 12:39:19,845 - INFO - Updated description for 647253
2026-04-11 12:39:21,460 - INFO - Updated description for 647306
2026-04-11 12:39:21,968 - INFO - 
=== SUMMARY ===
2026-04-11 12:39:21,969 - INFO - Total jobs in database: 1897
2026-04-11 12:39:21,969 - INFO - New jobs added: 10
2026-04-11 12:39:21,969 - INFO - Descriptions updated: 10
2026-04-11 12:39:21,969 - INFO - Verified facilities: 131
2026-04-11 12:39:21,969 - INFO - Unverified facilities: 360
2026-04-11 12:39:21,969 - INFO - Log saved to: logs/api_scraper_20260411_123849.log
2026-04-11 12:39:22,125 - INFO - Exported 1897 jobs to jobs.csv
