2026-07-21 13:19:56,380 - INFO - Starting API job scraper
2026-07-21 13:19:56,380 - INFO - Loaded 853 master facilities
2026-07-21 13:19:56,380 - INFO - Fetching jobs from API...
2026-07-21 13:19:58,969 - INFO - Total jobs found: 500
2026-07-21 13:19:59,002 - INFO - New job: Commissary Worker - USG - USCS - KENTUCKY - 664154 [UNVERIFIED: USG - USCS - KENTUCKY]
2026-07-21 13:19:59,053 - INFO - New job: Corrections Oversight Worker - Harrison County MS - 665422 [UNVERIFIED: Harrison County MS]
2026-07-21 13:19:59,054 - INFO - New job: Maintenance Worker - 665600 [No facility found]
2026-07-21 13:19:59,054 - INFO - New job: Corrections Oversight Worker - 666262 [No facility found]
2026-07-21 13:19:59,054 - INFO - New job: Food Service Manager - 667056 [No facility found]
2026-07-21 13:19:59,054 - INFO - New job: Food Service Worker - 667106 [No facility found]
2026-07-21 13:19:59,071 - INFO - New job: Food Service Worker Lead - Hardee - CI - (501) - 667177 [UNVERIFIED: Hardee - CI]
2026-07-21 13:19:59,093 - INFO - New job: Cook - Yellow Medicine - 667180 [UNVERIFIED: Yellow Medicine]
2026-07-21 13:19:59,120 - INFO - New job: Corrections Food Service Worker - St Clair County Jail (IL) - 667263 [UNVERIFIED: St Clair County Jail (IL)]
2026-07-21 13:19:59,139 - INFO - New job: Corrections Food Service Worker - Boone County Jail - 667265 [UNVERIFIED: Boone County Jail]
2026-07-21 13:19:59,167 - INFO - New job: Commissary Worker - San Bernardino Commissary - 667269 [UNVERIFIED: San Bernardino Commissary]
2026-07-21 13:19:59,168 - INFO - New job: Food Service Manager - 667293 [No facility found]
2026-07-21 13:19:59,168 - INFO - New job: Food Service Manager - 667313 [No facility found]
2026-07-21 13:19:59,168 - INFO - New job: Commissary Director - 667319 [No facility found]
2026-07-21 13:20:08,132 - INFO - Added 14 new jobs
2026-07-21 13:20:08,132 - INFO - Fetching descriptions for 14 new jobs...
2026-07-21 13:20:09,720 - INFO - Updated description for 664154
2026-07-21 13:20:11,487 - INFO - Updated description for 665422
2026-07-21 13:20:13,274 - INFO - Updated description for 665600
2026-07-21 13:20:15,115 - INFO - Updated description for 666262
2026-07-21 13:20:16,809 - INFO - Updated description for 667056
2026-07-21 13:20:18,573 - INFO - Updated description for 667106
2026-07-21 13:20:20,398 - INFO - Updated description for 667177
2026-07-21 13:20:22,424 - INFO - Updated description for 667180
2026-07-21 13:20:24,157 - INFO - Updated description for 667263
2026-07-21 13:20:26,154 - INFO - Updated description for 667265
2026-07-21 13:20:28,201 - INFO - Updated description for 667269
2026-07-21 13:20:29,955 - INFO - Updated description for 667293
2026-07-21 13:20:31,648 - INFO - Updated description for 667313
2026-07-21 13:20:33,438 - INFO - Updated description for 667319
2026-07-21 13:20:33,963 - INFO - 
=== SUMMARY ===
2026-07-21 13:20:33,963 - INFO - Total jobs in database: 2776
2026-07-21 13:20:33,963 - INFO - New jobs added: 14
2026-07-21 13:20:33,964 - INFO - Descriptions updated: 14
2026-07-21 13:20:33,964 - INFO - Verified facilities: 140
2026-07-21 13:20:33,964 - INFO - Unverified facilities: 418
2026-07-21 13:20:33,964 - INFO - Log saved to: logs/api_scraper_20260721_131956.log
2026-07-21 13:20:34,147 - INFO - Exported 2776 jobs to jobs.csv
