2026-06-04 14:39:33,823 - INFO - Starting API job scraper
2026-06-04 14:39:33,823 - INFO - Loaded 853 master facilities
2026-06-04 14:39:33,823 - INFO - Fetching jobs from API...
2026-06-04 14:39:36,638 - INFO - Total jobs found: 500
2026-06-04 14:39:36,681 - INFO - New job: Warehouse Worker Lead - Mecklenburg County Jail - 654308 [UNVERIFIED: Mecklenburg County Jail]
2026-06-04 14:39:36,681 - INFO - New job: Food Service Manager - 656065 [No facility found]
2026-06-04 14:39:36,681 - INFO - New job: Food Service Manager - 656551 [No facility found]
2026-06-04 14:39:36,743 - INFO - New job: Custodial Services Worker - Santa Rosa Criminal Justice Facility (Facilities) - 656678 [UNVERIFIED: Santa Rosa Criminal Justice Facility (Facilities)]
2026-06-04 14:39:36,775 - INFO - New job: Corrections Oversight Worker - Suwannee - CI/Annex - (230/231) - 656785 [UNVERIFIED: Suwannee - CI/Annex]
2026-06-04 14:39:36,810 - INFO - New job: Corrections Oversight Worker - Danville Jail-Juvenile - 656886 [UNVERIFIED: Danville Jail-Juvenile]
2026-06-04 14:39:47,866 - INFO - Added 6 new jobs
2026-06-04 14:39:47,866 - INFO - Fetching descriptions for 6 new jobs...
2026-06-04 14:39:49,184 - INFO - Updated description for 654308
2026-06-04 14:39:50,959 - INFO - Updated description for 656065
2026-06-04 14:39:52,685 - INFO - Updated description for 656551
2026-06-04 14:39:54,430 - INFO - Updated description for 656678
2026-06-04 14:39:56,137 - INFO - Updated description for 656785
2026-06-04 14:39:57,951 - INFO - Updated description for 656886
2026-06-04 14:39:58,461 - INFO - 
=== SUMMARY ===
2026-06-04 14:39:58,461 - INFO - Total jobs in database: 2389
2026-06-04 14:39:58,461 - INFO - New jobs added: 6
2026-06-04 14:39:58,461 - INFO - Descriptions updated: 6
2026-06-04 14:39:58,461 - INFO - Verified facilities: 139
2026-06-04 14:39:58,461 - INFO - Unverified facilities: 393
2026-06-04 14:39:58,461 - INFO - Log saved to: logs/api_scraper_20260604_143933.log
2026-06-04 14:39:58,680 - INFO - Exported 2389 jobs to jobs.csv
