2026-08-01 13:00:40,202 - INFO - Starting API job scraper
2026-08-01 13:00:40,203 - INFO - Loaded 853 master facilities
2026-08-01 13:00:40,203 - INFO - Fetching jobs from API...
2026-08-01 13:00:48,246 - INFO - Total jobs found: 100
2026-08-01 13:00:48,303 - INFO - New job: Corrections Oversight Worker - Essex County Correctional (MA) - 669796 [VERIFIED: Bledsoe County Correctional Complex]
2026-08-01 13:00:48,304 - INFO - New job: Food Service Manager - 669844 [No facility found]
2026-08-01 13:00:48,344 - INFO - New job: Corrections Oversight Worker - Louisville Jefferson County Jail - 669858 [UNVERIFIED: Louisville Jefferson County Jail]
2026-08-01 13:00:48,344 - INFO - New job: Food Service Worker - 669882 [No facility found]
2026-08-01 13:00:48,386 - INFO - New job: IN2WORK Associate - South Bend Work Release Center - 669595 [VERIFIED: Mobile Work Release Center]
2026-08-01 13:00:50,773 - INFO - Added 5 new jobs
2026-08-01 13:00:50,773 - INFO - Fetching descriptions for 5 new jobs...
2026-08-01 13:00:52,099 - INFO - Updated description for 669796
2026-08-01 13:00:53,829 - INFO - Updated description for 669844
2026-08-01 13:00:55,471 - INFO - Updated description for 669858
2026-08-01 13:00:57,120 - INFO - Updated description for 669882
2026-08-01 13:00:59,091 - INFO - Updated description for 669595
2026-08-01 13:00:59,601 - INFO - 
=== SUMMARY ===
2026-08-01 13:00:59,601 - INFO - Total jobs in database: 2888
2026-08-01 13:00:59,601 - INFO - New jobs added: 5
2026-08-01 13:00:59,601 - INFO - Descriptions updated: 5
2026-08-01 13:00:59,601 - INFO - Verified facilities: 141
2026-08-01 13:00:59,601 - INFO - Unverified facilities: 421
2026-08-01 13:00:59,601 - INFO - Log saved to: logs/api_scraper_20260801_130040.log
2026-08-01 13:00:59,845 - INFO - Exported 2888 jobs to jobs.csv
