2026-04-22 01:51:36,937 - INFO - Starting API job scraper
2026-04-22 01:51:36,938 - INFO - Loaded 853 master facilities
2026-04-22 01:51:36,938 - INFO - Fetching jobs from API...
2026-04-22 01:51:41,563 - INFO - Total jobs found: 500
2026-04-22 01:51:41,613 - INFO - New job: Corrections Oversight Worker - Durham County Jail - 648605 [UNVERIFIED: Durham County Jail]
2026-04-22 01:51:41,649 - INFO - New job: Corrections Oversight Worker - Wicomico County Detention - 648674 [UNVERIFIED: Wicomico County Detention]
2026-04-22 01:51:41,678 - INFO - New job: Corrections Oversight Worker - River Valley Juvenile - 648716 [UNVERIFIED: River Valley Juvenile]
2026-04-22 01:51:41,723 - INFO - New job: Food Service Worker - Lorain Correctional Institution - Ohio DRC - 648729 [VERIFIED: Lorain Correctional Institution]
2026-04-22 01:51:41,752 - INFO - New job: Food Service Worker Lead - Taylor - CI/Annex - (218/224) - 648731 [UNVERIFIED: Taylor - CI/Annex]
2026-04-22 01:51:41,788 - INFO - New job: Retail Sales Worker - Tom Green County Commissary - 648756 [UNVERIFIED: Tom Green County Commissary]
2026-04-22 01:51:41,819 - INFO - New job: Commissary Worker - Kane County Commissary - 648781 [UNVERIFIED: Kane County Commissary]
2026-04-22 01:51:41,843 - INFO - New job: Corrections Oversight Worker - Kane County Jail - 648783 [UNVERIFIED: Kane County Jail]
2026-04-22 01:51:41,873 - INFO - New job: Food Service Supervisor - Seminole County Jail - 648793 [UNVERIFIED: Seminole County Jail]
2026-04-22 01:51:41,874 - INFO - New job: Food Service Manager - 648806 [No facility found]
2026-04-22 01:51:41,910 - INFO - New job: Food Service Worker - Belmont Correctional Institution - 648821 [VERIFIED: Belmont Correctional Institution]
2026-04-22 01:51:53,101 - INFO - Added 11 new jobs
2026-04-22 01:51:53,101 - INFO - Fetching descriptions for 11 new jobs...
2026-04-22 01:51:54,227 - INFO - Updated description for 648605
2026-04-22 01:51:55,936 - INFO - Updated description for 648674
2026-04-22 01:51:57,524 - INFO - Updated description for 648716
2026-04-22 01:51:59,225 - INFO - Updated description for 648729
2026-04-22 01:52:00,906 - INFO - Updated description for 648731
2026-04-22 01:52:02,500 - INFO - Updated description for 648756
2026-04-22 01:52:04,176 - INFO - Updated description for 648781
2026-04-22 01:52:05,953 - INFO - Updated description for 648783
2026-04-22 01:52:07,551 - INFO - Updated description for 648793
2026-04-22 01:52:09,285 - INFO - Updated description for 648806
2026-04-22 01:52:10,939 - INFO - Updated description for 648821
2026-04-22 01:52:11,447 - INFO - 
=== SUMMARY ===
2026-04-22 01:52:11,447 - INFO - Total jobs in database: 1965
2026-04-22 01:52:11,447 - INFO - New jobs added: 11
2026-04-22 01:52:11,447 - INFO - Descriptions updated: 11
2026-04-22 01:52:11,447 - INFO - Verified facilities: 133
2026-04-22 01:52:11,447 - INFO - Unverified facilities: 364
2026-04-22 01:52:11,447 - INFO - Log saved to: logs/api_scraper_20260422_015136.log
2026-04-22 01:52:11,624 - INFO - Exported 1965 jobs to jobs.csv
