2026-03-12 12:40:09,863 - INFO - Starting API job scraper
2026-03-12 12:40:09,864 - INFO - Loaded 853 master facilities
2026-03-12 12:40:09,864 - INFO - Fetching jobs from API...
2026-03-12 12:40:12,686 - INFO - Total jobs found: 500
2026-03-12 12:40:12,747 - INFO - New job: Food Service Director - 641109 [No facility found]
2026-03-12 12:40:12,747 - INFO - New job: Food Service Manager - 641175 [No facility found]
2026-03-12 12:40:12,776 - INFO - New job: Food Service Worker - VOA of Chesapeake - 641202 [UNVERIFIED: VOA of Chesapeake]
2026-03-12 12:40:12,818 - INFO - New job: Food Prep Worker - Atlantic County Justice Facility - 641269 [UNVERIFIED: Atlantic County Justice Facility]
2026-03-12 12:40:12,818 - INFO - New job: Food Service Manager - 641403 [No facility found]
2026-03-12 12:40:12,818 - INFO - New job: Food Service Manager - 641421 [No facility found]
2026-03-12 12:40:12,818 - INFO - New job: Food Service Manager - 641423 [No facility found]
2026-03-12 12:40:12,846 - INFO - New job: Food Service Worker Lead - Blair County Prison - 641482 [UNVERIFIED: Blair County Prison]
2026-03-12 12:40:12,879 - INFO - New job: Food Service Worker - Anne Arundel County - JRDC - 641536 [UNVERIFIED: Anne Arundel County - JRDC]
2026-03-12 12:40:23,224 - INFO - Added 9 new jobs
2026-03-12 12:40:23,224 - INFO - Fetching descriptions for 9 new jobs...
2026-03-12 12:40:24,384 - INFO - Updated description for 641109
2026-03-12 12:40:25,977 - INFO - Updated description for 641175
2026-03-12 12:40:27,679 - INFO - Updated description for 641202
2026-03-12 12:40:29,646 - INFO - Updated description for 641269
2026-03-12 12:40:31,536 - INFO - Updated description for 641403
2026-03-12 12:40:33,114 - INFO - Updated description for 641421
2026-03-12 12:40:34,776 - INFO - Updated description for 641423
2026-03-12 12:40:36,552 - INFO - Updated description for 641482
2026-03-12 12:40:38,557 - INFO - Updated description for 641536
2026-03-12 12:40:39,063 - INFO - 
=== SUMMARY ===
2026-03-12 12:40:39,063 - INFO - Total jobs in database: 1617
2026-03-12 12:40:39,063 - INFO - New jobs added: 9
2026-03-12 12:40:39,063 - INFO - Descriptions updated: 9
2026-03-12 12:40:39,063 - INFO - Verified facilities: 128
2026-03-12 12:40:39,063 - INFO - Unverified facilities: 345
2026-03-12 12:40:39,063 - INFO - Log saved to: logs/api_scraper_20260312_124009.log
2026-03-12 12:40:39,188 - INFO - Exported 1617 jobs to jobs.csv
