2026-07-24 13:20:13,739 - INFO - Starting API job scraper
2026-07-24 13:20:13,740 - INFO - Loaded 853 master facilities
2026-07-24 13:20:13,740 - INFO - Fetching jobs from API...
2026-07-24 13:20:20,271 - INFO - Total jobs found: 100
2026-07-24 13:20:20,321 - INFO - New job: Lead Cook - Forsyth County Jail - 668248 [UNVERIFIED: Forsyth County Jail]
2026-07-24 13:20:20,322 - INFO - New job: Food Service Director - 666967 [No facility found]
2026-07-24 13:20:20,361 - INFO - New job: Commissary Supervisor - USG - USCS - WEST VIRGINIA - 668063 [UNVERIFIED: USG - USCS - WEST VIRGINIA]
2026-07-24 13:20:20,393 - INFO - New job: Commissary Worker - USG - USCS - KENTUCKY - 666184 [UNVERIFIED: USG - USCS - KENTUCKY]
2026-07-24 13:20:20,427 - INFO - New job: Inventory Supervisor - USG - INVENTORY & AUDIT - 666222 [UNVERIFIED: USG - INVENTORY & AUDIT]
2026-07-24 13:20:20,427 - INFO - New job: Food Service Manager - 668113 [No facility found]
2026-07-24 13:20:20,457 - INFO - New job: Corrections Oversight Worker - Sebastian County Jail - 668118 [UNVERIFIED: Sebastian County Jail]
2026-07-24 13:20:20,484 - INFO - New job: Corrections Food Service Worker - Racine County Jail - 668155 [VERIFIED: Travis County State Jail]
2026-07-24 13:20:20,532 - INFO - New job: Corrections Food Service Worker - Wyandotte County Detention Center - 668159 [VERIFIED: Detroit Detention Center]
2026-07-24 13:20:20,533 - INFO - New job: Food Service Director - 668208 [No facility found]
2026-07-24 13:20:22,494 - INFO - Added 10 new jobs
2026-07-24 13:20:22,494 - INFO - Fetching descriptions for 10 new jobs...
2026-07-24 13:20:24,028 - INFO - Updated description for 668248
2026-07-24 13:20:25,978 - INFO - Updated description for 666967
2026-07-24 13:20:27,776 - INFO - Updated description for 668063
2026-07-24 13:20:30,039 - INFO - Updated description for 666184
2026-07-24 13:20:31,877 - INFO - Updated description for 666222
2026-07-24 13:20:33,770 - INFO - Updated description for 668113
2026-07-24 13:20:35,895 - INFO - Updated description for 668118
2026-07-24 13:20:38,027 - INFO - Updated description for 668155
2026-07-24 13:20:40,342 - INFO - Updated description for 668159
2026-07-24 13:20:42,435 - INFO - Updated description for 668208
2026-07-24 13:20:42,948 - INFO - 
=== SUMMARY ===
2026-07-24 13:20:42,949 - INFO - Total jobs in database: 2811
2026-07-24 13:20:42,949 - INFO - New jobs added: 10
2026-07-24 13:20:42,949 - INFO - Descriptions updated: 10
2026-07-24 13:20:42,949 - INFO - Verified facilities: 140
2026-07-24 13:20:42,949 - INFO - Unverified facilities: 418
2026-07-24 13:20:42,949 - INFO - Log saved to: logs/api_scraper_20260724_132013.log
2026-07-24 13:20:43,186 - INFO - Exported 2811 jobs to jobs.csv
