2026-07-01 14:13:18,696 - INFO - Starting API job scraper
2026-07-01 14:13:18,697 - INFO - Loaded 853 master facilities
2026-07-01 14:13:18,697 - INFO - Fetching jobs from API...
2026-07-01 14:13:22,317 - INFO - Total jobs found: 500
2026-07-01 14:13:22,376 - INFO - New job: Food Service Supervisor - Dayton Correctional Institution - 662500 [VERIFIED: Dayton Correctional Institution]
2026-07-01 14:13:22,377 - INFO - New job: Food Service Director - 661616 [No facility found]
2026-07-01 14:13:22,377 - INFO - New job: Food Service Manager - 661620 [No facility found]
2026-07-01 14:13:22,411 - INFO - New job: Food Service Worker Lead - Coastal State Prison - 662513 [VERIFIED: Coastal State Prison]
2026-07-01 14:13:22,448 - INFO - New job: Warehouse Worker III - USG - OH WAREHOUSE - FE - 662519 [UNVERIFIED: USG - OH WAREHOUSE - FE]
2026-07-01 14:13:22,491 - INFO - New job: Corrections Oversight Worker - Community Transitional Services, KY - 662569 [UNVERIFIED: Community Transitional Services, KY]
2026-07-01 14:13:22,543 - INFO - New job: Food Service Worker Lead - Eastern Reception, Diagnostic and CC - 662572 [VERIFIED: Denver Reception & Diagnostic Center]
2026-07-01 14:13:22,575 - INFO - New job: Administrative Support Worker - Dona Ana (Facilities) - 662589 [UNVERIFIED: Dona Ana (Facilities)]
2026-07-01 14:13:22,616 - INFO - New job: Administrative Support Worker - Wabash Valley Correctional Facility - 662606 [VERIFIED: Wabash Valley Correctional Facility]
2026-07-01 14:13:22,670 - INFO - New job: Warehouse Worker - Pulaski County Regional Detention Facility - 662309 [VERIFIED: South Florida Detention Facility]
2026-07-01 14:13:22,670 - INFO - New job: Nutrition Associate Manager - 662743 [No facility found]
2026-07-01 14:13:22,726 - INFO - New job: Food Service Worker - Lancaster County Detention Facility (NE) - 662785 [UNVERIFIED: Lancaster County Detention Facility (NE)]
2026-07-01 14:13:33,784 - INFO - Added 12 new jobs
2026-07-01 14:13:33,784 - INFO - Fetching descriptions for 12 new jobs...
2026-07-01 14:13:35,771 - INFO - Updated description for 662500
2026-07-01 14:13:37,876 - INFO - Updated description for 661616
2026-07-01 14:13:39,707 - INFO - Updated description for 661620
2026-07-01 14:13:41,476 - INFO - Updated description for 662513
2026-07-01 14:13:43,232 - INFO - Updated description for 662519
2026-07-01 14:13:44,883 - INFO - Updated description for 662569
2026-07-01 14:13:46,571 - INFO - Updated description for 662572
2026-07-01 14:13:48,674 - INFO - Updated description for 662589
2026-07-01 14:13:50,202 - INFO - Updated description for 662606
2026-07-01 14:13:51,930 - INFO - Updated description for 662309
2026-07-01 14:13:53,461 - INFO - Updated description for 662743
2026-07-01 14:13:55,003 - INFO - Updated description for 662785
2026-07-01 14:13:55,512 - INFO - 
=== SUMMARY ===
2026-07-01 14:13:55,512 - INFO - Total jobs in database: 2616
2026-07-01 14:13:55,512 - INFO - New jobs added: 12
2026-07-01 14:13:55,513 - INFO - Descriptions updated: 12
2026-07-01 14:13:55,513 - INFO - Verified facilities: 139
2026-07-01 14:13:55,513 - INFO - Unverified facilities: 410
2026-07-01 14:13:55,513 - INFO - Log saved to: logs/api_scraper_20260701_141318.log
2026-07-01 14:13:55,729 - INFO - Exported 2616 jobs to jobs.csv
