2026-06-23 14:31:00,615 - INFO - Starting API job scraper
2026-06-23 14:31:00,616 - INFO - Loaded 853 master facilities
2026-06-23 14:31:00,616 - INFO - Fetching jobs from API...
2026-06-23 14:31:03,586 - INFO - Total jobs found: 500
2026-06-23 14:31:03,640 - INFO - New job: Corrections Oversight Worker - Winnebago County Corrections - 659871 [UNVERIFIED: Winnebago County Corrections]
2026-06-23 14:31:03,673 - INFO - New job: Food Service Worker - Josephine County Jail - 660374 [UNVERIFIED: Josephine County Jail]
2026-06-23 14:31:03,716 - INFO - New job: Food Service Worker Lead - Bledsoe County Correctional Complex - 660533 [VERIFIED: Bledsoe County Correctional Complex]
2026-06-23 14:31:03,743 - INFO - New job: Cook - Summit County Jail - 660557 [UNVERIFIED: Summit County Jail]
2026-06-23 14:31:03,793 - INFO - New job: Food Service Worker Lead - Jacksonville City Detention Center - 660641 [VERIFIED: Jacksonville Correctional Center]
2026-06-23 14:31:03,819 - INFO - New job: Corrections Oversight Worker - ASPC - Tucson - 660712 [UNVERIFIED: ASPC - Tucson]
2026-06-23 14:31:15,052 - INFO - Added 6 new jobs
2026-06-23 14:31:15,052 - INFO - Fetching descriptions for 6 new jobs...
2026-06-23 14:31:16,241 - INFO - Updated description for 659871
2026-06-23 14:31:17,984 - INFO - Updated description for 660374
2026-06-23 14:31:19,656 - INFO - Updated description for 660533
2026-06-23 14:31:21,402 - INFO - Updated description for 660557
2026-06-23 14:31:23,170 - INFO - Updated description for 660641
2026-06-23 14:31:24,929 - INFO - Updated description for 660712
2026-06-23 14:31:25,438 - INFO - 
=== SUMMARY ===
2026-06-23 14:31:25,438 - INFO - Total jobs in database: 2552
2026-06-23 14:31:25,438 - INFO - New jobs added: 6
2026-06-23 14:31:25,438 - INFO - Descriptions updated: 6
2026-06-23 14:31:25,438 - INFO - Verified facilities: 139
2026-06-23 14:31:25,438 - INFO - Unverified facilities: 408
2026-06-23 14:31:25,438 - INFO - Log saved to: logs/api_scraper_20260623_143100.log
2026-06-23 14:31:25,649 - INFO - Exported 2552 jobs to jobs.csv
