2026-03-04 12:37:41,678 - INFO - Starting API job scraper
2026-03-04 12:37:41,679 - INFO - Loaded 853 master facilities
2026-03-04 12:37:41,679 - INFO - Fetching jobs from API...
2026-03-04 12:37:44,789 - INFO - Total jobs found: 500
2026-03-04 12:37:44,942 - INFO - New job: Food Service Worker - Yavapai County Sheriff's Office - 639748 [UNVERIFIED: Yavapai County Sheriff's Office]
2026-03-04 12:37:44,979 - INFO - New job: Retail Sales Worker - Tom Green County Commissary - 639750 [UNVERIFIED: Tom Green County Commissary]
2026-03-04 12:37:45,007 - INFO - New job: Corrections Oversight Worker - Stark County RCCC - 639781 [UNVERIFIED: Stark County RCCC]
2026-03-04 12:37:45,007 - INFO - New job: Food Service Worker - 639783 [No facility found]
2026-03-04 12:37:45,043 - INFO - New job: Retail Sales Worker - Brevard County Commissary, FL - 639794 [UNVERIFIED: Brevard County Commissary, FL]
2026-03-04 12:37:45,091 - INFO - New job: Corrections Oversight Worker - Jackson County Detention Center (MO) - 639814 [UNVERIFIED: Jackson County Detention Center (MO)]
2026-03-04 12:37:45,091 - INFO - New job: Corrections Oversight Worker - 639861 [No facility found]
2026-03-04 12:37:45,091 - INFO - New job: Food Service Director - 639882 [No facility found]
2026-03-04 12:37:45,135 - INFO - New job: Corrections Oversight Worker - Transition Center of St. Louis - 639885 [VERIFIED: Transition Center of Saint Louis]
2026-03-04 12:37:45,166 - INFO - New job: Food Service Supervisor - Riverside Regional Jail - 639893 [VERIFIED: Riverview Correctional Facility]
2026-03-04 12:37:45,201 - INFO - New job: Corrections Oversight Worker - Outagamie County Jail - 639907 [UNVERIFIED: Outagamie County Jail]
2026-03-04 12:37:45,223 - INFO - New job: Food Service Worker - Liberty - CI/SU - (120/142) - 639933 [UNVERIFIED: Liberty - CI/SU]
2026-03-04 12:37:45,258 - INFO - New job: Food Service Worker - Henrico County - Jail East - 639951 [UNVERIFIED: Henrico County - Jail East]
2026-03-04 12:37:45,300 - INFO - New job: Warehouse Worker II - USG - USCS - TX PICK & PACK LINE - 639953 [UNVERIFIED: USG - USCS - TX PICK & PACK LINE]
2026-03-04 12:37:45,335 - INFO - New job: Corrections Oversight Worker - Edinburg Correctional Facility - 639973 [VERIFIED: Edinburgh Correctional Facility]
2026-03-04 12:37:45,360 - INFO - New job: Cook - Shelby County TN - 639998 [UNVERIFIED: Shelby County TN]
2026-03-04 12:37:45,360 - INFO - New job: Food Service Worker - 640008 [No facility found]
2026-03-04 12:37:54,500 - INFO - Added 17 new jobs
2026-03-04 12:37:54,500 - INFO - Fetching descriptions for 17 new jobs...
2026-03-04 12:37:55,696 - INFO - Updated description for 639748
2026-03-04 12:37:57,381 - INFO - Updated description for 639750
2026-03-04 12:37:59,172 - INFO - Updated description for 639781
2026-03-04 12:38:01,020 - INFO - Updated description for 639783
2026-03-04 12:38:02,817 - INFO - Updated description for 639794
2026-03-04 12:38:04,439 - INFO - Updated description for 639814
2026-03-04 12:38:06,199 - INFO - Updated description for 639861
2026-03-04 12:38:08,015 - INFO - Updated description for 639882
2026-03-04 12:38:09,660 - INFO - Updated description for 639885
2026-03-04 12:38:11,336 - INFO - Updated description for 639893
2026-03-04 12:38:12,980 - INFO - Updated description for 639907
2026-03-04 12:38:14,701 - INFO - Updated description for 639933
2026-03-04 12:38:16,433 - INFO - Updated description for 639951
2026-03-04 12:38:18,133 - INFO - Updated description for 639953
2026-03-04 12:38:19,906 - INFO - Updated description for 639973
2026-03-04 12:38:21,629 - INFO - Updated description for 639998
2026-03-04 12:38:23,306 - INFO - Updated description for 640008
2026-03-04 12:38:23,814 - INFO - 
=== SUMMARY ===
2026-03-04 12:38:23,814 - INFO - Total jobs in database: 1522
2026-03-04 12:38:23,814 - INFO - New jobs added: 17
2026-03-04 12:38:23,814 - INFO - Descriptions updated: 17
2026-03-04 12:38:23,815 - INFO - Verified facilities: 128
2026-03-04 12:38:23,815 - INFO - Unverified facilities: 337
2026-03-04 12:38:23,815 - INFO - Log saved to: logs/api_scraper_20260304_123741.log
2026-03-04 12:38:23,950 - INFO - Exported 1522 jobs to jobs.csv
