2026-02-18 12:43:11,962 - INFO - Starting API job scraper
2026-02-18 12:43:11,962 - INFO - Loaded 853 master facilities
2026-02-18 12:43:11,962 - INFO - Fetching jobs from API...
2026-02-18 12:43:13,618 - INFO - Total jobs found: 500
2026-02-18 12:43:13,662 - INFO - New job: Food Service Worker - Multnomah County-Sheriff - 636714 [UNVERIFIED: Multnomah County-Sheriff]
2026-02-18 12:43:13,710 - INFO - New job: Food Service Worker Lead - Riverbend Maximum Security Institution - 636777 [VERIFIED: Riverbend Maximum Security Institution]
2026-02-18 12:43:13,751 - INFO - New job: 2026 Management Accelerator Program- Food Service Manager - Corrections (Multiple Locations) - 636859 [UNVERIFIED: Corrections (Multiple Locations)]
2026-02-18 12:43:13,752 - INFO - New job: Corrections Oversight Worker - 636894 [No facility found]
2026-02-18 12:43:13,752 - INFO - New job: Kitchen Supervisor - 636949 [No facility found]
2026-02-18 12:43:13,752 - INFO - New job: Food Service Manager - 636972 [No facility found]
2026-02-18 12:43:13,752 - INFO - New job: Food Service Director - 636977 [No facility found]
2026-02-18 12:43:24,029 - INFO - Added 7 new jobs
2026-02-18 12:43:24,029 - INFO - Fetching descriptions for 7 new jobs...
2026-02-18 12:43:25,135 - INFO - Updated description for 636714
2026-02-18 12:43:26,807 - INFO - Updated description for 636777
2026-02-18 12:43:28,449 - INFO - Updated description for 636859
2026-02-18 12:43:30,139 - INFO - Updated description for 636894
2026-02-18 12:43:31,814 - INFO - Updated description for 636949
2026-02-18 12:43:33,509 - INFO - Updated description for 636972
2026-02-18 12:43:35,238 - INFO - Updated description for 636977
2026-02-18 12:43:35,758 - INFO - 
=== SUMMARY ===
2026-02-18 12:43:35,759 - INFO - Total jobs in database: 1407
2026-02-18 12:43:35,759 - INFO - New jobs added: 7
2026-02-18 12:43:35,759 - INFO - Descriptions updated: 7
2026-02-18 12:43:35,759 - INFO - Verified facilities: 124
2026-02-18 12:43:35,759 - INFO - Unverified facilities: 330
2026-02-18 12:43:35,759 - INFO - Log saved to: logs/api_scraper_20260218_124311.log
2026-02-18 12:43:35,884 - INFO - Exported 1407 jobs to jobs.csv
