2026-05-20 14:40:52,939 - INFO - Starting API job scraper
2026-05-20 14:40:52,940 - INFO - Loaded 853 master facilities
2026-05-20 14:40:52,940 - INFO - Fetching jobs from API...
2026-05-20 14:40:54,916 - INFO - Total jobs found: 500
2026-05-20 14:40:54,982 - INFO - New job: Maintenance Worker - Bucks County Correctional (Facilities) - 653858 [VERIFIED: Bent County Correctional Facility]
2026-05-20 14:40:55,010 - INFO - New job: Corrections Oversight Worker - Yellow Medicine - 653868 [UNVERIFIED: Yellow Medicine]
2026-05-20 14:40:55,041 - INFO - New job: Corrections Oversight Worker - Walworth County Jail - 653923 [UNVERIFIED: Walworth County Jail]
2026-05-20 14:40:55,042 - INFO - New job: Corrections Oversight Worker - 646604 [No facility found]
2026-05-20 14:40:55,069 - INFO - New job: Food Service Worker Lead - Lucas County Jail - 653706 [UNVERIFIED: Lucas County Jail]
2026-05-20 14:40:55,088 - INFO - New job: Corrections Oversight Worker - Lake - CI - (312) - 653808 [UNVERIFIED: Lake - CI]
2026-05-20 14:41:06,497 - INFO - Added 6 new jobs
2026-05-20 14:41:06,498 - INFO - Fetching descriptions for 6 new jobs...
2026-05-20 14:41:07,529 - INFO - Updated description for 653858
2026-05-20 14:41:09,046 - INFO - Updated description for 653868
2026-05-20 14:41:10,567 - INFO - Updated description for 653923
2026-05-20 14:41:12,147 - INFO - Updated description for 646604
2026-05-20 14:41:13,704 - INFO - Updated description for 653706
2026-05-20 14:41:15,263 - INFO - Updated description for 653808
2026-05-20 14:41:15,771 - INFO - 
=== SUMMARY ===
2026-05-20 14:41:15,771 - INFO - Total jobs in database: 2254
2026-05-20 14:41:15,771 - INFO - New jobs added: 6
2026-05-20 14:41:15,771 - INFO - Descriptions updated: 6
2026-05-20 14:41:15,771 - INFO - Verified facilities: 137
2026-05-20 14:41:15,771 - INFO - Unverified facilities: 380
2026-05-20 14:41:15,771 - INFO - Log saved to: logs/api_scraper_20260520_144052.log
2026-05-20 14:41:15,957 - INFO - Exported 2254 jobs to jobs.csv
