2026-03-05 12:41:17,775 - INFO - Starting API job scraper
2026-03-05 12:41:17,775 - INFO - Loaded 853 master facilities
2026-03-05 12:41:17,775 - INFO - Fetching jobs from API...
2026-03-05 12:41:22,942 - INFO - Total jobs found: 500
2026-03-05 12:41:22,943 - INFO - New job: Food Service Manager - 639892 [No facility found]
2026-03-05 12:41:22,999 - INFO - New job: Retail Sales Worker - Clark County Commissary - 640015 [UNVERIFIED: Clark County Commissary]
2026-03-05 12:41:22,999 - INFO - New job: Corrections Oversight Worker - 640038 [No facility found]
2026-03-05 12:41:23,037 - INFO - New job: Corrections Oversight Worker - Correction Center Northwest Ohio - 640075 [UNVERIFIED: Correction Center Northwest Ohio]
2026-03-05 12:41:23,084 - INFO - New job: Commissary Worker - Louisville Jefferson County Commissary - 640081 [UNVERIFIED: Louisville Jefferson County Commissary]
2026-03-05 12:41:23,111 - INFO - New job: Food Service Worker - Alvis 180 - Columbus - 640107 [UNVERIFIED: Alvis 180 - Columbus]
2026-03-05 12:41:23,157 - INFO - New job: Corrections Oversight Worker - Granville County Detention Ctr - 640121 [UNVERIFIED: Granville County Detention Ctr]
2026-03-05 12:41:23,186 - INFO - New job: Food Service Worker Lead - Hancock County Jail - 640148 [UNVERIFIED: Hancock County Jail]
2026-03-05 12:41:23,229 - INFO - New job: IN2WORK Associate - South Bend Work Release Center - 640157 [VERIFIED: Mobile Work Release Center]
2026-03-05 12:41:23,258 - INFO - New job: Corrections Oversight Worker - Greene County Jail - 640211 [VERIFIED: Greene County Work Camp]
2026-03-05 12:41:23,308 - INFO - New job: Cook - Nueces County Juvenile Justice Center - 640215 [UNVERIFIED: Nueces County Juvenile Justice Center]
2026-03-05 12:41:23,345 - INFO - New job: Corrections Oversight Worker - Lebanon Correctional Institution - 640246 [VERIFIED: Lebanon Correctional Institution]
2026-03-05 12:41:23,345 - INFO - New job: Food Service Supervisor - 640275 [No facility found]
2026-03-05 12:41:23,345 - INFO - New job: Food Service Supervisor - 640279 [No facility found]
2026-03-05 12:41:33,279 - INFO - Added 14 new jobs
2026-03-05 12:41:33,280 - INFO - Fetching descriptions for 14 new jobs...
2026-03-05 12:41:34,464 - INFO - Updated description for 639892
2026-03-05 12:41:36,185 - INFO - Updated description for 640015
2026-03-05 12:41:37,749 - INFO - Updated description for 640038
2026-03-05 12:41:39,353 - INFO - Updated description for 640075
2026-03-05 12:41:40,939 - INFO - Updated description for 640081
2026-03-05 12:41:42,590 - INFO - Updated description for 640107
2026-03-05 12:41:44,537 - INFO - Updated description for 640121
2026-03-05 12:41:46,207 - INFO - Updated description for 640148
2026-03-05 12:41:47,882 - INFO - Updated description for 640157
2026-03-05 12:41:49,578 - INFO - Updated description for 640211
2026-03-05 12:41:51,231 - INFO - Updated description for 640215
2026-03-05 12:41:52,849 - INFO - Updated description for 640246
2026-03-05 12:41:54,438 - INFO - Updated description for 640275
2026-03-05 12:41:56,090 - INFO - Updated description for 640279
2026-03-05 12:41:56,598 - INFO - 
=== SUMMARY ===
2026-03-05 12:41:56,598 - INFO - Total jobs in database: 1536
2026-03-05 12:41:56,598 - INFO - New jobs added: 14
2026-03-05 12:41:56,598 - INFO - Descriptions updated: 14
2026-03-05 12:41:56,598 - INFO - Verified facilities: 128
2026-03-05 12:41:56,598 - INFO - Unverified facilities: 338
2026-03-05 12:41:56,598 - INFO - Log saved to: logs/api_scraper_20260305_124117.log
2026-03-05 12:41:56,727 - INFO - Exported 1536 jobs to jobs.csv
