2026-03-01 12:31:26,177 - INFO - Starting API job scraper
2026-03-01 12:31:26,177 - INFO - Loaded 853 master facilities
2026-03-01 12:31:26,177 - INFO - Fetching jobs from API...
2026-03-01 12:31:28,379 - INFO - Total jobs found: 500
2026-03-01 12:31:28,439 - INFO - New job: Maintenance Worker - Bucks County Correctional (Facilities) - 639289 [VERIFIED: Bent County Correctional Facility]
2026-03-01 12:31:28,471 - INFO - New job: Commissary Worker - Alameda County Commissary - 639342 [UNVERIFIED: Alameda County Commissary]
2026-03-01 12:31:28,499 - INFO - New job: Corrections Oversight Worker - Henry County Missouri - 639351 [UNVERIFIED: Henry County Missouri]
2026-03-01 12:31:38,490 - INFO - Added 3 new jobs
2026-03-01 12:31:38,490 - INFO - Fetching descriptions for 3 new jobs...
2026-03-01 12:31:39,718 - INFO - Updated description for 639289
2026-03-01 12:31:41,386 - INFO - Updated description for 639342
2026-03-01 12:31:43,185 - INFO - Updated description for 639351
2026-03-01 12:31:43,690 - INFO - 
=== SUMMARY ===
2026-03-01 12:31:43,691 - INFO - Total jobs in database: 1496
2026-03-01 12:31:43,691 - INFO - New jobs added: 3
2026-03-01 12:31:43,691 - INFO - Descriptions updated: 3
2026-03-01 12:31:43,691 - INFO - Verified facilities: 128
2026-03-01 12:31:43,691 - INFO - Unverified facilities: 335
2026-03-01 12:31:43,691 - INFO - Log saved to: logs/api_scraper_20260301_123126.log
2026-03-01 12:31:43,806 - INFO - Exported 1496 jobs to jobs.csv
