2026-05-21 14:46:10,615 - INFO - Starting API job scraper
2026-05-21 14:46:10,616 - INFO - Loaded 853 master facilities
2026-05-21 14:46:10,616 - INFO - Fetching jobs from API...
2026-05-21 14:46:13,225 - INFO - Total jobs found: 500
2026-05-21 14:46:13,254 - INFO - New job: Food Service Worker Lead - Lake - CI - (312) - 654102 [UNVERIFIED: Lake - CI]
2026-05-21 14:46:13,255 - INFO - New job: Logistics Lead Coordinator - 654115 [No facility found]
2026-05-21 14:46:13,255 - INFO - New job: Logistics Lead Coordinator - 654117 [No facility found]
2026-05-21 14:46:13,286 - INFO - New job: Food Service Worker - Mecklenburg County Jail - 653604 [UNVERIFIED: Mecklenburg County Jail]
2026-05-21 14:46:13,322 - INFO - New job: Food Service Supervisor - Mike Durfee State Prison - 654131 [VERIFIED: Mike Durfee State Prison]
2026-05-21 14:46:13,322 - INFO - New job: Strategic Sourcing Analyst - 653733 [No facility found]
2026-05-21 14:46:13,351 - INFO - New job: Food Service Supervisor - Escambia County Jail - 653973 [UNVERIFIED: Escambia County Jail]
2026-05-21 14:46:13,382 - INFO - New job: Corrections Food Service Worker - Phillips State Prison - 654004 [VERIFIED: Phillips State Prison]
2026-05-21 14:46:13,420 - INFO - New job: Corrections Oversight Worker - South Central Correctional Center - 654014 [VERIFIED: South Central Correctional Center]
2026-05-21 14:46:13,452 - INFO - New job: Corrections Oversight Worker - Orange County (NY) Jail - 654060 [UNVERIFIED: Orange County (NY) Jail]
2026-05-21 14:46:24,414 - INFO - Added 10 new jobs
2026-05-21 14:46:24,414 - INFO - Fetching descriptions for 10 new jobs...
2026-05-21 14:46:25,550 - INFO - Updated description for 654102
2026-05-21 14:46:27,159 - INFO - Updated description for 654115
2026-05-21 14:46:29,003 - INFO - Updated description for 654117
2026-05-21 14:46:30,609 - INFO - Updated description for 653604
2026-05-21 14:46:32,210 - INFO - Updated description for 654131
2026-05-21 14:46:33,870 - INFO - Updated description for 653733
2026-05-21 14:46:35,748 - INFO - Updated description for 653973
2026-05-21 14:46:37,391 - INFO - Updated description for 654004
2026-05-21 14:46:39,141 - INFO - Updated description for 654014
2026-05-21 14:46:40,857 - INFO - Updated description for 654060
2026-05-21 14:46:41,365 - INFO - 
=== SUMMARY ===
2026-05-21 14:46:41,365 - INFO - Total jobs in database: 2264
2026-05-21 14:46:41,365 - INFO - New jobs added: 10
2026-05-21 14:46:41,365 - INFO - Descriptions updated: 10
2026-05-21 14:46:41,365 - INFO - Verified facilities: 138
2026-05-21 14:46:41,365 - INFO - Unverified facilities: 380
2026-05-21 14:46:41,365 - INFO - Log saved to: logs/api_scraper_20260521_144610.log
2026-05-21 14:46:41,565 - INFO - Exported 2264 jobs to jobs.csv
