2026-02-04 12:40:33,663 - INFO - Starting API job scraper
2026-02-04 12:40:33,664 - INFO - Loaded 853 master facilities
2026-02-04 12:40:33,664 - INFO - Fetching jobs from API...
2026-02-04 12:40:35,932 - INFO - Total jobs found: 500
2026-02-04 12:40:35,933 - INFO - New job: Food Service Director - 632973 [No facility found]
2026-02-04 12:40:35,985 - INFO - New job: Corrections Oversight Worker - Wakulla - CI/Annex - (118/122) - 633484 [UNVERIFIED: Wakulla - CI/Annex]
2026-02-04 12:40:36,014 - INFO - New job: Corrections Oversight Worker - Pasco County Jail - 633563 [UNVERIFIED: Pasco County Jail]
2026-02-04 12:40:36,052 - INFO - New job: Corrections Oversight Worker - Grafton Correctional Institution - 633613 [VERIFIED: Grafton Correctional Institution]
2026-02-04 12:40:36,052 - INFO - New job: Food Service Manager - 633629 [No facility found]
2026-02-04 12:40:36,094 - INFO - New job: Corrections Oversight Worker - Wabash Valley Correctional Facility - 633633 [VERIFIED: Wabash Valley Correctional Facility]
2026-02-04 12:40:36,137 - INFO - New job: Administrative Support Worker - Wabash Valley Correctional Facility - 633634 [VERIFIED: Wabash Valley Correctional Facility]
2026-02-04 12:40:36,179 - INFO - New job: Driver I - Wabash Valley Correctional Facility - 633636 [VERIFIED: Wabash Valley Correctional Facility]
2026-02-04 12:40:36,179 - INFO - New job: Corrections Oversight Worker - 633677 [No facility found]
2026-02-04 12:40:36,215 - INFO - New job: Food Service Worker Lead - Boonville Correctional Center - 633681 [VERIFIED: Boonville Correctional Center]
2026-02-04 12:40:36,248 - INFO - New job: Warehouse Worker - Dona Ana (Facilities) - 633699 [UNVERIFIED: Dona Ana (Facilities)]
2026-02-04 12:40:36,275 - INFO - New job: Food Service Worker - AL Dept of Youth - 633704 [UNVERIFIED: AL Dept of Youth]
2026-02-04 12:40:36,275 - INFO - New job: Lead Cook - 633360 [No facility found]
2026-02-04 12:40:36,316 - INFO - New job: Food Service Worker - Yavapai County Sheriff's Office - 633765 [UNVERIFIED: Yavapai County Sheriff's Office]
2026-02-04 12:40:36,337 - INFO - New job: Corrections Oversight Worker - ASPC - Yuma - 633786 [UNVERIFIED: ASPC - Yuma]
2026-02-04 12:40:36,337 - INFO - New job: Warehouse Worker I - 633819 [No facility found]
2026-02-04 12:40:45,907 - INFO - Added 16 new jobs
2026-02-04 12:40:45,907 - INFO - Fetching descriptions for 16 new jobs...
2026-02-04 12:40:46,938 - INFO - Updated description for 632973
2026-02-04 12:40:48,573 - INFO - Updated description for 633484
2026-02-04 12:40:50,049 - INFO - Updated description for 633563
2026-02-04 12:40:51,696 - INFO - Updated description for 633613
2026-02-04 12:40:53,379 - INFO - Updated description for 633629
2026-02-04 12:40:54,934 - INFO - Updated description for 633633
2026-02-04 12:40:56,421 - INFO - Updated description for 633634
2026-02-04 12:40:57,907 - INFO - Updated description for 633636
2026-02-04 12:40:59,530 - INFO - Updated description for 633677
2026-02-04 12:41:01,118 - INFO - Updated description for 633681
2026-02-04 12:41:02,679 - INFO - Updated description for 633699
2026-02-04 12:41:04,145 - INFO - Updated description for 633704
2026-02-04 12:41:05,786 - INFO - Updated description for 633360
2026-02-04 12:41:07,339 - INFO - Updated description for 633765
2026-02-04 12:41:08,800 - INFO - Updated description for 633786
2026-02-04 12:41:10,249 - INFO - Updated description for 633819
2026-02-04 12:41:10,755 - INFO - 
=== SUMMARY ===
2026-02-04 12:41:10,755 - INFO - Total jobs in database: 1290
2026-02-04 12:41:10,756 - INFO - New jobs added: 16
2026-02-04 12:41:10,756 - INFO - Descriptions updated: 16
2026-02-04 12:41:10,756 - INFO - Verified facilities: 121
2026-02-04 12:41:10,756 - INFO - Unverified facilities: 315
2026-02-04 12:41:10,756 - INFO - Log saved to: logs/api_scraper_20260204_124033.log
2026-02-04 12:41:10,864 - INFO - Exported 1290 jobs to jobs.csv
