2026-01-21 12:32:58,848 - INFO - Starting API job scraper
2026-01-21 12:32:58,849 - INFO - Loaded 853 master facilities
2026-01-21 12:32:58,849 - INFO - Fetching jobs from API...
2026-01-21 12:33:00,371 - INFO - Total jobs found: 500
2026-01-21 12:33:00,418 - INFO - New job: Corrections Oversight Worker - Mercer County CCC - 627272 [UNVERIFIED: Mercer County CCC]
2026-01-21 12:33:00,418 - INFO - New job: Food Service Manager - 628462 [No facility found]
2026-01-21 12:33:00,461 - INFO - New job: Corrections Oversight Worker - Allen Oakwood Correctional Facility - 630102 [VERIFIED: Altona Correctional Facility]
2026-01-21 12:33:00,461 - INFO - New job: Food Service Manager - 630606 [No facility found]
2026-01-21 12:33:00,461 - INFO - New job: Corrections Oversight Worker - 630629 [No facility found]
2026-01-21 12:33:00,488 - INFO - New job: Food Service Worker - Alvis 180 - Columbus - 630640 [UNVERIFIED: Alvis 180 - Columbus]
2026-01-21 12:33:00,524 - INFO - New job: Cook - Erie County Care Facility - 630641 [VERIFIED: Otero County Prison Facility]
2026-01-21 12:33:00,570 - INFO - New job: Retail Sales Worker Lead - Lorain Correctional Institution - Ohio DRC - 630661 [VERIFIED: Lorain Correctional Institution]
2026-01-21 12:33:00,570 - INFO - New job: Food Service Manager - 630811 [No facility found]
2026-01-21 12:33:00,596 - INFO - New job: General Manager - Correctional Services - 630854 [UNVERIFIED: Correctional Services]
2026-01-21 12:33:09,902 - INFO - Added 10 new jobs
2026-01-21 12:33:09,902 - INFO - Fetching descriptions for 10 new jobs...
2026-01-21 12:33:11,140 - INFO - Updated description for 627272
2026-01-21 12:33:12,880 - INFO - Updated description for 628462
2026-01-21 12:33:14,518 - INFO - Updated description for 630102
2026-01-21 12:33:16,168 - INFO - Updated description for 630606
2026-01-21 12:33:17,768 - INFO - Updated description for 630629
2026-01-21 12:33:19,473 - INFO - Updated description for 630640
2026-01-21 12:33:21,211 - INFO - Updated description for 630641
2026-01-21 12:33:22,830 - INFO - Updated description for 630661
2026-01-21 12:33:24,463 - INFO - Updated description for 630811
2026-01-21 12:33:26,121 - INFO - Updated description for 630854
2026-01-21 12:33:26,627 - INFO - 
=== SUMMARY ===
2026-01-21 12:33:26,628 - INFO - Total jobs in database: 1165
2026-01-21 12:33:26,628 - INFO - New jobs added: 10
2026-01-21 12:33:26,628 - INFO - Descriptions updated: 10
2026-01-21 12:33:26,628 - INFO - Verified facilities: 116
2026-01-21 12:33:26,628 - INFO - Unverified facilities: 304
2026-01-21 12:33:26,628 - INFO - Log saved to: logs/api_scraper_20260121_123258.log
2026-01-21 12:33:26,723 - INFO - Exported 1165 jobs to jobs.csv
