2026-03-28 12:36:30,951 - INFO - Starting API job scraper
2026-03-28 12:36:30,951 - INFO - Loaded 853 master facilities
2026-03-28 12:36:30,951 - INFO - Fetching jobs from API...
2026-03-28 12:36:32,523 - INFO - Total jobs found: 500
2026-03-28 12:36:32,558 - INFO - New job: Food Service Worker - Topeka Correctional - 644413 [UNVERIFIED: Topeka Correctional]
2026-03-28 12:36:32,587 - INFO - New job: Corrections Oversight Worker - El Dorado Correctional - 644416 [VERIFIED: El Dorado Correctional Facility]
2026-03-28 12:36:32,646 - INFO - New job: Corrections Oversight Worker - Lancaster/York Youth Intervention Centers - 644417 [UNVERIFIED: Lancaster/York Youth Intervention Centers]
2026-03-28 12:36:32,695 - INFO - New job: Food Service Worker - Solano County Probation Department - 644425 [UNVERIFIED: Solano County Probation Department]
2026-03-28 12:36:32,727 - INFO - New job: Retail Sales Worker Lead - Lancaster County Prison - 644432 [UNVERIFIED: Lancaster County Prison]
2026-03-28 12:36:32,761 - INFO - New job: Food Service Worker Lead - Lancaster County Prison - 644435 [UNVERIFIED: Lancaster County Prison]
2026-03-28 12:36:32,802 - INFO - New job: Maintenance Worker I - Oriana House (Facilities) - 644438 [UNVERIFIED: Oriana House (Facilities)]
2026-03-28 12:36:32,831 - INFO - New job: Cook - Taylor County Jail - 644453 [UNVERIFIED: Taylor County Jail]
2026-03-28 12:36:32,867 - INFO - New job: Corrections Oversight Worker - Northwest Correctional Complex - 644464 [VERIFIED: Northwest Correctional Complex]
2026-03-28 12:36:32,907 - INFO - New job: Commissary Worker - Indian River County Commissary - 644468 [UNVERIFIED: Indian River County Commissary]
2026-03-28 12:36:32,939 - INFO - New job: Corrections Oversight Worker - Caroline County Jail - 644547 [UNVERIFIED: Caroline County Jail]
2026-03-28 12:36:32,940 - INFO - New job: Field Sales Specialist - 644767 [No facility found]
2026-03-28 12:36:44,019 - INFO - Added 12 new jobs
2026-03-28 12:36:44,020 - INFO - Fetching descriptions for 12 new jobs...
2026-03-28 12:36:45,106 - INFO - Updated description for 644413
2026-03-28 12:36:46,777 - INFO - Updated description for 644416
2026-03-28 12:36:48,495 - INFO - Updated description for 644417
2026-03-28 12:36:50,234 - INFO - Updated description for 644425
2026-03-28 12:36:51,938 - INFO - Updated description for 644432
2026-03-28 12:36:53,541 - INFO - Updated description for 644435
2026-03-28 12:36:55,103 - INFO - Updated description for 644438
2026-03-28 12:36:57,712 - INFO - Updated description for 644453
2026-03-28 12:36:59,481 - INFO - Updated description for 644464
2026-03-28 12:37:01,175 - INFO - Updated description for 644468
2026-03-28 12:37:02,773 - INFO - Updated description for 644547
2026-03-28 12:37:04,496 - INFO - Updated description for 644767
2026-03-28 12:37:05,003 - INFO - 
=== SUMMARY ===
2026-03-28 12:37:05,003 - INFO - Total jobs in database: 1761
2026-03-28 12:37:05,003 - INFO - New jobs added: 12
2026-03-28 12:37:05,003 - INFO - Descriptions updated: 12
2026-03-28 12:37:05,003 - INFO - Verified facilities: 131
2026-03-28 12:37:05,004 - INFO - Unverified facilities: 353
2026-03-28 12:37:05,004 - INFO - Log saved to: logs/api_scraper_20260328_123630.log
2026-03-28 12:37:05,148 - INFO - Exported 1761 jobs to jobs.csv
