2026-03-07 12:30:14,034 - INFO - Starting API job scraper
2026-03-07 12:30:14,035 - INFO - Loaded 853 master facilities
2026-03-07 12:30:14,035 - INFO - Fetching jobs from API...
2026-03-07 12:30:20,107 - INFO - Total jobs found: 500
2026-03-07 12:30:20,157 - INFO - New job: Retail Sales Worker Lead - Southern Ohio Correctional Facility - 640749 [VERIFIED: Southern Ohio Correctional Facility]
2026-03-07 12:30:20,158 - INFO - New job: Food Service Manager - 640443 [No facility found]
2026-03-07 12:30:20,159 - INFO - New job: IT Specialist - 640535 [No facility found]
2026-03-07 12:30:20,196 - INFO - New job: Lead Cook - Alameda County-Santa Rita - 640539 [UNVERIFIED: Alameda County-Santa Rita]
2026-03-07 12:30:20,234 - INFO - New job: Cook - Alameda County-Santa Rita - 640541 [UNVERIFIED: Alameda County-Santa Rita]
2026-03-07 12:30:20,267 - INFO - New job: Commissary Worker - USG - USCS - KENTUCKY - 640557 [UNVERIFIED: USG - USCS - KENTUCKY]
2026-03-07 12:30:20,310 - INFO - New job: Corrections Oversight Worker - Barren County Detention Center - 640599 [VERIFIED: Detroit Detention Center]
2026-03-07 12:30:20,311 - INFO - New job: Kitchen Supervisor - 640621 [No facility found]
2026-03-07 12:30:20,311 - INFO - New job: Kitchen Supervisor - 640626 [No facility found]
2026-03-07 12:30:20,348 - INFO - New job: Dishwasher- Kent County Correctional Facility - 640635 [VERIFIED: Bent County Correctional Facility]
2026-03-07 12:30:20,385 - INFO - New job: Food Service Worker- Kent County Correctional Facility - 640638 [VERIFIED: Bent County Correctional Facility]
2026-03-07 12:30:20,423 - INFO - New job: Food Service Worker Lead- Kent County Correctional Facility - 640639 [VERIFIED: Bent County Correctional Facility]
2026-03-07 12:30:20,423 - INFO - New job: Corrections Oversight Worker - 640660 [No facility found]
2026-03-07 12:30:20,466 - INFO - New job: Corrections Oversight Worker - Southeastern Ohio Regional Jail - 640663 [VERIFIED: Southern Ohio Correctional Facility]
2026-03-07 12:30:20,515 - INFO - New job: Warehouse Lead - Milwaukee House of Corrections Commissary - 640669 [UNVERIFIED: Milwaukee House of Corrections Commissary]
2026-03-07 12:30:20,560 - INFO - New job: Warehouse Worker Lead - USG - USCS - TX PICK & PACK LINE - 640674 [UNVERIFIED: USG - USCS - TX PICK & PACK LINE]
2026-03-07 12:30:20,589 - INFO - New job: Corrections Oversight Worker - Muskingum County Jail - 640683 [UNVERIFIED: Muskingum County Jail]
2026-03-07 12:30:20,616 - INFO - New job: Food Service Supervisor - St. Mary's County - 640700 [UNVERIFIED: St. Mary's County]
2026-03-07 12:30:31,030 - INFO - Added 18 new jobs
2026-03-07 12:30:31,030 - INFO - Fetching descriptions for 18 new jobs...
2026-03-07 12:30:32,256 - INFO - Updated description for 640749
2026-03-07 12:30:33,902 - INFO - Updated description for 640443
2026-03-07 12:30:35,452 - INFO - Updated description for 640535
2026-03-07 12:30:37,152 - INFO - Updated description for 640539
2026-03-07 12:30:38,793 - INFO - Updated description for 640541
2026-03-07 12:30:40,405 - INFO - Updated description for 640557
2026-03-07 12:30:42,022 - INFO - Updated description for 640599
2026-03-07 12:30:43,567 - INFO - Updated description for 640621
2026-03-07 12:30:45,125 - INFO - Updated description for 640626
2026-03-07 12:30:46,782 - INFO - Updated description for 640635
2026-03-07 12:30:48,651 - INFO - Updated description for 640638
2026-03-07 12:30:50,275 - INFO - Updated description for 640639
2026-03-07 12:30:51,883 - INFO - Updated description for 640660
2026-03-07 12:30:53,582 - INFO - Updated description for 640663
2026-03-07 12:30:55,249 - INFO - Updated description for 640669
2026-03-07 12:30:56,938 - INFO - Updated description for 640674
2026-03-07 12:30:58,554 - INFO - Updated description for 640683
2026-03-07 12:31:00,236 - INFO - Updated description for 640700
2026-03-07 12:31:00,744 - INFO - 
=== SUMMARY ===
2026-03-07 12:31:00,745 - INFO - Total jobs in database: 1563
2026-03-07 12:31:00,745 - INFO - New jobs added: 18
2026-03-07 12:31:00,745 - INFO - Descriptions updated: 18
2026-03-07 12:31:00,745 - INFO - Verified facilities: 128
2026-03-07 12:31:00,745 - INFO - Unverified facilities: 341
2026-03-07 12:31:00,745 - INFO - Log saved to: logs/api_scraper_20260307_123014.log
2026-03-07 12:31:00,876 - INFO - Exported 1563 jobs to jobs.csv
