2026-04-18 12:42:25,643 - INFO - Starting API job scraper
2026-04-18 12:42:25,644 - INFO - Loaded 853 master facilities
2026-04-18 12:42:25,644 - INFO - Fetching jobs from API...
2026-04-18 12:42:27,131 - INFO - Total jobs found: 500
2026-04-18 12:42:27,191 - INFO - New job: Food Service Manager - 646637 [No facility found]
2026-04-18 12:42:27,191 - INFO - New job: Food Service Manager - 647712 [No facility found]
2026-04-18 12:42:27,191 - INFO - New job: Food Service Manager - 648091 [No facility found]
2026-04-18 12:42:27,231 - INFO - New job: Commissary Supervisor - USG - USCS - WEST VIRGINIA - 648227 [UNVERIFIED: USG - USCS - WEST VIRGINIA]
2026-04-18 12:42:27,268 - INFO - New job: Warehouse Worker Lead - USG - OH WAREHOUSE - FE - 648271 [UNVERIFIED: USG - OH WAREHOUSE - FE]
2026-04-18 12:42:27,268 - INFO - New job: Procurement Manager - 648362 [No facility found]
2026-04-18 12:42:27,303 - INFO - New job: Corrections Oversight Worker - Marion Correctional Institution - 648367 [VERIFIED: Marion Correctional Institution]
2026-04-18 12:42:27,337 - INFO - New job: Corrections Oversight Worker - Southeast Correctional Center - 648374 [VERIFIED: Southeast Correctional Center]
2026-04-18 12:42:27,372 - INFO - New job: Food Service Worker Lead - Southeast Correctional Center - 648375 [VERIFIED: Southeast Correctional Center]
2026-04-18 12:42:27,401 - INFO - New job: Cook - Dutchess County Jail - 648377 [UNVERIFIED: Dutchess County Jail]
2026-04-18 12:42:27,446 - INFO - New job: Corrections Oversight Worker - Transition Center of Kansas City - 648394 [VERIFIED: Transition Center of Kansas City]
2026-04-18 12:42:27,479 - INFO - New job: Retail Sales Worker Lead - Pierce County Commissary - 648416 [UNVERIFIED: Pierce County Commissary]
2026-04-18 12:42:27,518 - INFO - New job: Corrections Oversight Worker - Lake County Community Corrections - 648444 [VERIFIED: Lawton Community Corrections Center]
2026-04-18 12:42:27,558 - INFO - New job: Corrections Oversight Worker - Mansfield Correctional Institution - 648445 [VERIFIED: Mansfield Correctional Institution]
2026-04-18 12:42:27,594 - INFO - New job: Food Service Supervisor - Westville Correctional Facility - 648463 [VERIFIED: Westville Correctional Facility]
2026-04-18 12:42:27,628 - INFO - New job: Retail Sales Worker Lead - Yavapai County Commissary - 648474 [UNVERIFIED: Yavapai County Commissary]
2026-04-18 12:42:27,655 - INFO - New job: Food Service Supervisor - Hutchinson Correctional - 648497 [VERIFIED: Hutchinson Correctional Facility]
2026-04-18 12:42:27,685 - INFO - New job: Food Service Worker - Benton County Sheriff WA - 648529 [UNVERIFIED: Benton County Sheriff WA]
2026-04-18 12:42:38,688 - INFO - Added 18 new jobs
2026-04-18 12:42:38,688 - INFO - Fetching descriptions for 18 new jobs...
2026-04-18 12:42:39,907 - INFO - Updated description for 646637
2026-04-18 12:42:41,516 - INFO - Updated description for 647712
2026-04-18 12:42:43,253 - INFO - Updated description for 648091
2026-04-18 12:42:44,914 - INFO - Updated description for 648227
2026-04-18 12:42:46,519 - INFO - Updated description for 648271
2026-04-18 12:42:48,283 - INFO - Updated description for 648362
2026-04-18 12:42:50,074 - INFO - Updated description for 648367
2026-04-18 12:42:51,689 - INFO - Updated description for 648374
2026-04-18 12:42:53,299 - INFO - Updated description for 648375
2026-04-18 12:42:55,275 - INFO - Updated description for 648377
2026-04-18 12:42:57,071 - INFO - Updated description for 648394
2026-04-18 12:42:59,090 - INFO - Updated description for 648416
2026-04-18 12:43:00,804 - INFO - Updated description for 648444
2026-04-18 12:43:02,533 - INFO - Updated description for 648445
2026-04-18 12:43:04,230 - INFO - Updated description for 648463
2026-04-18 12:43:05,947 - INFO - Updated description for 648474
2026-04-18 12:43:07,633 - INFO - Updated description for 648497
2026-04-18 12:43:09,484 - INFO - Updated description for 648529
2026-04-18 12:43:09,998 - INFO - 
=== SUMMARY ===
2026-04-18 12:43:09,998 - INFO - Total jobs in database: 1953
2026-04-18 12:43:09,998 - INFO - New jobs added: 18
2026-04-18 12:43:09,999 - INFO - Descriptions updated: 18
2026-04-18 12:43:09,999 - INFO - Verified facilities: 133
2026-04-18 12:43:09,999 - INFO - Unverified facilities: 364
2026-04-18 12:43:09,999 - INFO - Log saved to: logs/api_scraper_20260418_124225.log
2026-04-18 12:43:10,178 - INFO - Exported 1953 jobs to jobs.csv
