2026-04-09 13:04:50,538 - INFO - Starting API job scraper
2026-04-09 13:04:50,538 - INFO - Loaded 853 master facilities
2026-04-09 13:04:50,538 - INFO - Fetching jobs from API...
2026-04-09 13:04:54,483 - INFO - Total jobs found: 500
2026-04-09 13:04:54,528 - INFO - New job: Retail Sales Worker - Lansing Correctional - 646504 [VERIFIED: Lansing Correctional Facility]
2026-04-09 13:04:54,560 - INFO - New job: Food Service Worker Lead - Desoto - Annex/WC - (564/560) - 646520 [VERIFIED: Desoto Annex]
2026-04-09 13:04:54,598 - INFO - New job: Commissary Worker - St. Lucie County Commissary - 646593 [UNVERIFIED: St. Lucie County Commissary]
2026-04-09 13:04:54,624 - INFO - New job: Food Service Worker Lead - Pinal County Jail - 646605 [UNVERIFIED: Pinal County Jail]
2026-04-09 13:04:54,673 - INFO - New job: Commissary Worker - Correction Center of Northwest Ohio Commissary - 646620 [UNVERIFIED: Correction Center of Northwest Ohio Commissary]
2026-04-09 13:04:54,708 - INFO - New job: Hourly Supervisor - Indian River County Jail - 646625 [UNVERIFIED: Indian River County Jail]
2026-04-09 13:04:54,751 - INFO - New job: Warehouse Worker III - USG - TX WAREHOUSE - FE - 646659 [UNVERIFIED: USG - TX WAREHOUSE - FE]
2026-04-09 13:04:54,795 - INFO - New job: Retail Sales Worker Lead - Clinton County Correctional Facility - PA - 646708 [VERIFIED: Bent County Correctional Facility]
2026-04-09 13:04:54,796 - INFO - New job: Food Service Worker - 646727 [No facility found]
2026-04-09 13:04:54,820 - INFO - New job: Corrections Oversight Worker - Ross County OH - 646760 [UNVERIFIED: Ross County OH]
2026-04-09 13:04:54,864 - INFO - New job: Corrections Oversight Worker - Richmond County Sheriff's Office Jail - 646770 [UNVERIFIED: Richmond County Sheriff's Office Jail]
2026-04-09 13:04:54,864 - INFO - New job: Fair Chance & Talent Placement Manager - 646808 [No facility found]
2026-04-09 13:04:54,895 - INFO - New job: Corrections Oversight Worker - Pinellas County Food - 646374 [UNVERIFIED: Pinellas County Food]
2026-04-09 13:04:54,930 - INFO - New job: Commissary Worker - USG - USCS - SOUTH DAKOTA - 646399 [UNVERIFIED: USG - USCS - SOUTH DAKOTA]
2026-04-09 13:04:54,996 - INFO - New job: Food Service Worker Lead - Hillsborough County Commissary - Yavapai County Sheriff's Office - 646444 [UNVERIFIED: Hillsborough County Commissary - Yavapai County Sheriff's Office]
2026-04-09 13:04:55,046 - INFO - New job: Cook - Baltimore County Department of Corrections - 646480 [UNVERIFIED: Baltimore County Department of Corrections]
2026-04-09 13:04:55,095 - INFO - New job: Food Service Worker - Baltimore County Department of Corrections - 646482 [UNVERIFIED: Baltimore County Department of Corrections]
2026-04-09 13:05:05,915 - INFO - Added 17 new jobs
2026-04-09 13:05:05,915 - INFO - Fetching descriptions for 17 new jobs...
2026-04-09 13:05:07,022 - INFO - Updated description for 646504
2026-04-09 13:05:08,624 - INFO - Updated description for 646520
2026-04-09 13:05:10,244 - INFO - Updated description for 646593
2026-04-09 13:05:11,943 - INFO - Updated description for 646605
2026-04-09 13:05:13,598 - INFO - Updated description for 646620
2026-04-09 13:05:15,254 - INFO - Updated description for 646625
2026-04-09 13:05:16,824 - INFO - Updated description for 646659
2026-04-09 13:05:18,470 - INFO - Updated description for 646708
2026-04-09 13:05:20,043 - INFO - Updated description for 646727
2026-04-09 13:05:21,620 - INFO - Updated description for 646760
2026-04-09 13:05:23,393 - INFO - Updated description for 646770
2026-04-09 13:05:25,026 - INFO - Updated description for 646808
2026-04-09 13:05:26,615 - INFO - Updated description for 646374
2026-04-09 13:05:28,261 - INFO - Updated description for 646399
2026-04-09 13:05:29,841 - INFO - Updated description for 646444
2026-04-09 13:05:31,612 - INFO - Updated description for 646480
2026-04-09 13:05:33,268 - INFO - Updated description for 646482
2026-04-09 13:05:33,776 - INFO - 
=== SUMMARY ===
2026-04-09 13:05:33,776 - INFO - Total jobs in database: 1868
2026-04-09 13:05:33,776 - INFO - New jobs added: 17
2026-04-09 13:05:33,776 - INFO - Descriptions updated: 17
2026-04-09 13:05:33,776 - INFO - Verified facilities: 131
2026-04-09 13:05:33,776 - INFO - Unverified facilities: 360
2026-04-09 13:05:33,776 - INFO - Log saved to: logs/api_scraper_20260409_130450.log
2026-04-09 13:05:33,930 - INFO - Exported 1868 jobs to jobs.csv
