2026-01-24 12:26:44,942 - INFO - Starting API job scraper
2026-01-24 12:26:44,943 - INFO - Loaded 853 master facilities
2026-01-24 12:26:44,943 - INFO - Fetching jobs from API...
2026-01-24 12:26:47,785 - INFO - Total jobs found: 500
2026-01-24 12:26:47,837 - INFO - New job: General Manager I - DeKalb County Georgia Jail - 631022 [UNVERIFIED: DeKalb County Georgia Jail]
2026-01-24 12:26:47,870 - INFO - New job: Warehouse Worker - Tampa Commissary Warehouse - 631441 [UNVERIFIED: Tampa Commissary Warehouse]
2026-01-24 12:26:47,871 - INFO - New job: Food Service Manager - 631509 [No facility found]
2026-01-24 12:26:47,914 - INFO - New job: Commissary Worker - Ada County Sheriff's Office - Commissary - 631525 [UNVERIFIED: Ada County Sheriff's Office - Commissary]
2026-01-24 12:26:47,941 - INFO - New job: Corrections Oversight Worker - Taylor - CI/Annex - (218/224) - 631607 [UNVERIFIED: Taylor - CI/Annex]
2026-01-24 12:26:47,970 - INFO - New job: Corrections Oversight Worker - Sebastian County Jail - 631615 [UNVERIFIED: Sebastian County Jail]
2026-01-24 12:26:56,512 - INFO - Added 6 new jobs
2026-01-24 12:26:56,512 - INFO - Fetching descriptions for 6 new jobs...
2026-01-24 12:26:57,583 - INFO - Updated description for 631022
2026-01-24 12:26:59,248 - INFO - Updated description for 631441
2026-01-24 12:27:00,824 - INFO - Updated description for 631509
2026-01-24 12:27:02,505 - INFO - Updated description for 631525
2026-01-24 12:27:04,215 - INFO - Updated description for 631607
2026-01-24 12:27:05,883 - INFO - Updated description for 631615
2026-01-24 12:27:06,389 - INFO - 
=== SUMMARY ===
2026-01-24 12:27:06,389 - INFO - Total jobs in database: 1188
2026-01-24 12:27:06,389 - INFO - New jobs added: 6
2026-01-24 12:27:06,389 - INFO - Descriptions updated: 6
2026-01-24 12:27:06,389 - INFO - Verified facilities: 118
2026-01-24 12:27:06,389 - INFO - Unverified facilities: 307
2026-01-24 12:27:06,389 - INFO - Log saved to: logs/api_scraper_20260124_122644.log
2026-01-24 12:27:06,480 - INFO - Exported 1188 jobs to jobs.csv
