2026-05-09 12:58:11,936 - INFO - Starting API job scraper
2026-05-09 12:58:11,937 - INFO - Loaded 853 master facilities
2026-05-09 12:58:11,937 - INFO - Fetching jobs from API...
2026-05-09 12:58:17,852 - INFO - Total jobs found: 500
2026-05-09 12:58:17,853 - INFO - New job: Food Service Manager - 651148 [No facility found]
2026-05-09 12:58:17,901 - INFO - New job: Commissary Worker - Fort Bend Commissary - 652117 [UNVERIFIED: Fort Bend Commissary]
2026-05-09 12:58:17,901 - INFO - New job: Food Service Director - 652122 [No facility found]
2026-05-09 12:58:17,934 - INFO - New job: Housekeeper - Erie County Care Facility - 652179 [VERIFIED: Otero County Prison Facility]
2026-05-09 12:58:17,956 - INFO - New job: Corrections Oversight Worker - Homestead - CI - (419) - 652201 [UNVERIFIED: Homestead - CI]
2026-05-09 12:58:17,957 - INFO - New job: Food Service Worker - 652244 [No facility found]
2026-05-09 12:58:17,957 - INFO - New job: Food Service Worker - 652245 [No facility found]
2026-05-09 12:58:17,957 - INFO - New job: Food Service Worker - 652248 [No facility found]
2026-05-09 12:58:17,991 - INFO - New job: Administrative Support Worker - Alameda County-Santa Rita - 652249 [UNVERIFIED: Alameda County-Santa Rita]
2026-05-09 12:58:18,029 - INFO - New job: Commissary Worker - San Francisco City Commissary - 652268 [UNVERIFIED: San Francisco City Commissary]
2026-05-09 12:58:18,075 - INFO - New job: Driver I - San Francisco City Commissary - 652269 [UNVERIFIED: San Francisco City Commissary]
2026-05-09 12:58:18,110 - INFO - New job: Corrections Oversight Worker - Santa Rosa SRCJF Commissary - 652276 [UNVERIFIED: Santa Rosa SRCJF Commissary]
2026-05-09 12:58:28,901 - INFO - Added 12 new jobs
2026-05-09 12:58:28,901 - INFO - Fetching descriptions for 12 new jobs...
2026-05-09 12:58:30,060 - INFO - Updated description for 651148
2026-05-09 12:58:32,067 - INFO - Updated description for 652117
2026-05-09 12:58:33,801 - INFO - Updated description for 652122
2026-05-09 12:58:35,554 - INFO - Updated description for 652179
2026-05-09 12:58:37,133 - INFO - Updated description for 652201
2026-05-09 12:58:38,830 - INFO - Updated description for 652244
2026-05-09 12:58:40,538 - INFO - Updated description for 652245
2026-05-09 12:58:42,179 - INFO - Updated description for 652248
2026-05-09 12:58:43,798 - INFO - Updated description for 652249
2026-05-09 12:58:45,648 - INFO - Updated description for 652268
2026-05-09 12:58:47,318 - INFO - Updated description for 652269
2026-05-09 12:58:49,048 - INFO - Updated description for 652276
2026-05-09 12:58:49,555 - INFO - 
=== SUMMARY ===
2026-05-09 12:58:49,556 - INFO - Total jobs in database: 2158
2026-05-09 12:58:49,556 - INFO - New jobs added: 12
2026-05-09 12:58:49,556 - INFO - Descriptions updated: 12
2026-05-09 12:58:49,556 - INFO - Verified facilities: 136
2026-05-09 12:58:49,556 - INFO - Unverified facilities: 373
2026-05-09 12:58:49,556 - INFO - Log saved to: logs/api_scraper_20260509_125811.log
2026-05-09 12:58:49,725 - INFO - Exported 2158 jobs to jobs.csv
