2026-04-04 12:37:02,629 - INFO - Starting API job scraper
2026-04-04 12:37:02,630 - INFO - Loaded 853 master facilities
2026-04-04 12:37:02,630 - INFO - Fetching jobs from API...
2026-04-04 12:37:07,925 - INFO - Total jobs found: 500
2026-04-04 12:37:07,926 - INFO - New job: Corrections Oversight Worker - 646040 [No facility found]
2026-04-04 12:37:07,985 - INFO - New job: Corrections Oversight Worker - Ohio Reformatory for Women - 645734 [VERIFIED: Ohio Reformatory for Women]
2026-04-04 12:37:08,024 - INFO - New job: Corrections Oversight Worker - Southeastern Correctional Facility - 645853 [VERIFIED: Eastern Correctional Facility]
2026-04-04 12:37:08,024 - INFO - New job: Food Service Manager - 645870 [No facility found]
2026-04-04 12:37:08,069 - INFO - New job: Warehouse Worker III - USG - USCS - TX PICK & PACK LINE - 645878 [UNVERIFIED: USG - USCS - TX PICK & PACK LINE]
2026-04-04 12:37:08,107 - INFO - New job: Driver II - Sacramento County Commissary - 645907 [UNVERIFIED: Sacramento County Commissary]
2026-04-04 12:37:08,136 - INFO - New job: Food Service Worker - St John County Jail - 645958 [UNVERIFIED: St John County Jail]
2026-04-04 12:37:08,162 - INFO - New job: Kitchen Supervisor - Madison - CI/WC - 645959 [UNVERIFIED: Madison - CI/WC]
2026-04-04 12:37:08,203 - INFO - New job: Commissary Worker - USG - USCS - WEST VIRGINIA - 645969 [UNVERIFIED: USG - USCS - WEST VIRGINIA]
2026-04-04 12:37:08,243 - INFO - New job: Commissary Worker - USG - USCS - WEST VIRGINIA - 645972 [UNVERIFIED: USG - USCS - WEST VIRGINIA]
2026-04-04 12:37:08,283 - INFO - New job: Commissary Worker - USG - USCS - WEST VIRGINIA - 645975 [UNVERIFIED: USG - USCS - WEST VIRGINIA]
2026-04-04 12:37:08,284 - INFO - New job: Commissary Manager - 645992 [No facility found]
2026-04-04 12:37:08,315 - INFO - New job: Corrections Oversight Worker - Ozark Correctional Center - 645993 [VERIFIED: Ozark Correctional Center]
2026-04-04 12:37:08,372 - INFO - New job: Corrections Oversight Worker - Western Reception, Diagnostic and Correctional Center - 645996 [VERIFIED: Western Illinois Correctional Center]
2026-04-04 12:37:20,578 - INFO - Added 14 new jobs
2026-04-04 12:37:20,578 - INFO - Fetching descriptions for 14 new jobs...
2026-04-04 12:37:21,868 - INFO - Updated description for 646040
2026-04-04 12:37:23,419 - INFO - Updated description for 645734
2026-04-04 12:37:24,980 - INFO - Updated description for 645853
2026-04-04 12:37:26,770 - INFO - Updated description for 645870
2026-04-04 12:37:28,534 - INFO - Updated description for 645878
2026-04-04 12:37:30,186 - INFO - Updated description for 645907
2026-04-04 12:37:31,779 - INFO - Updated description for 645958
2026-04-04 12:37:33,472 - INFO - Updated description for 645959
2026-04-04 12:37:35,136 - INFO - Updated description for 645969
2026-04-04 12:37:36,711 - INFO - Updated description for 645972
2026-04-04 12:37:38,421 - INFO - Updated description for 645975
2026-04-04 12:37:40,115 - INFO - Updated description for 645992
2026-04-04 12:37:41,710 - INFO - Updated description for 645993
2026-04-04 12:37:45,764 - INFO - Updated description for 645996
2026-04-04 12:37:46,271 - INFO - 
=== SUMMARY ===
2026-04-04 12:37:46,271 - INFO - Total jobs in database: 1827
2026-04-04 12:37:46,271 - INFO - New jobs added: 14
2026-04-04 12:37:46,271 - INFO - Descriptions updated: 14
2026-04-04 12:37:46,271 - INFO - Verified facilities: 131
2026-04-04 12:37:46,271 - INFO - Unverified facilities: 357
2026-04-04 12:37:46,271 - INFO - Log saved to: logs/api_scraper_20260404_123702.log
2026-04-04 12:37:46,422 - INFO - Exported 1827 jobs to jobs.csv
