2026-03-03 12:38:13,757 - INFO - Starting API job scraper
2026-03-03 12:38:13,757 - INFO - Loaded 853 master facilities
2026-03-03 12:38:13,757 - INFO - Fetching jobs from API...
2026-03-03 12:38:14,914 - INFO - Total jobs found: 500
2026-03-03 12:38:15,007 - INFO - New job: Warehouse Supervisor - Hutchinson Correctional - 638759 [VERIFIED: Hutchinson Correctional Facility]
2026-03-03 12:38:15,062 - INFO - New job: Corrections Oversight Worker - Guilford County Detention Facility - 639496 [VERIFIED: South Florida Detention Facility]
2026-03-03 12:38:15,062 - INFO - New job: Food Service Director - 639506 [No facility found]
2026-03-03 12:38:15,091 - INFO - New job: Corrections Oversight Worker - Summit County Jail - 639509 [UNVERIFIED: Summit County Jail]
2026-03-03 12:38:15,130 - INFO - New job: Corrections Oversight Worker - Jefferson City Correctional Center - 639515 [VERIFIED: Jefferson City Correctional Center]
2026-03-03 12:38:15,172 - INFO - New job: Food Service Worker Lead - South Central Correctional Center - 639529 [VERIFIED: South Central Correctional Center]
2026-03-03 12:38:15,208 - INFO - New job: Corrections Oversight Worker - Brevard County Food - 637940 [UNVERIFIED: Brevard County Food]
2026-03-03 12:38:15,247 - INFO - New job: Cook - Anoka County Jail Facility - 639628 [VERIFIED: Otero County Prison Facility]
2026-03-03 12:38:24,761 - INFO - Added 8 new jobs
2026-03-03 12:38:24,761 - INFO - Fetching descriptions for 8 new jobs...
2026-03-03 12:38:25,909 - INFO - Updated description for 638759
2026-03-03 12:38:27,403 - INFO - Updated description for 639496
2026-03-03 12:38:28,886 - INFO - Updated description for 639506
2026-03-03 12:38:30,379 - INFO - Updated description for 639509
2026-03-03 12:38:31,893 - INFO - Updated description for 639515
2026-03-03 12:38:33,443 - INFO - Updated description for 639529
2026-03-03 12:38:35,023 - INFO - Updated description for 637940
2026-03-03 12:38:36,828 - INFO - Updated description for 639628
2026-03-03 12:38:37,336 - INFO - 
=== SUMMARY ===
2026-03-03 12:38:37,336 - INFO - Total jobs in database: 1505
2026-03-03 12:38:37,336 - INFO - New jobs added: 8
2026-03-03 12:38:37,336 - INFO - Descriptions updated: 8
2026-03-03 12:38:37,336 - INFO - Verified facilities: 128
2026-03-03 12:38:37,336 - INFO - Unverified facilities: 335
2026-03-03 12:38:37,336 - INFO - Log saved to: logs/api_scraper_20260303_123813.log
2026-03-03 12:38:37,464 - INFO - Exported 1505 jobs to jobs.csv
