2026-06-20 13:43:10,883 - INFO - Starting API job scraper
2026-06-20 13:43:10,883 - INFO - Loaded 853 master facilities
2026-06-20 13:43:10,883 - INFO - Fetching jobs from API...
2026-06-20 13:43:14,304 - INFO - Total jobs found: 500
2026-06-20 13:43:14,305 - INFO - New job: Strategic Sourcing Analyst - 660218 [No facility found]
2026-06-20 13:43:14,356 - INFO - New job: Corrections Food Service Worker - Coastal State Prison - 660222 [VERIFIED: Coastal State Prison]
2026-06-20 13:43:14,356 - INFO - New job: Food Service Worker Lead - 660322 [No facility found]
2026-06-20 13:43:14,357 - INFO - New job: Food Service Worker - 660323 [No facility found]
2026-06-20 13:43:25,674 - INFO - Added 4 new jobs
2026-06-20 13:43:25,674 - INFO - Fetching descriptions for 4 new jobs...
2026-06-20 13:43:27,443 - INFO - Updated description for 660218
2026-06-20 13:43:29,279 - INFO - Updated description for 660222
2026-06-20 13:43:31,146 - INFO - Updated description for 660322
2026-06-20 13:43:33,075 - INFO - Updated description for 660323
2026-06-20 13:43:33,584 - INFO - 
=== SUMMARY ===
2026-06-20 13:43:33,584 - INFO - Total jobs in database: 2544
2026-06-20 13:43:33,584 - INFO - New jobs added: 4
2026-06-20 13:43:33,584 - INFO - Descriptions updated: 4
2026-06-20 13:43:33,584 - INFO - Verified facilities: 139
2026-06-20 13:43:33,584 - INFO - Unverified facilities: 407
2026-06-20 13:43:33,584 - INFO - Log saved to: logs/api_scraper_20260620_134310.log
2026-06-20 13:43:33,800 - INFO - Exported 2544 jobs to jobs.csv
