2026-05-08 13:13:16,829 - INFO - Starting API job scraper
2026-05-08 13:13:16,829 - INFO - Loaded 853 master facilities
2026-05-08 13:13:16,830 - INFO - Fetching jobs from API...
2026-05-08 13:13:19,421 - INFO - Total jobs found: 500
2026-05-08 13:13:19,544 - INFO - New job: Corrections Oversight Worker- Pulaski County Regional Detention Facility - 651901 [VERIFIED: South Florida Detention Facility]
2026-05-08 13:13:19,578 - INFO - New job: Commissary Worker - USG - USCS - KENTUCKY - 651928 [UNVERIFIED: USG - USCS - KENTUCKY]
2026-05-08 13:13:19,578 - INFO - New job: Food Service Manager - 651937 [No facility found]
2026-05-08 13:13:19,578 - INFO - New job: Food Service Manager - 651962 [No facility found]
2026-05-08 13:13:19,578 - INFO - New job: Food Service Worker - 651973 [No facility found]
2026-05-08 13:13:19,578 - INFO - New job: Food Service Worker - 651995 [No facility found]
2026-05-08 13:13:19,579 - INFO - New job: Food Service Supervisor - 651998 [No facility found]
2026-05-08 13:13:19,579 - INFO - New job: Food Service Worker - 652000 [No facility found]
2026-05-08 13:13:19,579 - INFO - New job: Food Service Worker - 652004 [No facility found]
2026-05-08 13:13:19,579 - INFO - New job: Food Service Worker - 652007 [No facility found]
2026-05-08 13:13:19,579 - INFO - New job: Food Service Worker - 652010 [No facility found]
2026-05-08 13:13:19,579 - INFO - New job: Food Service Worker - 652013 [No facility found]
2026-05-08 13:13:19,615 - INFO - New job: Corrections Oversight Worker - Winnebago County Jail WI - 652018 [UNVERIFIED: Winnebago County Jail WI]
2026-05-08 13:13:19,644 - INFO - New job: Food Service Worker Lead - St John County Jail - 652089 [UNVERIFIED: St John County Jail]
2026-05-08 13:13:19,644 - INFO - New job: Food Service Manager - 652090 [No facility found]
2026-05-08 13:13:31,804 - INFO - Added 15 new jobs
2026-05-08 13:13:31,804 - INFO - Fetching descriptions for 15 new jobs...
2026-05-08 13:13:32,914 - INFO - Updated description for 651901
2026-05-08 13:13:34,676 - INFO - Updated description for 651928
2026-05-08 13:13:36,319 - INFO - Updated description for 651937
2026-05-08 13:13:37,929 - INFO - Updated description for 651962
2026-05-08 13:13:39,628 - INFO - Updated description for 651973
2026-05-08 13:13:41,300 - INFO - Updated description for 651995
2026-05-08 13:13:42,931 - INFO - Updated description for 651998
2026-05-08 13:13:44,552 - INFO - Updated description for 652000
2026-05-08 13:13:46,430 - INFO - Updated description for 652004
2026-05-08 13:13:48,162 - INFO - Updated description for 652007
2026-05-08 13:13:49,758 - INFO - Updated description for 652010
2026-05-08 13:13:51,413 - INFO - Updated description for 652013
2026-05-08 13:13:53,066 - INFO - Updated description for 652018
2026-05-08 13:13:54,810 - INFO - Updated description for 652089
2026-05-08 13:13:56,475 - INFO - Updated description for 652090
2026-05-08 13:13:56,984 - INFO - 
=== SUMMARY ===
2026-05-08 13:13:56,984 - INFO - Total jobs in database: 2146
2026-05-08 13:13:56,984 - INFO - New jobs added: 15
2026-05-08 13:13:56,984 - INFO - Descriptions updated: 15
2026-05-08 13:13:56,984 - INFO - Verified facilities: 136
2026-05-08 13:13:56,984 - INFO - Unverified facilities: 373
2026-05-08 13:13:56,984 - INFO - Log saved to: logs/api_scraper_20260508_131316.log
2026-05-08 13:13:57,172 - INFO - Exported 2146 jobs to jobs.csv
