2026-06-11 15:38:46,894 - INFO - Starting API job scraper
2026-06-11 15:38:46,895 - INFO - Loaded 853 master facilities
2026-06-11 15:38:46,895 - INFO - Fetching jobs from API...
2026-06-11 15:38:48,385 - INFO - Total jobs found: 500
2026-06-11 15:38:48,418 - INFO - New job: Food Service Manager - 657627 [No facility found]
2026-06-11 15:38:48,447 - INFO - New job: Food Service Worker Lead - Potosi Correctional Center - 657686 [VERIFIED: Potosi Correctional Center]
2026-06-11 15:38:48,448 - INFO - New job: Food Service Manager - 658082 [No facility found]
2026-06-11 15:38:48,466 - INFO - New job: Driver II - Pitt County - 658157 [UNVERIFIED: Pitt County]
2026-06-11 15:38:48,512 - INFO - New job: Warehouse Worker - Jacksonville City Detention Center - 658197 [VERIFIED: Jacksonville Correctional Center]
2026-06-11 15:38:48,557 - INFO - New job: Retail Sales Worker Lead - Jacksonville City Detention Center - 658202 [VERIFIED: Jacksonville Correctional Center]
2026-06-11 15:38:48,579 - INFO - New job: Corrections Oversight Worker - Ross County OH - 658208 [UNVERIFIED: Ross County OH]
2026-06-11 15:38:48,611 - INFO - New job: Warehouse Worker I - USG - NV WAREHOUSE - UD - 658221 [UNVERIFIED: USG - NV WAREHOUSE - UD]
2026-06-11 15:38:48,644 - INFO - New job: Warehouse Worker I - USG - NV WAREHOUSE - UD - 658222 [UNVERIFIED: USG - NV WAREHOUSE - UD]
2026-06-11 15:38:48,663 - INFO - New job: Corrections Oversight Worker - VOA Dayton - 658224 [UNVERIFIED: VOA Dayton]
2026-06-11 15:38:48,677 - INFO - New job: Food Service Supervisor - Corrections - 658229 [UNVERIFIED: Corrections]
2026-06-11 15:38:48,710 - INFO - New job: Food Service Supervisor - Ohio State Penitentiary - 658243 [VERIFIED: Ohio State Penitentiary]
2026-06-11 15:38:48,744 - INFO - New job: Corrections Oversight Worker - Gene Spadaro Juvenile Ctr - 658272 [UNVERIFIED: Gene Spadaro Juvenile Ctr]
2026-06-11 15:38:48,785 - INFO - New job: Corrections Oversight Worker - Clinton County Correctional Facility - PA - 658276 [VERIFIED: Bent County Correctional Facility]
2026-06-11 15:38:48,813 - INFO - New job: Commissary Worker - USG - USCS - KANSAS - 658284 [UNVERIFIED: USG - USCS - KANSAS]
2026-06-11 15:38:48,841 - INFO - New job: Commissary Worker - USG - USCS - KANSAS - 658285 [UNVERIFIED: USG - USCS - KANSAS]
2026-06-11 15:38:48,870 - INFO - New job: Food Service Worker Lead - OKDOC - Joseph Harp - 658350 [UNVERIFIED: OKDOC - Joseph Harp]
2026-06-11 15:38:48,922 - INFO - New job: Food Service Worker - Anthony Correctional Center - Denmar Correctional Center - 658356 [UNVERIFIED: Anthony Correctional Center - Denmar Correctional Center]
2026-06-11 15:38:59,367 - INFO - Added 18 new jobs
2026-06-11 15:38:59,367 - INFO - Fetching descriptions for 18 new jobs...
2026-06-11 15:39:00,534 - INFO - Updated description for 657627
2026-06-11 15:39:02,378 - INFO - Updated description for 657686
2026-06-11 15:39:04,054 - INFO - Updated description for 658082
2026-06-11 15:39:05,810 - INFO - Updated description for 658157
2026-06-11 15:39:07,758 - INFO - Updated description for 658197
2026-06-11 15:39:09,606 - INFO - Updated description for 658202
2026-06-11 15:39:11,305 - INFO - Updated description for 658208
2026-06-11 15:39:13,129 - INFO - Updated description for 658221
2026-06-11 15:39:14,831 - INFO - Updated description for 658222
2026-06-11 15:39:16,476 - INFO - Updated description for 658224
2026-06-11 15:39:18,347 - INFO - Updated description for 658229
2026-06-11 15:39:20,111 - INFO - Updated description for 658243
2026-06-11 15:39:21,943 - INFO - Updated description for 658272
2026-06-11 15:39:23,807 - INFO - Updated description for 658276
2026-06-11 15:39:25,782 - INFO - Updated description for 658284
2026-06-11 15:39:27,436 - INFO - Updated description for 658285
2026-06-11 15:39:29,137 - INFO - Updated description for 658350
2026-06-11 15:39:30,795 - INFO - Updated description for 658356
2026-06-11 15:39:31,303 - INFO - 
=== SUMMARY ===
2026-06-11 15:39:31,303 - INFO - Total jobs in database: 2453
2026-06-11 15:39:31,303 - INFO - New jobs added: 18
2026-06-11 15:39:31,303 - INFO - Descriptions updated: 18
2026-06-11 15:39:31,304 - INFO - Verified facilities: 139
2026-06-11 15:39:31,304 - INFO - Unverified facilities: 398
2026-06-11 15:39:31,304 - INFO - Log saved to: logs/api_scraper_20260611_153846.log
2026-06-11 15:39:31,497 - INFO - Exported 2453 jobs to jobs.csv
