2026-06-05 14:29:08,616 - INFO - Starting API job scraper
2026-06-05 14:29:08,617 - INFO - Loaded 853 master facilities
2026-06-05 14:29:08,617 - INFO - Fetching jobs from API...
2026-06-05 14:29:13,963 - INFO - Total jobs found: 500
2026-06-05 14:29:14,010 - INFO - New job: Corrections Food Service Worker - Mercer County CCC - 657133 [UNVERIFIED: Mercer County CCC]
2026-06-05 14:29:14,051 - INFO - New job: Commissary Worker - USG - USCS - WEST VIRGINIA - 657218 [UNVERIFIED: USG - USCS - WEST VIRGINIA]
2026-06-05 14:29:14,091 - INFO - New job: Driver I - Wabash Valley Correctional Facility - 657224 [VERIFIED: Wabash Valley Correctional Facility]
2026-06-05 14:29:14,132 - INFO - New job: Corrections Oversight Worker - Wabash Valley Correctional Facility - 657226 [VERIFIED: Wabash Valley Correctional Facility]
2026-06-05 14:29:14,188 - INFO - New job: Lead Supervisor - Lancaster County Detention Facility (NE) - 657240 [UNVERIFIED: Lancaster County Detention Facility (NE)]
2026-06-05 14:29:14,223 - INFO - New job: Food Service Worker Lead - Noble Correctional Institution - 657264 [VERIFIED: Noble Correctional Institution]
2026-06-05 14:29:14,224 - INFO - New job: General Manager I - 657015 [No facility found]
2026-06-05 14:29:25,744 - INFO - Added 7 new jobs
2026-06-05 14:29:25,744 - INFO - Fetching descriptions for 7 new jobs...
2026-06-05 14:29:26,865 - INFO - Updated description for 657133
2026-06-05 14:29:28,597 - INFO - Updated description for 657218
2026-06-05 14:29:30,277 - INFO - Updated description for 657224
2026-06-05 14:29:31,907 - INFO - Updated description for 657226
2026-06-05 14:29:33,610 - INFO - Updated description for 657240
2026-06-05 14:29:35,278 - INFO - Updated description for 657264
2026-06-05 14:29:37,227 - INFO - Updated description for 657015
2026-06-05 14:29:37,735 - INFO - 
=== SUMMARY ===
2026-06-05 14:29:37,735 - INFO - Total jobs in database: 2396
2026-06-05 14:29:37,735 - INFO - New jobs added: 7
2026-06-05 14:29:37,735 - INFO - Descriptions updated: 7
2026-06-05 14:29:37,735 - INFO - Verified facilities: 139
2026-06-05 14:29:37,735 - INFO - Unverified facilities: 393
2026-06-05 14:29:37,735 - INFO - Log saved to: logs/api_scraper_20260605_142908.log
2026-06-05 14:29:37,933 - INFO - Exported 2396 jobs to jobs.csv
