2026-03-06 12:36:49,474 - INFO - Starting API job scraper
2026-03-06 12:36:49,475 - INFO - Loaded 853 master facilities
2026-03-06 12:36:49,475 - INFO - Fetching jobs from API...
2026-03-06 12:36:54,898 - INFO - Total jobs found: 500
2026-03-06 12:36:54,958 - INFO - New job: Lead Cook - La Crosse County, WI - 640301 [UNVERIFIED: La Crosse County, WI]
2026-03-06 12:36:54,992 - INFO - New job: Food Service Worker - La Crosse County, WI - 640302 [UNVERIFIED: La Crosse County, WI]
2026-03-06 12:36:55,034 - INFO - New job: Food Service Supervisor - DeKalb County Georgia Jail - 640315 [UNVERIFIED: DeKalb County Georgia Jail]
2026-03-06 12:36:55,092 - INFO - New job: Food Service Worker - Harris County Juvenile Detention Center - 640360 [UNVERIFIED: Harris County Juvenile Detention Center]
2026-03-06 12:36:55,150 - INFO - New job: Food Service Worker - Harris County Juvenile Detention Center - 640383 [UNVERIFIED: Harris County Juvenile Detention Center]
2026-03-06 12:36:55,197 - INFO - New job: Corrections Oversight Worker - Florida State Prison Main/West - (205/206) - 640408 [VERIFIED: Florida State Prison]
2026-03-06 12:36:55,235 - INFO - New job: Commissary Worker - Dutchess County Commissary - 640421 [UNVERIFIED: Dutchess County Commissary]
2026-03-06 12:36:55,269 - INFO - New job: Corrections Oversight Worker - Dauphin County Prison - 640427 [UNVERIFIED: Dauphin County Prison]
2026-03-06 12:36:55,270 - INFO - New job: Food Service Manager - 640448 [No facility found]
2026-03-06 12:37:06,129 - INFO - Added 9 new jobs
2026-03-06 12:37:06,129 - INFO - Fetching descriptions for 9 new jobs...
2026-03-06 12:37:07,505 - INFO - Updated description for 640301
2026-03-06 12:37:09,668 - INFO - Updated description for 640302
2026-03-06 12:37:11,380 - INFO - Updated description for 640315
2026-03-06 12:37:13,284 - INFO - Updated description for 640360
2026-03-06 12:37:14,989 - INFO - Updated description for 640383
2026-03-06 12:37:16,787 - INFO - Updated description for 640408
2026-03-06 12:37:18,497 - INFO - Updated description for 640421
2026-03-06 12:37:20,186 - INFO - Updated description for 640427
2026-03-06 12:37:22,065 - INFO - Updated description for 640448
2026-03-06 12:37:22,573 - INFO - 
=== SUMMARY ===
2026-03-06 12:37:22,573 - INFO - Total jobs in database: 1545
2026-03-06 12:37:22,573 - INFO - New jobs added: 9
2026-03-06 12:37:22,573 - INFO - Descriptions updated: 9
2026-03-06 12:37:22,573 - INFO - Verified facilities: 128
2026-03-06 12:37:22,573 - INFO - Unverified facilities: 341
2026-03-06 12:37:22,573 - INFO - Log saved to: logs/api_scraper_20260306_123649.log
2026-03-06 12:37:22,703 - INFO - Exported 1545 jobs to jobs.csv
