2026-03-13 12:39:08,160 - INFO - Starting API job scraper
2026-03-13 12:39:08,160 - INFO - Loaded 853 master facilities
2026-03-13 12:39:08,160 - INFO - Fetching jobs from API...
2026-03-13 12:39:11,291 - INFO - Total jobs found: 500
2026-03-13 12:39:11,371 - INFO - New job: Food Service Worker - Putnam County Jail, FL - 640866 [UNVERIFIED: Putnam County Jail, FL]
2026-03-13 12:39:11,408 - INFO - New job: Lead Cook - DeKalb County Georgia Jail - 640586 [UNVERIFIED: DeKalb County Georgia Jail]
2026-03-13 12:39:11,449 - INFO - New job: Corrections Oversight Worker - Western Kentucky Correctional Complex - 641572 [VERIFIED: Western Kentucky Correctional Complex]
2026-03-13 12:39:11,449 - INFO - New job: Food Service Manager - 641130 [No facility found]
2026-03-13 12:39:11,491 - INFO - New job: Commissary Worker - Delaware County (PA) - Commissary - 641644 [UNVERIFIED: Delaware County (PA) - Commissary]
2026-03-13 12:39:11,536 - INFO - New job: Corrections Oversight Worker - Arlington County Detention Ctr - 641667 [UNVERIFIED: Arlington County Detention Ctr]
2026-03-13 12:39:11,577 - INFO - New job: HVAC I - Mecklenburg County Facilities - 641719 [UNVERIFIED: Mecklenburg County Facilities]
2026-03-13 12:39:11,617 - INFO - New job: HVAC I - Mecklenburg County Facilities - 641720 [UNVERIFIED: Mecklenburg County Facilities]
2026-03-13 12:39:11,618 - INFO - New job: Food Service Worker Lead - 641737 [No facility found]
2026-03-13 12:39:11,640 - INFO - New job: Kitchen Supervisor - Century - CI/WC - (106/167) - 641751 [UNVERIFIED: Century - CI/WC]
2026-03-13 12:39:11,665 - INFO - New job: Corrections Oversight Worker - ASPC - Lewis - 641763 [UNVERIFIED: ASPC - Lewis]
2026-03-13 12:39:11,697 - INFO - New job: Food Service Worker Lead - Dauphin County Prison - 641764 [UNVERIFIED: Dauphin County Prison]
2026-03-13 12:39:11,697 - INFO - New job: Food Service Director - 641780 [No facility found]
2026-03-13 12:39:11,712 - INFO - New job: Field Marketing Director - Corrections - 641802 [UNVERIFIED: Corrections]
2026-03-13 12:39:22,924 - INFO - Added 14 new jobs
2026-03-13 12:39:22,924 - INFO - Fetching descriptions for 14 new jobs...
2026-03-13 12:39:24,001 - INFO - Updated description for 640866
2026-03-13 12:39:25,566 - INFO - Updated description for 640586
2026-03-13 12:39:27,293 - INFO - Updated description for 641572
2026-03-13 12:39:28,950 - INFO - Updated description for 641130
2026-03-13 12:39:30,511 - INFO - Updated description for 641644
2026-03-13 12:39:32,179 - INFO - Updated description for 641667
2026-03-13 12:39:33,766 - INFO - Updated description for 641719
2026-03-13 12:39:35,325 - INFO - Updated description for 641720
2026-03-13 12:39:37,009 - INFO - Updated description for 641737
2026-03-13 12:39:38,659 - INFO - Updated description for 641751
2026-03-13 12:39:40,303 - INFO - Updated description for 641763
2026-03-13 12:39:41,864 - INFO - Updated description for 641764
2026-03-13 12:39:43,481 - INFO - Updated description for 641780
2026-03-13 12:39:45,125 - INFO - Updated description for 641802
2026-03-13 12:39:45,634 - INFO - 
=== SUMMARY ===
2026-03-13 12:39:45,634 - INFO - Total jobs in database: 1631
2026-03-13 12:39:45,634 - INFO - New jobs added: 14
2026-03-13 12:39:45,634 - INFO - Descriptions updated: 14
2026-03-13 12:39:45,634 - INFO - Verified facilities: 128
2026-03-13 12:39:45,634 - INFO - Unverified facilities: 345
2026-03-13 12:39:45,634 - INFO - Log saved to: logs/api_scraper_20260313_123908.log
2026-03-13 12:39:45,771 - INFO - Exported 1631 jobs to jobs.csv
