2026-03-26 12:55:59,316 - INFO - Starting API job scraper
2026-03-26 12:55:59,316 - INFO - Loaded 853 master facilities
2026-03-26 12:55:59,317 - INFO - Fetching jobs from API...
2026-03-26 12:56:02,211 - INFO - Total jobs found: 500
2026-03-26 12:56:02,212 - INFO - New job: Food Service Manager - 643956 [No facility found]
2026-03-26 12:56:02,274 - INFO - New job: Corrections Oversight Worker - Lucas County Juvenile Court - 644020 [UNVERIFIED: Lucas County Juvenile Court]
2026-03-26 12:56:02,318 - INFO - New job: Food Service Worker Lead - Toledo Schools & Academies - 644022 [UNVERIFIED: Toledo Schools & Academies]
2026-03-26 12:56:02,318 - INFO - New job: Corrections Oversight Worker - 644107 [No facility found]
2026-03-26 12:56:02,352 - INFO - New job: Commissary Worker - USG - USCS - KENTUCKY - 644108 [UNVERIFIED: USG - USCS - KENTUCKY]
2026-03-26 12:56:02,379 - INFO - New job: Corrections Oversight Worker - Charlotte - CI - (510) - 644183 [UNVERIFIED: Charlotte - CI]
2026-03-26 12:56:02,379 - INFO - New job: Housekeeper - 644192 [No facility found]
2026-03-26 12:56:13,623 - INFO - Added 7 new jobs
2026-03-26 12:56:13,623 - INFO - Fetching descriptions for 7 new jobs...
2026-03-26 12:56:14,642 - INFO - Updated description for 643956
2026-03-26 12:56:16,299 - INFO - Updated description for 644020
2026-03-26 12:56:17,950 - INFO - Updated description for 644022
2026-03-26 12:56:19,534 - INFO - Updated description for 644107
2026-03-26 12:56:21,098 - INFO - Updated description for 644108
2026-03-26 12:56:22,688 - INFO - Updated description for 644183
2026-03-26 12:56:25,841 - INFO - Updated description for 644192
2026-03-26 12:56:26,349 - INFO - 
=== SUMMARY ===
2026-03-26 12:56:26,349 - INFO - Total jobs in database: 1742
2026-03-26 12:56:26,349 - INFO - New jobs added: 7
2026-03-26 12:56:26,349 - INFO - Descriptions updated: 7
2026-03-26 12:56:26,349 - INFO - Verified facilities: 130
2026-03-26 12:56:26,349 - INFO - Unverified facilities: 353
2026-03-26 12:56:26,349 - INFO - Log saved to: logs/api_scraper_20260326_125559.log
2026-03-26 12:56:26,493 - INFO - Exported 1742 jobs to jobs.csv
