2026-04-16 13:13:32,730 - INFO - Starting API job scraper
2026-04-16 13:13:32,730 - INFO - Loaded 853 master facilities
2026-04-16 13:13:32,730 - INFO - Fetching jobs from API...
2026-04-16 13:13:34,861 - INFO - Total jobs found: 500
2026-04-16 13:13:34,862 - INFO - New job: Finance Sr Manager - 647574 [No facility found]
2026-04-16 13:13:34,939 - INFO - New job: Corrections Oversight Worker - Forsyth County Jail - 647984 [UNVERIFIED: Forsyth County Jail]
2026-04-16 13:13:35,004 - INFO - New job: Food Service Worker Lead - Women's Eastern Reception, Diagnostic and Correctional Center - 648036 [UNVERIFIED: Women's Eastern Reception, Diagnostic and Correctional Center]
2026-04-16 13:13:46,676 - INFO - Added 3 new jobs
2026-04-16 13:13:46,677 - INFO - Fetching descriptions for 3 new jobs...
2026-04-16 13:13:47,946 - INFO - Updated description for 647574
2026-04-16 13:13:49,786 - INFO - Updated description for 647984
2026-04-16 13:13:51,609 - INFO - Updated description for 648036
2026-04-16 13:13:52,116 - INFO - 
=== SUMMARY ===
2026-04-16 13:13:52,117 - INFO - Total jobs in database: 1926
2026-04-16 13:13:52,117 - INFO - New jobs added: 3
2026-04-16 13:13:52,117 - INFO - Descriptions updated: 3
2026-04-16 13:13:52,117 - INFO - Verified facilities: 131
2026-04-16 13:13:52,117 - INFO - Unverified facilities: 362
2026-04-16 13:13:52,117 - INFO - Log saved to: logs/api_scraper_20260416_131332.log
2026-04-16 13:13:52,275 - INFO - Exported 1926 jobs to jobs.csv
