2026-06-30 14:00:32,470 - INFO - Starting API job scraper
2026-06-30 14:00:32,470 - INFO - Loaded 853 master facilities
2026-06-30 14:00:32,470 - INFO - Fetching jobs from API...
2026-06-30 14:00:34,817 - INFO - Total jobs found: 500
2026-06-30 14:00:34,866 - INFO - New job: Cook - Multnomah/Inverness - 662327 [UNVERIFIED: Multnomah/Inverness]
2026-06-30 14:00:34,893 - INFO - New job: Corrections Oversight Worker - Hutchinson Correctional - 662408 [VERIFIED: Hutchinson Correctional Facility]
2026-06-30 14:00:34,894 - INFO - New job: Commissary Worker - 662409 [No facility found]
2026-06-30 14:00:34,894 - INFO - New job: Food Service Manager - 662410 [No facility found]
2026-06-30 14:00:34,894 - INFO - New job: Food Service Manager - 662413 [No facility found]
2026-06-30 14:00:34,894 - INFO - New job: Hourly Supervisor - 660184 [No facility found]
2026-06-30 14:00:34,894 - INFO - New job: Commissary Worker - 660228 [No facility found]
2026-06-30 14:00:34,933 - INFO - New job: Food Service Worker - Yavapai County Sheriff's Office - 661161 [UNVERIFIED: Yavapai County Sheriff's Office]
2026-06-30 14:00:34,933 - INFO - New job: Food Service Manager - 661630 [No facility found]
2026-06-30 14:00:46,264 - INFO - Added 9 new jobs
2026-06-30 14:00:46,265 - INFO - Fetching descriptions for 9 new jobs...
2026-06-30 14:00:47,422 - INFO - Updated description for 662327
2026-06-30 14:00:48,978 - INFO - Updated description for 662408
2026-06-30 14:00:50,488 - INFO - Updated description for 662409
2026-06-30 14:00:52,080 - INFO - Updated description for 662410
2026-06-30 14:00:53,655 - INFO - Updated description for 662413
2026-06-30 14:00:55,295 - INFO - Updated description for 660184
2026-06-30 14:00:56,813 - INFO - Updated description for 660228
2026-06-30 14:00:58,476 - INFO - Updated description for 661161
2026-06-30 14:01:00,552 - INFO - Updated description for 661630
2026-06-30 14:01:01,061 - INFO - 
=== SUMMARY ===
2026-06-30 14:01:01,061 - INFO - Total jobs in database: 2604
2026-06-30 14:01:01,061 - INFO - New jobs added: 9
2026-06-30 14:01:01,062 - INFO - Descriptions updated: 9
2026-06-30 14:01:01,062 - INFO - Verified facilities: 139
2026-06-30 14:01:01,062 - INFO - Unverified facilities: 410
2026-06-30 14:01:01,062 - INFO - Log saved to: logs/api_scraper_20260630_140032.log
2026-06-30 14:01:01,275 - INFO - Exported 2604 jobs to jobs.csv
