2026-05-19 14:41:10,108 - INFO - Starting API job scraper
2026-05-19 14:41:10,109 - INFO - Loaded 853 master facilities
2026-05-19 14:41:10,109 - INFO - Fetching jobs from API...
2026-05-19 14:41:16,506 - INFO - Total jobs found: 500
2026-05-19 14:41:16,624 - INFO - New job: Corrections Food Service Worker - Cumberland County Jail - Cumberland County Jail - 653462 [UNVERIFIED: Cumberland County Jail - Cumberland County Jail]
2026-05-19 14:41:16,665 - INFO - New job: Corrections Food Service Worker - Clinton County Correctional Facility - PA - 653463 [VERIFIED: Bent County Correctional Facility]
2026-05-19 14:41:16,702 - INFO - New job: Corrections Oversight Worker - Douglas County Minnesota Jail - 653477 [UNVERIFIED: Douglas County Minnesota Jail]
2026-05-19 14:41:16,727 - INFO - New job: Food Service Worker - Tom Green County - 653497 [UNVERIFIED: Tom Green County]
2026-05-19 14:41:16,779 - INFO - New job: Food Service Supervisor - South Dakota State Penitentiary (Sioux Falls) - 653498 [VERIFIED: South Dakota State Penitentiary]
2026-05-19 14:41:16,780 - INFO - New job: Food Service Worker - 653502 [No facility found]
2026-05-19 14:41:16,826 - INFO - New job: Corrections Oversight Worker - Central Regional Jail and Correctional Facility - 653518 [VERIFIED: Central Arizona Correctional Facility[3]]
2026-05-19 14:41:16,826 - INFO - New job: Food Service Director - 653526 [No facility found]
2026-05-19 14:41:16,826 - INFO - New job: Food Service Manager - 653531 [No facility found]
2026-05-19 14:41:16,826 - INFO - New job: Food Service Worker - 653561 [No facility found]
2026-05-19 14:41:16,826 - INFO - New job: Lead Cook - 653574 [No facility found]
2026-05-19 14:41:16,826 - INFO - New job: Food Service Worker - 653577 [No facility found]
2026-05-19 14:41:16,848 - INFO - New job: Food Service Supervisor - ALDOC - Mobile - 653593 [UNVERIFIED: ALDOC - Mobile]
2026-05-19 14:41:16,877 - INFO - New job: Retail Sales Worker Lead - Cumberland County Jail - 653617 [UNVERIFIED: Cumberland County Jail]
2026-05-19 14:41:16,918 - INFO - New job: Retail Sales Worker Lead - Clinton County Correctional Facility - PA - 653618 [VERIFIED: Bent County Correctional Facility]
2026-05-19 14:41:16,918 - INFO - New job: Finance Sr Manager - 653634 [No facility found]
2026-05-19 14:41:16,956 - INFO - New job: Food Service Supervisor - Rapid City Community Work Center - 653636 [VERIFIED: Rapid City Minimum Center]
2026-05-19 14:41:16,990 - INFO - New job: Lead Cook - Anoka County Jail Facility - 653640 [VERIFIED: Otero County Prison Facility]
2026-05-19 14:41:27,219 - INFO - Added 18 new jobs
2026-05-19 14:41:27,219 - INFO - Fetching descriptions for 18 new jobs...
2026-05-19 14:41:28,635 - INFO - Updated description for 653462
2026-05-19 14:41:30,349 - INFO - Updated description for 653463
2026-05-19 14:41:32,246 - INFO - Updated description for 653477
2026-05-19 14:41:33,892 - INFO - Updated description for 653497
2026-05-19 14:41:35,637 - INFO - Updated description for 653498
2026-05-19 14:41:37,496 - INFO - Updated description for 653502
2026-05-19 14:41:39,323 - INFO - Updated description for 653518
2026-05-19 14:41:41,393 - INFO - Updated description for 653526
2026-05-19 14:41:43,295 - INFO - Updated description for 653531
2026-05-19 14:41:45,360 - INFO - Updated description for 653561
2026-05-19 14:41:47,062 - INFO - Updated description for 653574
2026-05-19 14:41:48,880 - INFO - Updated description for 653577
2026-05-19 14:41:50,966 - INFO - Updated description for 653593
2026-05-19 14:41:53,240 - INFO - Updated description for 653617
2026-05-19 14:41:55,412 - INFO - Updated description for 653618
2026-05-19 14:41:57,898 - INFO - Updated description for 653634
2026-05-19 14:42:00,478 - INFO - Updated description for 653636
2026-05-19 14:42:02,775 - INFO - Updated description for 653640
2026-05-19 14:42:03,282 - INFO - 
=== SUMMARY ===
2026-05-19 14:42:03,282 - INFO - Total jobs in database: 2248
2026-05-19 14:42:03,282 - INFO - New jobs added: 18
2026-05-19 14:42:03,282 - INFO - Descriptions updated: 18
2026-05-19 14:42:03,282 - INFO - Verified facilities: 137
2026-05-19 14:42:03,282 - INFO - Unverified facilities: 380
2026-05-19 14:42:03,282 - INFO - Log saved to: logs/api_scraper_20260519_144110.log
2026-05-19 14:42:03,457 - INFO - Exported 2248 jobs to jobs.csv
