2026-06-06 13:12:40,427 - INFO - Starting API job scraper
2026-06-06 13:12:40,428 - INFO - Loaded 853 master facilities
2026-06-06 13:12:40,428 - INFO - Fetching jobs from API...
2026-06-06 13:12:43,482 - INFO - Total jobs found: 500
2026-06-06 13:12:43,557 - INFO - New job: Food Service Worker Lead - Lorain Correctional Institution - Ohio DRC - 657329 [VERIFIED: Lorain Correctional Institution]
2026-06-06 13:12:43,589 - INFO - New job: Corrections Oversight Worker - Northern Regional Jail - 657380 [VERIFIED: Northern Correctional Facility]
2026-06-06 13:12:43,617 - INFO - New job: Corrections Oversight Worker - Jackson County Jail - 657397 [UNVERIFIED: Jackson County Jail]
2026-06-06 13:12:43,634 - INFO - New job: Commissary Director - 657505 [No facility found]
2026-06-06 13:12:43,656 - INFO - New job: Kitchen Supervisor - Hardee - CI - (501) - 657525 [UNVERIFIED: Hardee - CI]
2026-06-06 13:12:43,684 - INFO - New job: Food Service Worker - Taylor County Jail - 657526 [UNVERIFIED: Taylor County Jail]
2026-06-06 13:12:43,684 - INFO - New job: Food Service Manager - 656570 [No facility found]
2026-06-06 13:12:55,246 - INFO - Added 7 new jobs
2026-06-06 13:12:55,246 - INFO - Fetching descriptions for 7 new jobs...
2026-06-06 13:12:56,430 - INFO - Updated description for 657329
2026-06-06 13:12:58,113 - INFO - Updated description for 657380
2026-06-06 13:12:59,694 - INFO - Updated description for 657397
2026-06-06 13:13:01,478 - INFO - Updated description for 657505
2026-06-06 13:13:03,099 - INFO - Updated description for 657525
2026-06-06 13:13:04,687 - INFO - Updated description for 657526
2026-06-06 13:13:06,477 - INFO - Updated description for 656570
2026-06-06 13:13:06,985 - INFO - 
=== SUMMARY ===
2026-06-06 13:13:06,985 - INFO - Total jobs in database: 2403
2026-06-06 13:13:06,985 - INFO - New jobs added: 7
2026-06-06 13:13:06,985 - INFO - Descriptions updated: 7
2026-06-06 13:13:06,985 - INFO - Verified facilities: 139
2026-06-06 13:13:06,985 - INFO - Unverified facilities: 394
2026-06-06 13:13:06,985 - INFO - Log saved to: logs/api_scraper_20260606_131240.log
2026-06-06 13:13:07,182 - INFO - Exported 2403 jobs to jobs.csv
