2026-05-16 13:03:18,971 - INFO - Starting API job scraper
2026-05-16 13:03:18,972 - INFO - Loaded 853 master facilities
2026-05-16 13:03:18,972 - INFO - Fetching jobs from API...
2026-05-16 13:03:21,310 - INFO - Total jobs found: 500
2026-05-16 13:03:21,367 - INFO - New job: Food Service Worker - Randolph County Jail - 652857 [UNVERIFIED: Randolph County Jail]
2026-05-16 13:03:21,402 - INFO - New job: Commissary Worker - USG - USCS - EL VALLE - 653015 [UNVERIFIED: USG - USCS - EL VALLE]
2026-05-16 13:03:21,428 - INFO - New job: Corrections Oversight Worker - Tallahassee - CRC - (168) - 653210 [UNVERIFIED: Tallahassee - CRC]
2026-05-16 13:03:21,429 - INFO - New job: Food Service Manager - 653251 [No facility found]
2026-05-16 13:03:21,458 - INFO - New job: Food Service Supervisor - ALDOC - Frank Lee - 653252 [UNVERIFIED: ALDOC - Frank Lee]
2026-05-16 13:03:21,458 - INFO - New job: Food Service Director - 653257 [No facility found]
2026-05-16 13:03:21,458 - INFO - New job: Food Service Manager - 653267 [No facility found]
2026-05-16 13:03:21,509 - INFO - New job: Lead - Washington DC - DOC - 653279 [VERIFIED: Washington Corrections Center]
2026-05-16 13:03:21,548 - INFO - New job: Corrections Oversight Worker - Santa Rosa - CI/Annex/WC - (119/135/127) - 653284 [UNVERIFIED: Santa Rosa - CI/Annex/WC]
2026-05-16 13:03:21,572 - INFO - New job: Corrections Oversight Worker - ASPC - Safford - 653329 [UNVERIFIED: ASPC - Safford]
2026-05-16 13:03:21,605 - INFO - New job: Food Service Worker - Fort Bend County Jail - 653352 [UNVERIFIED: Fort Bend County Jail]
2026-05-16 13:03:33,195 - INFO - Added 11 new jobs
2026-05-16 13:03:33,195 - INFO - Fetching descriptions for 11 new jobs...
2026-05-16 13:03:34,522 - INFO - Updated description for 652857
2026-05-16 13:03:36,264 - INFO - Updated description for 653015
2026-05-16 13:03:38,022 - INFO - Updated description for 653210
2026-05-16 13:03:39,824 - INFO - Updated description for 653251
2026-05-16 13:03:41,571 - INFO - Updated description for 653252
2026-05-16 13:03:43,293 - INFO - Updated description for 653257
2026-05-16 13:03:46,826 - INFO - Updated description for 653267
2026-05-16 13:03:48,567 - INFO - Updated description for 653279
2026-05-16 13:03:50,472 - INFO - Updated description for 653284
2026-05-16 13:03:52,352 - INFO - Updated description for 653329
2026-05-16 13:03:54,067 - INFO - Updated description for 653352
2026-05-16 13:03:54,576 - INFO - 
=== SUMMARY ===
2026-05-16 13:03:54,577 - INFO - Total jobs in database: 2230
2026-05-16 13:03:54,577 - INFO - New jobs added: 11
2026-05-16 13:03:54,577 - INFO - Descriptions updated: 11
2026-05-16 13:03:54,577 - INFO - Verified facilities: 137
2026-05-16 13:03:54,577 - INFO - Unverified facilities: 378
2026-05-16 13:03:54,577 - INFO - Log saved to: logs/api_scraper_20260516_130318.log
2026-05-16 13:03:54,774 - INFO - Exported 2230 jobs to jobs.csv
