2026-07-18 12:55:49,827 - INFO - Starting API job scraper
2026-07-18 12:55:49,828 - INFO - Loaded 853 master facilities
2026-07-18 12:55:49,828 - INFO - Fetching jobs from API...
2026-07-18 12:56:04,871 - INFO - Total jobs found: 500
2026-07-18 12:56:04,872 - INFO - New job: Food Service Manager - 665660 [No facility found]
2026-07-18 12:56:04,872 - INFO - New job: Food Service Manager - 665663 [No facility found]
2026-07-18 12:56:04,872 - INFO - New job: Vice President I - 665844 [No facility found]
2026-07-18 12:56:04,927 - INFO - New job: Director - Business Development - 666024 [UNVERIFIED: Business Development]
2026-07-18 12:56:04,927 - INFO - New job: Field Sales Consultant - 666025 [No facility found]
2026-07-18 12:56:04,974 - INFO - New job: Food Service Worker - Solano County Probation Department - 666255 [UNVERIFIED: Solano County Probation Department]
2026-07-18 12:56:04,975 - INFO - New job: Food Service Manager - 666556 [No facility found]
2026-07-18 12:56:04,999 - INFO - New job: Dishwasher - Kent County - 666733 [UNVERIFIED: Kent County]
2026-07-18 12:56:05,035 - INFO - New job: Cook - Harris County Sheriff Food - 666793 [UNVERIFIED: Harris County Sheriff Food]
2026-07-18 12:56:05,070 - INFO - New job: Retail Sales Worker Lead - Yavapai County Commissary - 666803 [UNVERIFIED: Yavapai County Commissary]
2026-07-18 12:56:05,094 - INFO - New job: Corrections Oversight Worker - Fairfax County - 666825 [UNVERIFIED: Fairfax County]
2026-07-18 12:56:05,132 - INFO - New job: Food Service Worker - Yavapai County Sheriff's Office - 666840 [UNVERIFIED: Yavapai County Sheriff's Office]
2026-07-18 12:56:05,167 - INFO - New job: Food Service Worker Lead - Anne Arundel County - JRDC - 666844 [UNVERIFIED: Anne Arundel County - JRDC]
2026-07-18 12:56:05,202 - INFO - New job: Corrections Oversight Worker - Anne Arundel County - JRDC - 666846 [UNVERIFIED: Anne Arundel County - JRDC]
2026-07-18 12:56:05,238 - INFO - New job: Corrections Oversight Worker - Anne Arundel County - ORCC - 666848 [UNVERIFIED: Anne Arundel County - ORCC]
2026-07-18 12:56:05,264 - INFO - New job: Corrections Oversight Worker - Allegany County - 666851 [UNVERIFIED: Allegany County]
2026-07-18 12:56:05,288 - INFO - New job: Cook Supervisor - Larned Correctional - 666856 [VERIFIED: Bland Correctional Center]
2026-07-18 12:56:05,288 - INFO - New job: Food Service Worker - 666876 [No facility found]
2026-07-18 12:56:05,288 - INFO - New job: Food Service Worker - 666877 [No facility found]
2026-07-18 12:56:05,288 - INFO - New job: Food Service Worker - 666883 [No facility found]
2026-07-18 12:56:05,288 - INFO - New job: Food Service Worker - 666888 [No facility found]
2026-07-18 12:56:05,288 - INFO - New job: Food Service Worker - 666891 [No facility found]
2026-07-18 12:56:05,329 - INFO - New job: Lead Cook - Kansas Juvenile Correctional Complex - 666931 [VERIFIED: Kansas Juvenile Correctional Complex]
2026-07-18 12:56:05,329 - INFO - New job: Food Service Manager - 666984 [No facility found]
2026-07-18 12:56:05,329 - INFO - New job: Food Service Director - 666985 [No facility found]
2026-07-18 12:56:17,025 - INFO - Added 25 new jobs
2026-07-18 12:56:17,025 - INFO - Fetching descriptions for 25 new jobs...
2026-07-18 12:56:25,353 - INFO - Updated description for 665660
2026-07-18 12:56:36,673 - INFO - Updated description for 665663
2026-07-18 12:56:51,705 - INFO - Updated description for 665844
2026-07-18 12:57:04,963 - INFO - Updated description for 666024
2026-07-18 12:57:20,009 - INFO - Updated description for 666025
2026-07-18 12:57:32,198 - INFO - Updated description for 666255
2026-07-18 12:57:42,792 - INFO - Updated description for 666556
2026-07-18 12:57:56,496 - INFO - Updated description for 666733
2026-07-18 12:59:14,269 - INFO - Updated description for 666793
2026-07-18 12:59:23,213 - INFO - Updated description for 666803
2026-07-18 12:59:37,279 - INFO - Updated description for 666825
2026-07-18 12:59:49,801 - INFO - Updated description for 666840
2026-07-18 13:00:02,656 - INFO - Updated description for 666844
2026-07-18 13:00:27,015 - INFO - Updated description for 666846
2026-07-18 13:00:48,953 - INFO - Updated description for 666848
2026-07-18 13:01:03,511 - INFO - Updated description for 666851
2026-07-18 13:01:16,365 - INFO - Updated description for 666856
2026-07-18 13:01:28,230 - INFO - Updated description for 666876
2026-07-18 13:01:39,417 - INFO - Updated description for 666877
2026-07-18 13:02:24,869 - INFO - Updated description for 666883
2026-07-18 13:02:39,770 - INFO - Updated description for 666888
2026-07-18 13:02:49,755 - INFO - Updated description for 666891
2026-07-18 13:03:03,283 - INFO - Updated description for 666931
2026-07-18 13:03:18,540 - INFO - Updated description for 666984
2026-07-18 13:03:59,942 - INFO - Updated description for 666985
2026-07-18 13:04:00,451 - INFO - 
=== SUMMARY ===
2026-07-18 13:04:00,451 - INFO - Total jobs in database: 2760
2026-07-18 13:04:00,451 - INFO - New jobs added: 25
2026-07-18 13:04:00,451 - INFO - Descriptions updated: 25
2026-07-18 13:04:00,451 - INFO - Verified facilities: 140
2026-07-18 13:04:00,451 - INFO - Unverified facilities: 418
2026-07-18 13:04:00,451 - INFO - Log saved to: logs/api_scraper_20260718_125549.log
2026-07-18 13:04:00,678 - INFO - Exported 2760 jobs to jobs.csv
