2026-05-22 14:22:12,165 - INFO - Starting API job scraper
2026-05-22 14:22:12,166 - INFO - Loaded 853 master facilities
2026-05-22 14:22:12,166 - INFO - Fetching jobs from API...
2026-05-22 14:22:14,854 - INFO - Total jobs found: 500
2026-05-22 14:22:14,902 - INFO - New job: Food Service Supervisor - Santa Cruz County - 654362 [UNVERIFIED: Santa Cruz County]
2026-05-22 14:22:14,948 - INFO - New job: Commissary Worker - Ada County Sheriff's Office - Commissary - 654364 [UNVERIFIED: Ada County Sheriff's Office - Commissary]
2026-05-22 14:22:14,949 - INFO - New job: Food Service Manager - 654069 [No facility found]
2026-05-22 14:22:14,982 - INFO - New job: Commissary Worker - USG - USCS - KENTUCKY - 654211 [UNVERIFIED: USG - USCS - KENTUCKY]
2026-05-22 14:22:15,024 - INFO - New job: Corrections Oversight Worker - Louisville Jefferson County Jail - 653781 [UNVERIFIED: Louisville Jefferson County Jail]
2026-05-22 14:22:26,706 - INFO - Added 5 new jobs
2026-05-22 14:22:26,706 - INFO - Fetching descriptions for 5 new jobs...
2026-05-22 14:22:28,008 - INFO - Updated description for 654362
2026-05-22 14:22:29,629 - INFO - Updated description for 654364
2026-05-22 14:22:31,216 - INFO - Updated description for 654069
2026-05-22 14:22:33,155 - INFO - Updated description for 654211
2026-05-22 14:22:35,002 - INFO - Updated description for 653781
2026-05-22 14:22:35,510 - INFO - 
=== SUMMARY ===
2026-05-22 14:22:35,510 - INFO - Total jobs in database: 2269
2026-05-22 14:22:35,510 - INFO - New jobs added: 5
2026-05-22 14:22:35,510 - INFO - Descriptions updated: 5
2026-05-22 14:22:35,510 - INFO - Verified facilities: 138
2026-05-22 14:22:35,510 - INFO - Unverified facilities: 380
2026-05-22 14:22:35,510 - INFO - Log saved to: logs/api_scraper_20260522_142212.log
2026-05-22 14:22:35,711 - INFO - Exported 2269 jobs to jobs.csv
