2026-03-25 12:50:18,919 - INFO - Starting API job scraper
2026-03-25 12:50:18,919 - INFO - Loaded 853 master facilities
2026-03-25 12:50:18,919 - INFO - Fetching jobs from API...
2026-03-25 12:50:20,325 - INFO - Total jobs found: 500
2026-03-25 12:50:20,380 - INFO - New job: Warehouse Worker Lead - USG - OH WAREHOUSE - FE - 642418 [UNVERIFIED: USG - OH WAREHOUSE - FE]
2026-03-25 12:50:20,408 - INFO - New job: Commissary Worker - Monterey County Commissary - 643004 [UNVERIFIED: Monterey County Commissary]
2026-03-25 12:50:20,440 - INFO - New job: Commissary Worker - DuPage County Commissary - 643491 [UNVERIFIED: DuPage County Commissary]
2026-03-25 12:50:20,486 - INFO - New job: Food Service Supervisor - Western Regional Jail and Correctional Facility - 643518 [VERIFIED: Eastern Oregon Youth Correctional Facility]
2026-03-25 12:50:20,511 - INFO - New job: Food Service Worker Lead - Wichita City Jail - 643522 [UNVERIFIED: Wichita City Jail]
2026-03-25 12:50:20,536 - INFO - New job: Food Service Worker - St. Mary's County - 643573 [UNVERIFIED: St. Mary's County]
2026-03-25 12:50:20,567 - INFO - New job: Food Service Worker - Multnomah/Inverness - 643686 [UNVERIFIED: Multnomah/Inverness]
2026-03-25 12:50:20,599 - INFO - New job: Administrative Support Worker - Correctional Industrial Facility - 643709 [VERIFIED: Correctional Industrial Facility]
2026-03-25 12:50:20,623 - INFO - New job: Cook Supervisor - Lancaster - CI/WC - (281/280) - 643722 [UNVERIFIED: Lancaster - CI/WC]
2026-03-25 12:50:20,624 - INFO - New job: Food Service Director - 643747 [No facility found]
2026-03-25 12:50:20,658 - INFO - New job: Warehouse Supervisor - USG - OH WAREHOUSE - FE - 643772 [UNVERIFIED: USG - OH WAREHOUSE - FE]
2026-03-25 12:50:20,701 - INFO - New job: Food Service Worker - Riverbend Maximum Security Institution - 643777 [VERIFIED: Riverbend Maximum Security Institution]
2026-03-25 12:50:20,747 - INFO - New job: Corrections Oversight Worker - Lancaster County Detention Ctr (SC) - 643797 [UNVERIFIED: Lancaster County Detention Ctr (SC)]
2026-03-25 12:50:20,780 - INFO - New job: Food Service Worker - St Clair County Jail (MI) - 643859 [UNVERIFIED: St Clair County Jail (MI)]
2026-03-25 12:50:20,828 - INFO - New job: Corrections Oversight Worker - Eastern Reception, Diagnostic and CC - 643869 [VERIFIED: Denver Reception & Diagnostic Center]
2026-03-25 12:50:20,862 - INFO - New job: Retail Sales Worker - Tom Green County Commissary - 643910 [UNVERIFIED: Tom Green County Commissary]
2026-03-25 12:50:30,561 - INFO - Added 16 new jobs
2026-03-25 12:50:30,561 - INFO - Fetching descriptions for 16 new jobs...
2026-03-25 12:50:31,860 - INFO - Updated description for 642418
2026-03-25 12:50:33,569 - INFO - Updated description for 643004
2026-03-25 12:50:35,290 - INFO - Updated description for 643491
2026-03-25 12:50:37,021 - INFO - Updated description for 643518
2026-03-25 12:50:38,603 - INFO - Updated description for 643522
2026-03-25 12:50:40,250 - INFO - Updated description for 643573
2026-03-25 12:50:41,873 - INFO - Updated description for 643686
2026-03-25 12:50:43,525 - INFO - Updated description for 643709
2026-03-25 12:50:45,119 - INFO - Updated description for 643722
2026-03-25 12:50:46,690 - INFO - Updated description for 643747
2026-03-25 12:50:48,562 - INFO - Updated description for 643772
2026-03-25 12:50:50,155 - INFO - Updated description for 643777
2026-03-25 12:50:51,969 - INFO - Updated description for 643797
2026-03-25 12:50:53,571 - INFO - Updated description for 643859
2026-03-25 12:50:55,233 - INFO - Updated description for 643869
2026-03-25 12:50:56,853 - INFO - Updated description for 643910
2026-03-25 12:50:57,359 - INFO - 
=== SUMMARY ===
2026-03-25 12:50:57,359 - INFO - Total jobs in database: 1735
2026-03-25 12:50:57,359 - INFO - New jobs added: 16
2026-03-25 12:50:57,359 - INFO - Descriptions updated: 16
2026-03-25 12:50:57,359 - INFO - Verified facilities: 130
2026-03-25 12:50:57,359 - INFO - Unverified facilities: 352
2026-03-25 12:50:57,359 - INFO - Log saved to: logs/api_scraper_20260325_125018.log
2026-03-25 12:50:57,493 - INFO - Exported 1735 jobs to jobs.csv
