2026-07-30 13:40:03,876 - INFO - Starting API job scraper
2026-07-30 13:40:03,876 - INFO - Loaded 853 master facilities
2026-07-30 13:40:03,876 - INFO - Fetching jobs from API...
2026-07-30 13:40:05,310 - INFO - Total jobs found: 100
2026-07-30 13:40:05,312 - INFO - New job: Food Service Director - 669325 [No facility found]
2026-07-30 13:40:05,368 - INFO - New job: Corrections Food Service Worker - Roederer Correctional Complex - 669337 [VERIFIED: Roederer Correctional Complex]
2026-07-30 13:40:05,410 - INFO - New job: Corrections Food Service Worker - Western Kentucky Correctional Complex - 669361 [VERIFIED: Western Kentucky Correctional Complex]
2026-07-30 13:40:05,450 - INFO - New job: Corrections Oversight Worker - Allen Oakwood Correctional Facility - 669369 [VERIFIED: Altona Correctional Facility]
2026-07-30 13:40:05,483 - INFO - New job: Food Service Worker - Sago Palm - Re-Entry - (464) - 669386 [UNVERIFIED: Sago Palm - Re-Entry]
2026-07-30 13:40:05,525 - INFO - New job: Food Service Worker - Yavapai County Sheriff's Office - 669155 [UNVERIFIED: Yavapai County Sheriff's Office]
2026-07-30 13:40:05,525 - INFO - New job: Food Service Director - 668719 [No facility found]
2026-07-30 13:40:05,555 - INFO - New job: Food Service Worker - South Correctional Entity - 669227 [VERIFIED: Southeast Correctional Center]
2026-07-30 13:40:05,593 - INFO - New job: Commissary Worker - USG - USCS - WEST VIRGINIA - 669232 [UNVERIFIED: USG - USCS - WEST VIRGINIA]
2026-07-30 13:40:05,635 - INFO - New job: Corrections Oversight Worker - Florida State Prison Main/West - (205/206) - 669235 [VERIFIED: Florida State Prison]
2026-07-30 13:40:05,665 - INFO - New job: Corrections Oversight Worker - Monroe County (PA) Jail - 669277 [UNVERIFIED: Monroe County (PA) Jail]
2026-07-30 13:40:05,665 - INFO - New job: Food Service Manager - 669300 [No facility found]
2026-07-30 13:40:07,662 - INFO - Added 12 new jobs
2026-07-30 13:40:07,662 - INFO - Fetching descriptions for 12 new jobs...
2026-07-30 13:40:08,822 - INFO - Updated description for 669325
2026-07-30 13:40:10,640 - INFO - Updated description for 669337
2026-07-30 13:40:12,294 - INFO - Updated description for 669361
2026-07-30 13:40:13,944 - INFO - Updated description for 669369
2026-07-30 13:40:15,615 - INFO - Updated description for 669386
2026-07-30 13:40:17,387 - INFO - Updated description for 669155
2026-07-30 13:40:19,104 - INFO - Updated description for 668719
2026-07-30 13:40:20,910 - INFO - Updated description for 669227
2026-07-30 13:40:22,525 - INFO - Updated description for 669232
2026-07-30 13:40:24,173 - INFO - Updated description for 669235
2026-07-30 13:40:25,958 - INFO - Updated description for 669277
2026-07-30 13:40:27,643 - INFO - Updated description for 669300
2026-07-30 13:40:28,154 - INFO - 
=== SUMMARY ===
2026-07-30 13:40:28,154 - INFO - Total jobs in database: 2866
2026-07-30 13:40:28,154 - INFO - New jobs added: 12
2026-07-30 13:40:28,154 - INFO - Descriptions updated: 12
2026-07-30 13:40:28,154 - INFO - Verified facilities: 141
2026-07-30 13:40:28,154 - INFO - Unverified facilities: 421
2026-07-30 13:40:28,154 - INFO - Log saved to: logs/api_scraper_20260730_134003.log
2026-07-30 13:40:28,396 - INFO - Exported 2866 jobs to jobs.csv
