2026-01-22 12:32:36,189 - INFO - Starting API job scraper
2026-01-22 12:32:36,190 - INFO - Loaded 853 master facilities
2026-01-22 12:32:36,190 - INFO - Fetching jobs from API...
2026-01-22 12:32:39,709 - INFO - Total jobs found: 500
2026-01-22 12:32:39,767 - INFO - New job: Cook - Ohio State Penitentiary - 630883 [VERIFIED: Ohio State Penitentiary]
2026-01-22 12:32:39,768 - INFO - New job: Corrections Oversight Worker - 630956 [No facility found]
2026-01-22 12:32:39,801 - INFO - New job: Driver II - Mecklenburg County Jail - 630962 [UNVERIFIED: Mecklenburg County Jail]
2026-01-22 12:32:39,801 - INFO - New job: Food Service Manager - 630967 [No facility found]
2026-01-22 12:32:39,841 - INFO - New job: Commissary Supervisor - USG - USCS - WEST VIRGINIA - 631030 [UNVERIFIED: USG - USCS - WEST VIRGINIA]
2026-01-22 12:32:39,881 - INFO - New job: Warehouse Worker Lead - USG - USCS - WEST VIRGINIA - 631033 [UNVERIFIED: USG - USCS - WEST VIRGINIA]
2026-01-22 12:32:39,910 - INFO - New job: Commissary Worker - Madera County D.O.C. - 631047 [UNVERIFIED: Madera County D.O.C.]
2026-01-22 12:32:39,937 - INFO - New job: Food Service Worker Lead - Wichita City Jail - 631070 [UNVERIFIED: Wichita City Jail]
2026-01-22 12:32:39,965 - INFO - New job: Food Service Worker - Nueces County Jail - 631101 [UNVERIFIED: Nueces County Jail]
2026-01-22 12:32:40,012 - INFO - New job: Food Service Manager - West Tennessee State Penitentiary - 630765 [VERIFIED: West Tennessee State Penitentiary]
2026-01-22 12:32:49,029 - INFO - Added 10 new jobs
2026-01-22 12:32:49,029 - INFO - Fetching descriptions for 10 new jobs...
2026-01-22 12:32:50,040 - INFO - Updated description for 630883
2026-01-22 12:32:51,601 - INFO - Updated description for 630956
2026-01-22 12:32:53,104 - INFO - Updated description for 630962
2026-01-22 12:32:54,716 - INFO - Updated description for 630967
2026-01-22 12:32:56,206 - INFO - Updated description for 631030
2026-01-22 12:32:57,697 - INFO - Updated description for 631033
2026-01-22 12:32:59,316 - INFO - Updated description for 631047
2026-01-22 12:33:00,858 - INFO - Updated description for 631070
2026-01-22 12:33:02,361 - INFO - Updated description for 631101
2026-01-22 12:33:03,850 - INFO - Updated description for 630765
2026-01-22 12:33:04,358 - INFO - 
=== SUMMARY ===
2026-01-22 12:33:04,359 - INFO - Total jobs in database: 1175
2026-01-22 12:33:04,359 - INFO - New jobs added: 10
2026-01-22 12:33:04,359 - INFO - Descriptions updated: 10
2026-01-22 12:33:04,359 - INFO - Verified facilities: 118
2026-01-22 12:33:04,359 - INFO - Unverified facilities: 305
2026-01-22 12:33:04,359 - INFO - Log saved to: logs/api_scraper_20260122_123236.log
2026-01-22 12:33:04,457 - INFO - Exported 1175 jobs to jobs.csv
