2026-02-08 12:32:09,636 - INFO - Starting API job scraper
2026-02-08 12:32:09,636 - INFO - Loaded 853 master facilities
2026-02-08 12:32:09,637 - INFO - Fetching jobs from API...
2026-02-08 12:32:11,265 - INFO - Total jobs found: 500
2026-02-08 12:32:11,317 - INFO - New job: Warehouse Worker Lead - USG - TX WAREHOUSE - FE - 634784 [UNVERIFIED: USG - TX WAREHOUSE - FE]
2026-02-08 12:32:11,361 - INFO - New job: Corrections Oversight Worker - Core Civic Lee Adjustment Center - 634808 [UNVERIFIED: Core Civic Lee Adjustment Center]
2026-02-08 12:32:11,384 - INFO - New job: Corrections Oversight Worker - Leon County Jail - 634810 [UNVERIFIED: Leon County Jail]
2026-02-08 12:32:11,385 - INFO - New job: Warehouse Manager - 634812 [No facility found]
2026-02-08 12:32:20,329 - INFO - Added 4 new jobs
2026-02-08 12:32:20,329 - INFO - Fetching descriptions for 4 new jobs...
2026-02-08 12:32:21,600 - INFO - Updated description for 634784
2026-02-08 12:32:23,374 - INFO - Updated description for 634808
2026-02-08 12:32:25,094 - INFO - Updated description for 634810
2026-02-08 12:32:26,875 - INFO - Updated description for 634812
2026-02-08 12:32:27,380 - INFO - 
=== SUMMARY ===
2026-02-08 12:32:27,380 - INFO - Total jobs in database: 1329
2026-02-08 12:32:27,380 - INFO - New jobs added: 4
2026-02-08 12:32:27,380 - INFO - Descriptions updated: 4
2026-02-08 12:32:27,380 - INFO - Verified facilities: 121
2026-02-08 12:32:27,380 - INFO - Unverified facilities: 323
2026-02-08 12:32:27,380 - INFO - Log saved to: logs/api_scraper_20260208_123209.log
2026-02-08 12:32:27,483 - INFO - Exported 1329 jobs to jobs.csv
