2026-06-19 14:45:59,209 - INFO - Starting API job scraper
2026-06-19 14:45:59,210 - INFO - Loaded 853 master facilities
2026-06-19 14:45:59,210 - INFO - Fetching jobs from API...
2026-06-19 14:46:01,094 - INFO - Total jobs found: 500
2026-06-19 14:46:01,184 - INFO - New job: Commissary Worker - San Francisco City Commissary - 659326 [UNVERIFIED: San Francisco City Commissary]
2026-06-19 14:46:01,218 - INFO - New job: Commissary Worker - Iredell County Commissary - 659833 [UNVERIFIED: Iredell County Commissary]
2026-06-19 14:46:01,256 - INFO - New job: Commissary Supervisor - USG - USCS - WEST VIRGINIA - 659978 [UNVERIFIED: USG - USCS - WEST VIRGINIA]
2026-06-19 14:46:01,286 - INFO - New job: Commissary Supervisor - USG - USCS - KANSAS - 659980 [UNVERIFIED: USG - USCS - KANSAS]
2026-06-19 14:46:01,305 - INFO - New job: Cook Supervisor - Putnam - CI - (214) - 660055 [UNVERIFIED: Putnam - CI]
2026-06-19 14:46:01,333 - INFO - New job: Cook - Hancock County Jail - 660164 [UNVERIFIED: Hancock County Jail]
2026-06-19 14:46:01,334 - INFO - New job: Food Service Worker - 660169 [No facility found]
2026-06-19 14:46:12,486 - INFO - Added 7 new jobs
2026-06-19 14:46:12,486 - INFO - Fetching descriptions for 7 new jobs...
2026-06-19 14:46:13,832 - INFO - Updated description for 659326
2026-06-19 14:46:15,693 - INFO - Updated description for 659833
2026-06-19 14:46:17,478 - INFO - Updated description for 659978
2026-06-19 14:46:19,608 - INFO - Updated description for 659980
2026-06-19 14:46:21,474 - INFO - Updated description for 660055
2026-06-19 14:46:23,403 - INFO - Updated description for 660164
2026-06-19 14:46:25,226 - INFO - Updated description for 660169
2026-06-19 14:46:25,738 - INFO - 
=== SUMMARY ===
2026-06-19 14:46:25,739 - INFO - Total jobs in database: 2540
2026-06-19 14:46:25,739 - INFO - New jobs added: 7
2026-06-19 14:46:25,739 - INFO - Descriptions updated: 7
2026-06-19 14:46:25,739 - INFO - Verified facilities: 139
2026-06-19 14:46:25,739 - INFO - Unverified facilities: 407
2026-06-19 14:46:25,739 - INFO - Log saved to: logs/api_scraper_20260619_144559.log
2026-06-19 14:46:25,960 - INFO - Exported 2540 jobs to jobs.csv
