2026-04-01 13:00:11,696 - INFO - Starting API job scraper
2026-04-01 13:00:11,697 - INFO - Loaded 853 master facilities
2026-04-01 13:00:11,697 - INFO - Fetching jobs from API...
2026-04-01 13:00:14,627 - INFO - Total jobs found: 500
2026-04-01 13:00:14,629 - INFO - New job: Cook - 644659 [No facility found]
2026-04-01 13:00:14,629 - INFO - New job: Facilities Quality Standards Manager - 644925 [No facility found]
2026-04-01 13:00:14,669 - INFO - New job: Cook - Escambia County Jail - 645203 [UNVERIFIED: Escambia County Jail]
2026-04-01 13:00:14,707 - INFO - New job: Food Service Worker/Driver - Sojourner Recovery Center - 645214 [VERIFIED: Southern Maine Reentry Center]
2026-04-01 13:00:14,731 - INFO - New job: Food Service Worker Lead - Marion - CI/WC - (304/364) - 645220 [UNVERIFIED: Marion - CI/WC]
2026-04-01 13:00:14,763 - INFO - New job: Cook - Orange County (NY) Jail - 645232 [UNVERIFIED: Orange County (NY) Jail]
2026-04-01 13:00:14,790 - INFO - New job: Corrections Oversight Worker - Lancaster - CI/WC - (281/280) - 645291 [UNVERIFIED: Lancaster - CI/WC]
2026-04-01 13:00:25,830 - INFO - Added 7 new jobs
2026-04-01 13:00:25,831 - INFO - Fetching descriptions for 7 new jobs...
2026-04-01 13:00:27,034 - INFO - Updated description for 644659
2026-04-01 13:00:28,599 - INFO - Updated description for 644925
2026-04-01 13:00:30,322 - INFO - Updated description for 645203
2026-04-01 13:00:31,889 - INFO - Updated description for 645214
2026-04-01 13:00:33,537 - INFO - Updated description for 645220
2026-04-01 13:00:35,142 - INFO - Updated description for 645232
2026-04-01 13:00:36,866 - INFO - Updated description for 645291
2026-04-01 13:00:37,373 - INFO - 
=== SUMMARY ===
2026-04-01 13:00:37,373 - INFO - Total jobs in database: 1797
2026-04-01 13:00:37,373 - INFO - New jobs added: 7
2026-04-01 13:00:37,373 - INFO - Descriptions updated: 7
2026-04-01 13:00:37,373 - INFO - Verified facilities: 131
2026-04-01 13:00:37,373 - INFO - Unverified facilities: 356
2026-04-01 13:00:37,374 - INFO - Log saved to: logs/api_scraper_20260401_130011.log
2026-04-01 13:00:37,527 - INFO - Exported 1797 jobs to jobs.csv
