2026-02-19 12:44:20,836 - INFO - Starting API job scraper
2026-02-19 12:44:20,836 - INFO - Loaded 853 master facilities
2026-02-19 12:44:20,836 - INFO - Fetching jobs from API...
2026-02-19 12:44:26,104 - INFO - Total jobs found: 500
2026-02-19 12:44:26,188 - INFO - New job: Corrections Oversight Worker - Northpoint Training Center - 636938 [VERIFIED: Northpoint Training Center]
2026-02-19 12:44:26,215 - INFO - New job: Food Service Worker - Lucas County Jail - 637045 [UNVERIFIED: Lucas County Jail]
2026-02-19 12:44:26,252 - INFO - New job: Driver I - USG - USCS - TENNESSEE - TRICOR - 637075 [UNVERIFIED: USG - USCS - TENNESSEE - TRICOR]
2026-02-19 12:44:26,282 - INFO - New job: Franklin County Jail Food Service Supervisor - Benton County Sheriff WA - 637093 [UNVERIFIED: Benton County Sheriff WA]
2026-02-19 12:44:26,312 - INFO - New job: Franklin County Jail Food Service Worker - Benton County Sheriff WA - 637324 [UNVERIFIED: Benton County Sheriff WA]
2026-02-19 12:44:26,341 - INFO - New job: Corrections Oversight Worker - San Joaquin County - 637335 [UNVERIFIED: San Joaquin County]
2026-02-19 12:44:26,369 - INFO - New job: Food Service Worker - San Joaquin County - 637387 [UNVERIFIED: San Joaquin County]
2026-02-19 12:44:26,370 - INFO - New job: Food Service Manager - 637408 [No facility found]
2026-02-19 12:44:26,408 - INFO - New job: Commissary Worker - Santa Clara County Commissary - 637414 [UNVERIFIED: Santa Clara County Commissary]
2026-02-19 12:44:36,475 - INFO - Added 9 new jobs
2026-02-19 12:44:36,475 - INFO - Fetching descriptions for 9 new jobs...
2026-02-19 12:44:37,801 - INFO - Updated description for 636938
2026-02-19 12:44:39,553 - INFO - Updated description for 637045
2026-02-19 12:44:41,164 - INFO - Updated description for 637075
2026-02-19 12:44:42,866 - INFO - Updated description for 637093
2026-02-19 12:44:44,634 - INFO - Updated description for 637324
2026-02-19 12:44:46,352 - INFO - Updated description for 637335
2026-02-19 12:44:47,994 - INFO - Updated description for 637387
2026-02-19 12:44:49,633 - INFO - Updated description for 637408
2026-02-19 12:44:51,344 - INFO - Updated description for 637414
2026-02-19 12:44:51,853 - INFO - 
=== SUMMARY ===
2026-02-19 12:44:51,853 - INFO - Total jobs in database: 1416
2026-02-19 12:44:51,853 - INFO - New jobs added: 9
2026-02-19 12:44:51,853 - INFO - Descriptions updated: 9
2026-02-19 12:44:51,853 - INFO - Verified facilities: 124
2026-02-19 12:44:51,853 - INFO - Unverified facilities: 331
2026-02-19 12:44:51,853 - INFO - Log saved to: logs/api_scraper_20260219_124420.log
2026-02-19 12:44:51,972 - INFO - Exported 1416 jobs to jobs.csv
