2026-04-08 13:03:56,677 - INFO - Starting API job scraper
2026-04-08 13:03:56,678 - INFO - Loaded 853 master facilities
2026-04-08 13:03:56,678 - INFO - Fetching jobs from API...
2026-04-08 13:03:58,866 - INFO - Total jobs found: 500
2026-04-08 13:03:58,867 - INFO - New job: Food Service Site Manager - 645938 [No facility found]
2026-04-08 13:03:58,867 - INFO - New job: Food Service Manager - 646395 [No facility found]
2026-04-08 13:03:58,923 - INFO - New job: Corrections Oversight Worker - Taylor - CI/Annex - (218/224) - 646406 [UNVERIFIED: Taylor - CI/Annex]
2026-04-08 13:03:58,944 - INFO - New job: Corrections Oversight Worker - Walton - CI - (108) - 646409 [UNVERIFIED: Walton - CI]
2026-04-08 13:03:58,979 - INFO - New job: Commissary Worker - USG - USCS - KENTUCKY - 646427 [UNVERIFIED: USG - USCS - KENTUCKY]
2026-04-08 13:03:59,021 - INFO - New job: Corrections Oversight Worker - Community Transitional Services, KY - 646432 [UNVERIFIED: Community Transitional Services, KY]
2026-04-08 13:03:59,053 - INFO - New job: Commissary Worker - USG - USCS - KENTUCKY - 646456 [UNVERIFIED: USG - USCS - KENTUCKY]
2026-04-08 13:03:59,102 - INFO - New job: General Utility Worker - Baltimore County Department of Corrections - 646469 [UNVERIFIED: Baltimore County Department of Corrections]
2026-04-08 13:03:59,103 - INFO - New job: Food Service Worker - 646539 [No facility found]
2026-04-08 13:03:59,103 - INFO - New job: Food Service Worker - 646542 [No facility found]
2026-04-08 13:03:59,158 - INFO - New job: Corrections Oversight Worker - North Central Regional Jail and Correctional Facility - 646131 [VERIFIED: Northeast Regional Correctional Facility]
2026-04-08 13:04:10,184 - INFO - Added 11 new jobs
2026-04-08 13:04:10,185 - INFO - Fetching descriptions for 11 new jobs...
2026-04-08 13:04:11,287 - INFO - Updated description for 645938
2026-04-08 13:04:12,856 - INFO - Updated description for 646395
2026-04-08 13:04:14,509 - INFO - Updated description for 646406
2026-04-08 13:04:16,140 - INFO - Updated description for 646409
2026-04-08 13:04:17,968 - INFO - Updated description for 646427
2026-04-08 13:04:19,594 - INFO - Updated description for 646432
2026-04-08 13:04:21,157 - INFO - Updated description for 646456
2026-04-08 13:04:22,809 - INFO - Updated description for 646469
2026-04-08 13:04:24,431 - INFO - Updated description for 646539
2026-04-08 13:04:25,979 - INFO - Updated description for 646542
2026-04-08 13:04:27,583 - INFO - Updated description for 646131
2026-04-08 13:04:28,090 - INFO - 
=== SUMMARY ===
2026-04-08 13:04:28,090 - INFO - Total jobs in database: 1851
2026-04-08 13:04:28,090 - INFO - New jobs added: 11
2026-04-08 13:04:28,090 - INFO - Descriptions updated: 11
2026-04-08 13:04:28,090 - INFO - Verified facilities: 131
2026-04-08 13:04:28,090 - INFO - Unverified facilities: 357
2026-04-08 13:04:28,090 - INFO - Log saved to: logs/api_scraper_20260408_130356.log
2026-04-08 13:04:28,243 - INFO - Exported 1851 jobs to jobs.csv
