2026-05-27 14:58:40,382 - INFO - Starting API job scraper
2026-05-27 14:58:40,382 - INFO - Loaded 853 master facilities
2026-05-27 14:58:40,382 - INFO - Fetching jobs from API...
2026-05-27 14:58:46,880 - INFO - Total jobs found: 500
2026-05-27 14:58:46,923 - INFO - New job: Corrections Oversight Worker - Hollywood - CRC - (446) - 654873 [UNVERIFIED: Hollywood - CRC]
2026-05-27 14:58:46,954 - INFO - New job: Corrections Oversight Worker - Tipton Correctional Center - 654874 [VERIFIED: Tipton Correctional Center]
2026-05-27 14:58:46,966 - INFO - New job: Corrections Oversight Worker - SFRC - (402) - 654876 [UNVERIFIED: SFRC]
2026-05-27 14:58:46,987 - INFO - New job: Corrections Oversight Worker - SFRC - South - (403) - 654877 [UNVERIFIED: SFRC - South]
2026-05-27 14:58:46,988 - INFO - New job: Food Service Manager - 654310 [No facility found]
2026-05-27 14:58:47,032 - INFO - New job: Commissary Worker - USG - USCS OPERATIONS OVERHEAD - 653019 [UNVERIFIED: USG - USCS OPERATIONS OVERHEAD]
2026-05-27 14:58:47,076 - INFO - New job: Commissary Worker - USG - USCS OPERATIONS OVERHEAD - 653022 [UNVERIFIED: USG - USCS OPERATIONS OVERHEAD]
2026-05-27 14:58:47,099 - INFO - New job: Retail Sales Worker Lead - Butler County - 654748 [UNVERIFIED: Butler County]
2026-05-27 14:58:47,130 - INFO - New job: Food Service Worker Lead - Columbia - CI/Annex - (201/251) - 654813 [UNVERIFIED: Columbia - CI/Annex]
2026-05-27 14:58:58,172 - INFO - Added 9 new jobs
2026-05-27 14:58:58,172 - INFO - Fetching descriptions for 9 new jobs...
2026-05-27 14:58:59,348 - INFO - Updated description for 654873
2026-05-27 14:59:00,987 - INFO - Updated description for 654874
2026-05-27 14:59:02,584 - INFO - Updated description for 654876
2026-05-27 14:59:04,189 - INFO - Updated description for 654877
2026-05-27 14:59:05,919 - INFO - Updated description for 654310
2026-05-27 14:59:07,762 - INFO - Updated description for 653019
2026-05-27 14:59:09,365 - INFO - Updated description for 653022
2026-05-27 14:59:11,037 - INFO - Updated description for 654748
2026-05-27 14:59:12,673 - INFO - Updated description for 654813
2026-05-27 14:59:13,182 - INFO - 
=== SUMMARY ===
2026-05-27 14:59:13,182 - INFO - Total jobs in database: 2289
2026-05-27 14:59:13,182 - INFO - New jobs added: 9
2026-05-27 14:59:13,182 - INFO - Descriptions updated: 9
2026-05-27 14:59:13,182 - INFO - Verified facilities: 139
2026-05-27 14:59:13,182 - INFO - Unverified facilities: 384
2026-05-27 14:59:13,182 - INFO - Log saved to: logs/api_scraper_20260527_145840.log
2026-05-27 14:59:13,385 - INFO - Exported 2289 jobs to jobs.csv
