2026-02-03 12:40:31,898 - INFO - Starting API job scraper
2026-02-03 12:40:31,899 - INFO - Loaded 853 master facilities
2026-02-03 12:40:31,899 - INFO - Fetching jobs from API...
2026-02-03 12:40:37,101 - INFO - Total jobs found: 500
2026-02-03 12:40:37,150 - INFO - New job: Corrections Oversight Worker - Richland Correctional Institution - 633300 [VERIFIED: Richland Correctional Institution]
2026-02-03 12:40:37,184 - INFO - New job: Food Prep Worker Lead - Riverside Regional Jail - 633347 [VERIFIED: Riverview Correctional Facility]
2026-02-03 12:40:37,224 - INFO - New job: Retail Sales Worker Lead - Mansfield Correctional Institution - 633364 [VERIFIED: Mansfield Correctional Institution]
2026-02-03 12:40:37,225 - INFO - New job: Food Service Manager - 633366 [No facility found]
2026-02-03 12:40:37,276 - INFO - New job: Corrections Oversight Worker - Central Regional Jail and Correctional Facility - 633369 [VERIFIED: Central Arizona Correctional Facility[3]]
2026-02-03 12:40:37,313 - INFO - New job: Laundry Worker - Erie County Care Facility - 633372 [VERIFIED: Otero County Prison Facility]
2026-02-03 12:40:37,313 - INFO - New job: Food Service Manager - 633407 [No facility found]
2026-02-03 12:40:37,340 - INFO - New job: Corrections Oversight Worker - Dodge County Jail - 633460 [UNVERIFIED: Dodge County Jail]
2026-02-03 12:40:37,367 - INFO - New job: Commissary Worker - Dodge County Jail - 633463 [UNVERIFIED: Dodge County Jail]
2026-02-03 12:40:37,421 - INFO - New job: Administrative Assistant - Debra K. Johnson Rehabilitation Center - 633467 [VERIFIED: Debra K. Johnson Rehabilitation Center]
2026-02-03 12:40:37,422 - INFO - New job: Food Service Worker - 633491 [No facility found]
2026-02-03 12:40:37,463 - INFO - New job: Commissary Worker - Santa Barbara County Commissary - 633502 [UNVERIFIED: Santa Barbara County Commissary]
2026-02-03 12:40:37,493 - INFO - New job: Cook 1 - Madera County D.O.C. - 633523 [UNVERIFIED: Madera County D.O.C.]
2026-02-03 12:40:37,532 - INFO - New job: Commissary Worker - Santa Rosa SRCJF Commissary - 633526 [UNVERIFIED: Santa Rosa SRCJF Commissary]
2026-02-03 12:40:37,551 - INFO - New job: Corrections Oversight Worker - Union - CI - (213) - 633531 [UNVERIFIED: Union - CI]
2026-02-03 12:40:37,590 - INFO - New job: Commissary Worker - El Paso County Commissary (TX) - 633538 [UNVERIFIED: El Paso County Commissary (TX)]
2026-02-03 12:40:37,590 - INFO - New job: Food Service Worker - 633541 [No facility found]
2026-02-03 12:40:37,590 - INFO - New job: Food Service Supervisor - 633562 [No facility found]
2026-02-03 12:40:46,663 - INFO - Added 18 new jobs
2026-02-03 12:40:46,663 - INFO - Fetching descriptions for 18 new jobs...
2026-02-03 12:40:47,817 - INFO - Updated description for 633300
2026-02-03 12:40:49,410 - INFO - Updated description for 633347
2026-02-03 12:40:51,088 - INFO - Updated description for 633364
2026-02-03 12:40:52,765 - INFO - Updated description for 633366
2026-02-03 12:40:54,525 - INFO - Updated description for 633369
2026-02-03 12:40:56,052 - INFO - Updated description for 633372
2026-02-03 12:40:57,607 - INFO - Updated description for 633407
2026-02-03 12:40:59,134 - INFO - Updated description for 633460
2026-02-03 12:41:00,653 - INFO - Updated description for 633463
2026-02-03 12:41:02,332 - INFO - Updated description for 633467
2026-02-03 12:41:03,924 - INFO - Updated description for 633491
2026-02-03 12:41:05,507 - INFO - Updated description for 633502
2026-02-03 12:41:07,171 - INFO - Updated description for 633523
2026-02-03 12:41:08,806 - INFO - Updated description for 633526
2026-02-03 12:41:10,451 - INFO - Updated description for 633531
2026-02-03 12:41:11,992 - INFO - Updated description for 633538
2026-02-03 12:41:13,559 - INFO - Updated description for 633541
2026-02-03 12:41:15,145 - INFO - Updated description for 633562
2026-02-03 12:41:15,653 - INFO - 
=== SUMMARY ===
2026-02-03 12:41:15,653 - INFO - Total jobs in database: 1274
2026-02-03 12:41:15,653 - INFO - New jobs added: 18
2026-02-03 12:41:15,653 - INFO - Descriptions updated: 18
2026-02-03 12:41:15,653 - INFO - Verified facilities: 119
2026-02-03 12:41:15,653 - INFO - Unverified facilities: 314
2026-02-03 12:41:15,653 - INFO - Log saved to: logs/api_scraper_20260203_124031.log
2026-02-03 12:41:15,758 - INFO - Exported 1274 jobs to jobs.csv
