2026-04-15 13:05:49,685 - INFO - Starting API job scraper
2026-04-15 13:05:49,685 - INFO - Loaded 853 master facilities
2026-04-15 13:05:49,685 - INFO - Fetching jobs from API...
2026-04-15 13:05:56,917 - INFO - Total jobs found: 500
2026-04-15 13:05:56,952 - INFO - New job: Corrections Oversight Worker - Boulder County Jail - 647677 [UNVERIFIED: Boulder County Jail]
2026-04-15 13:05:56,982 - INFO - New job: Food Service Worker - Racine County Juvenile - 647730 [UNVERIFIED: Racine County Juvenile]
2026-04-15 13:05:57,013 - INFO - New job: Food Service Worker - Winnebago County Jail WI - 647733 [UNVERIFIED: Winnebago County Jail WI]
2026-04-15 13:05:57,014 - INFO - New job: Culinary Director - 647764 [No facility found]
2026-04-15 13:05:57,045 - INFO - New job: Corrections Inmate Worker - Essex County Correctional (MA) - 647789 [VERIFIED: Bledsoe County Correctional Complex]
2026-04-15 13:05:57,077 - INFO - New job: Food Service Worker - Boonville Correctional Center - 647807 [VERIFIED: Boonville Correctional Center]
2026-04-15 13:05:57,112 - INFO - New job: Food Service Supervisor - Mike Durfee State Prison - 647899 [VERIFIED: Mike Durfee State Prison]
2026-04-15 13:05:57,147 - INFO - New job: Food Service Supervisor - South Dakota Women's Prison - 647900 [VERIFIED: South Dakota Women's Prison]
2026-04-15 13:06:07,673 - INFO - Added 8 new jobs
2026-04-15 13:06:07,673 - INFO - Fetching descriptions for 8 new jobs...
2026-04-15 13:06:08,691 - INFO - Updated description for 647677
2026-04-15 13:06:10,189 - INFO - Updated description for 647730
2026-04-15 13:06:11,826 - INFO - Updated description for 647733
2026-04-15 13:06:13,359 - INFO - Updated description for 647764
2026-04-15 13:06:14,860 - INFO - Updated description for 647789
2026-04-15 13:06:16,404 - INFO - Updated description for 647807
2026-04-15 13:06:17,967 - INFO - Updated description for 647899
2026-04-15 13:06:19,558 - INFO - Updated description for 647900
2026-04-15 13:06:20,066 - INFO - 
=== SUMMARY ===
2026-04-15 13:06:20,066 - INFO - Total jobs in database: 1923
2026-04-15 13:06:20,066 - INFO - New jobs added: 8
2026-04-15 13:06:20,066 - INFO - Descriptions updated: 8
2026-04-15 13:06:20,066 - INFO - Verified facilities: 131
2026-04-15 13:06:20,066 - INFO - Unverified facilities: 362
2026-04-15 13:06:20,066 - INFO - Log saved to: logs/api_scraper_20260415_130549.log
2026-04-15 13:06:20,224 - INFO - Exported 1923 jobs to jobs.csv
