2026-01-23 12:31:17,987 - INFO - Starting API job scraper
2026-01-23 12:31:17,988 - INFO - Loaded 853 master facilities
2026-01-23 12:31:17,988 - INFO - Fetching jobs from API...
2026-01-23 12:31:21,911 - INFO - Total jobs found: 500
2026-01-23 12:31:22,037 - INFO - New job: Food Service Worker Lead - Hamilton County Jail - 631140 [UNVERIFIED: Hamilton County Jail]
2026-01-23 12:31:22,079 - INFO - New job: Driver II - San Francisco City Commissary - 631146 [UNVERIFIED: San Francisco City Commissary]
2026-01-23 12:31:22,113 - INFO - New job: Corrections Oversight Worker - Morris Correctional Facility - 631220 [VERIFIED: Oaks Correctional Facility]
2026-01-23 12:31:22,114 - INFO - New job: Administrative Support Worker - 631276 [No facility found]
2026-01-23 12:31:22,147 - INFO - New job: Corrections Oversight Worker - Alvis 180 Chillicothe - 631294 [UNVERIFIED: Alvis 180 Chillicothe]
2026-01-23 12:31:22,184 - INFO - New job: Corrections Oversight Worker - St Clair County Jail (MI) - 631368 [UNVERIFIED: St Clair County Jail (MI)]
2026-01-23 12:31:22,184 - INFO - New job: Commissary Supervisor - 631461 [No facility found]
2026-01-23 12:31:31,288 - INFO - Added 7 new jobs
2026-01-23 12:31:31,288 - INFO - Fetching descriptions for 7 new jobs...
2026-01-23 12:31:32,476 - INFO - Updated description for 631140
2026-01-23 12:31:34,178 - INFO - Updated description for 631146
2026-01-23 12:31:35,807 - INFO - Updated description for 631220
2026-01-23 12:31:37,483 - INFO - Updated description for 631276
2026-01-23 12:31:39,134 - INFO - Updated description for 631294
2026-01-23 12:31:40,811 - INFO - Updated description for 631368
2026-01-23 12:31:42,441 - INFO - Updated description for 631461
2026-01-23 12:31:42,948 - INFO - 
=== SUMMARY ===
2026-01-23 12:31:42,948 - INFO - Total jobs in database: 1182
2026-01-23 12:31:42,948 - INFO - New jobs added: 7
2026-01-23 12:31:42,948 - INFO - Descriptions updated: 7
2026-01-23 12:31:42,948 - INFO - Verified facilities: 118
2026-01-23 12:31:42,948 - INFO - Unverified facilities: 306
2026-01-23 12:31:42,948 - INFO - Log saved to: logs/api_scraper_20260123_123117.log
2026-01-23 12:31:43,046 - INFO - Exported 1182 jobs to jobs.csv
