2026-04-22 13:07:57,051 - INFO - Starting API job scraper
2026-04-22 13:07:57,051 - INFO - Loaded 853 master facilities
2026-04-22 13:07:57,051 - INFO - Fetching jobs from API...
2026-04-22 13:08:00,460 - INFO - Total jobs found: 500
2026-04-22 13:08:00,508 - INFO - New job: Commissary Supervisor - San Bernardino Commissary - 649052 [UNVERIFIED: San Bernardino Commissary]
2026-04-22 13:08:00,549 - INFO - New job: Commissary Worker - Delaware County (PA) - Commissary - 649055 [UNVERIFIED: Delaware County (PA) - Commissary]
2026-04-22 13:08:00,586 - INFO - New job: Commissary Worker - San Bernardino Commissary - 649057 [UNVERIFIED: San Bernardino Commissary]
2026-04-22 13:08:00,623 - INFO - New job: Commissary Worker - San Bernardino Commissary - 649069 [UNVERIFIED: San Bernardino Commissary]
2026-04-22 13:08:00,658 - INFO - New job: Corrections Oversight Worker - Kegan State Jail TDCJ - 649073 [VERIFIED: Joe Kegans State Jail]
2026-04-22 13:08:00,692 - INFO - New job: Corrections Oversight Worker - Harris County Sheriff Food - 649076 [UNVERIFIED: Harris County Sheriff Food]
2026-04-22 13:08:00,693 - INFO - New job: Food Service Manager - 649078 [No facility found]
2026-04-22 13:08:00,717 - INFO - New job: Corrections Oversight Worker - ASPC - Douglas - 649089 [UNVERIFIED: ASPC - Douglas]
2026-04-22 13:08:00,747 - INFO - New job: Retail Sales Worker Lead - Seminole County Jail - 648792 [UNVERIFIED: Seminole County Jail]
2026-04-22 13:08:00,808 - INFO - New job: Food Service Worker - Boulder County Alternative Sentencing Facility - 648857 [UNVERIFIED: Boulder County Alternative Sentencing Facility]
2026-04-22 13:08:00,839 - INFO - New job: Corrections Oversight Worker - Northern Regional Jail - 648876 [VERIFIED: Northern Correctional Facility]
2026-04-22 13:08:00,840 - INFO - New job: Chef Manager - 647806 [No facility found]
2026-04-22 13:08:00,840 - INFO - New job: Commissary Director - 648937 [No facility found]
2026-04-22 13:08:00,879 - INFO - New job: Corrections Oversight Worker - Oriana House - Cleveland - 648939 [UNVERIFIED: Oriana House - Cleveland]
2026-04-22 13:08:00,907 - INFO - New job: Corrections Oversight Worker - Kenosha County Jail - 648944 [UNVERIFIED: Kenosha County Jail]
2026-04-22 13:08:00,927 - INFO - New job: Corrections Oversight Worker - VOA Dayton - 648952 [UNVERIFIED: VOA Dayton]
2026-04-22 13:08:00,927 - INFO - New job: Commissary Manager - 648954 [No facility found]
2026-04-22 13:08:00,927 - INFO - New job: Food Service Manager - 648957 [No facility found]
2026-04-22 13:08:00,964 - INFO - New job: Commissary Worker - Westchester County Commissary - 648963 [UNVERIFIED: Westchester County Commissary]
2026-04-22 13:08:00,964 - INFO - New job: Food Service Manager - 648998 [No facility found]
2026-04-22 13:08:00,964 - INFO - New job: Food Service Director - 649002 [No facility found]
2026-04-22 13:08:12,342 - INFO - Added 21 new jobs
2026-04-22 13:08:12,343 - INFO - Fetching descriptions for 21 new jobs...
2026-04-22 13:08:13,622 - INFO - Updated description for 649052
2026-04-22 13:08:15,171 - INFO - Updated description for 649055
2026-04-22 13:08:16,889 - INFO - Updated description for 649057
2026-04-22 13:08:18,507 - INFO - Updated description for 649069
2026-04-22 13:08:20,231 - INFO - Updated description for 649073
2026-04-22 13:08:22,025 - INFO - Updated description for 649076
2026-04-22 13:08:23,755 - INFO - Updated description for 649078
2026-04-22 13:08:25,373 - INFO - Updated description for 649089
2026-04-22 13:08:26,989 - INFO - Updated description for 648792
2026-04-22 13:08:28,686 - INFO - Updated description for 648857
2026-04-22 13:08:30,279 - INFO - Updated description for 648876
2026-04-22 13:08:31,890 - INFO - Updated description for 647806
2026-04-22 13:08:33,482 - INFO - Updated description for 648937
2026-04-22 13:08:35,041 - INFO - Updated description for 648939
2026-04-22 13:08:36,627 - INFO - Updated description for 648944
2026-04-22 13:08:38,180 - INFO - Updated description for 648952
2026-04-22 13:08:39,843 - INFO - Updated description for 648954
2026-04-22 13:08:41,648 - INFO - Updated description for 648957
2026-04-22 13:08:43,253 - INFO - Updated description for 648963
2026-04-22 13:08:44,924 - INFO - Updated description for 648998
2026-04-22 13:08:46,575 - INFO - Updated description for 649002
2026-04-22 13:08:47,083 - INFO - 
=== SUMMARY ===
2026-04-22 13:08:47,083 - INFO - Total jobs in database: 1986
2026-04-22 13:08:47,083 - INFO - New jobs added: 21
2026-04-22 13:08:47,083 - INFO - Descriptions updated: 21
2026-04-22 13:08:47,084 - INFO - Verified facilities: 133
2026-04-22 13:08:47,084 - INFO - Unverified facilities: 365
2026-04-22 13:08:47,084 - INFO - Log saved to: logs/api_scraper_20260422_130757.log
2026-04-22 13:08:47,260 - INFO - Exported 1986 jobs to jobs.csv
