2026-02-21 12:30:10,395 - INFO - Starting API job scraper
2026-02-21 12:30:10,395 - INFO - Loaded 853 master facilities
2026-02-21 12:30:10,395 - INFO - Fetching jobs from API...
2026-02-21 12:30:13,463 - INFO - Total jobs found: 500
2026-02-21 12:30:13,523 - INFO - New job: Corrections Oversight Worker - Rockville Correctional Facility - 635951 [VERIFIED: Rockville Correctional Facility]
2026-02-21 12:30:13,565 - INFO - New job: Commissary Worker - Santa Clara County Commissary - 637358 [UNVERIFIED: Santa Clara County Commissary]
2026-02-21 12:30:13,603 - INFO - New job: Commissary Worker - Santa Cruz County Commissary - 637688 [UNVERIFIED: Santa Cruz County Commissary]
2026-02-21 12:30:13,643 - INFO - New job: Commissary Worker - Iredell County Commissary - 637722 [UNVERIFIED: Iredell County Commissary]
2026-02-21 12:30:13,643 - INFO - New job: Food Service Manager - 637742 [No facility found]
2026-02-21 12:30:13,669 - INFO - New job: Food Service Worker - Butler County - 637760 [UNVERIFIED: Butler County]
2026-02-21 12:30:13,707 - INFO - New job: Commissary Worker - Jackson County Commissary (MS) - 637769 [UNVERIFIED: Jackson County Commissary (MS)]
2026-02-21 12:30:13,743 - INFO - New job: Corrections Oversight Worker - Tri-County Regional Jail - 637775 [UNVERIFIED: Tri-County Regional Jail]
2026-02-21 12:30:13,743 - INFO - New job: Food Service Director - 637794 [No facility found]
2026-02-21 12:30:13,778 - INFO - New job: Corrections Oversight Worker - Bell County Forestry Camp - 637806 [VERIFIED: Bell County Forestry Camp]
2026-02-21 12:30:13,803 - INFO - New job: Food Service Worker Lead - Butler County - 637818 [UNVERIFIED: Butler County]
2026-02-21 12:30:13,844 - INFO - New job: Food Service Supervisor - Rapid City Community Work Center - 637829 [VERIFIED: Rapid City Minimum Center]
2026-02-21 12:30:13,898 - INFO - New job: Corrections Oversight Worker - Fulton Reception and Diagnostic Center - 637830 [VERIFIED: Fulton Reception and Diagnostic Center]
2026-02-21 12:30:13,935 - INFO - New job: Food Service Supervisor - Mike Durfee State Prison - 637832 [VERIFIED: Mike Durfee State Prison]
2026-02-21 12:30:13,991 - INFO - New job: Food Service Supervisor - South Dakota State Penitentiary (Sioux Falls) - 637835 [VERIFIED: South Dakota State Penitentiary]
2026-02-21 12:30:14,019 - INFO - New job: Corrections Oversight Worker - Clark County Jail - 637888 [UNVERIFIED: Clark County Jail]
2026-02-21 12:30:14,053 - INFO - New job: Corrections Oversight Worker - Correctional Industrial Facility - 637889 [VERIFIED: Correctional Industrial Facility]
2026-02-21 12:30:14,097 - INFO - New job: Corrections Oversight Worker - Clinton County Correctional Facility - PA - 637904 [VERIFIED: Bent County Correctional Facility]
2026-02-21 12:30:14,126 - INFO - New job: Food Service Worker Lead - Mayo - CI/Annex - (223) - 637909 [UNVERIFIED: Mayo - CI/Annex]
2026-02-21 12:30:24,395 - INFO - Added 19 new jobs
2026-02-21 12:30:24,395 - INFO - Fetching descriptions for 19 new jobs...
2026-02-21 12:30:25,574 - INFO - Updated description for 635951
2026-02-21 12:30:27,228 - INFO - Updated description for 637358
2026-02-21 12:30:28,971 - INFO - Updated description for 637688
2026-02-21 12:30:30,605 - INFO - Updated description for 637722
2026-02-21 12:30:32,312 - INFO - Updated description for 637742
2026-02-21 12:30:34,007 - INFO - Updated description for 637760
2026-02-21 12:30:35,640 - INFO - Updated description for 637769
2026-02-21 12:30:37,299 - INFO - Updated description for 637775
2026-02-21 12:30:39,287 - INFO - Updated description for 637794
2026-02-21 12:30:40,978 - INFO - Updated description for 637806
2026-02-21 12:30:42,694 - INFO - Updated description for 637818
2026-02-21 12:30:44,306 - INFO - Updated description for 637829
2026-02-21 12:30:45,957 - INFO - Updated description for 637830
2026-02-21 12:30:47,609 - INFO - Updated description for 637832
2026-02-21 12:30:49,240 - INFO - Updated description for 637835
2026-02-21 12:30:51,800 - INFO - Updated description for 637888
2026-02-21 12:30:53,538 - INFO - Updated description for 637889
2026-02-21 12:30:55,197 - INFO - Updated description for 637904
2026-02-21 12:30:56,845 - INFO - Updated description for 637909
2026-02-21 12:30:57,351 - INFO - 
=== SUMMARY ===
2026-02-21 12:30:57,351 - INFO - Total jobs in database: 1445
2026-02-21 12:30:57,351 - INFO - New jobs added: 19
2026-02-21 12:30:57,351 - INFO - Descriptions updated: 19
2026-02-21 12:30:57,351 - INFO - Verified facilities: 128
2026-02-21 12:30:57,352 - INFO - Unverified facilities: 332
2026-02-21 12:30:57,352 - INFO - Log saved to: logs/api_scraper_20260221_123010.log
2026-02-21 12:30:57,472 - INFO - Exported 1445 jobs to jobs.csv
