2026-03-29 12:37:11,881 - INFO - Starting API job scraper
2026-03-29 12:37:11,882 - INFO - Loaded 853 master facilities
2026-03-29 12:37:11,882 - INFO - Fetching jobs from API...
2026-03-29 12:37:16,448 - INFO - Total jobs found: 500
2026-03-29 12:37:16,493 - INFO - New job: Commissary Worker - Martin County Commissary - 643433 [UNVERIFIED: Martin County Commissary]
2026-03-29 12:37:16,528 - INFO - New job: Corrections Oversight Worker - Clinton County Sheriff IA - 644554 [UNVERIFIED: Clinton County Sheriff IA]
2026-03-29 12:37:16,550 - INFO - New job: Food Service Supervisor - ASPC - Eyman - 644688 [UNVERIFIED: ASPC - Eyman]
2026-03-29 12:37:16,575 - INFO - New job: Corrections Oversight Worker - Lansing Correctional - 644701 [VERIFIED: Lansing Correctional Facility]
2026-03-29 12:37:16,616 - INFO - New job: Corrections Oversight Worker - Eastern Kentucky Correctional Complex - 644761 [VERIFIED: Eastern Kentucky Correctional Complex]
2026-03-29 12:37:16,644 - INFO - New job: Corrections Oversight Worker - VOA Mansfield - 644772 [UNVERIFIED: VOA Mansfield]
2026-03-29 12:37:16,671 - INFO - New job: Corrections Oversight Worker - Preble County Jail - 644793 [UNVERIFIED: Preble County Jail]
2026-03-29 12:37:16,700 - INFO - New job: Lead Cook - Iredell County Jail - 644813 [UNVERIFIED: Iredell County Jail]
2026-03-29 12:37:16,735 - INFO - New job: Corrections Oversight Worker - Lackawanna County Prison - 642210 [UNVERIFIED: Lackawanna County Prison]
2026-03-29 12:37:27,939 - INFO - Added 9 new jobs
2026-03-29 12:37:27,939 - INFO - Fetching descriptions for 9 new jobs...
2026-03-29 12:37:29,071 - INFO - Updated description for 643433
2026-03-29 12:37:30,730 - INFO - Updated description for 644554
2026-03-29 12:37:32,400 - INFO - Updated description for 644688
2026-03-29 12:37:34,063 - INFO - Updated description for 644701
2026-03-29 12:37:35,906 - INFO - Updated description for 644761
2026-03-29 12:37:37,759 - INFO - Updated description for 644772
2026-03-29 12:37:39,360 - INFO - Updated description for 644793
2026-03-29 12:37:40,967 - INFO - Updated description for 644813
2026-03-29 12:37:42,644 - INFO - Updated description for 642210
2026-03-29 12:37:43,153 - INFO - 
=== SUMMARY ===
2026-03-29 12:37:43,153 - INFO - Total jobs in database: 1770
2026-03-29 12:37:43,154 - INFO - New jobs added: 9
2026-03-29 12:37:43,154 - INFO - Descriptions updated: 9
2026-03-29 12:37:43,154 - INFO - Verified facilities: 131
2026-03-29 12:37:43,154 - INFO - Unverified facilities: 355
2026-03-29 12:37:43,154 - INFO - Log saved to: logs/api_scraper_20260329_123711.log
2026-03-29 12:37:43,299 - INFO - Exported 1770 jobs to jobs.csv
